Archive member included to satisfy reference by file (symbol)

/home/herman/Desktop/nRF52840/SDK15.3/external/nrf_cc310/lib/cortex-m4/hard-float/libnrf_cc310_0.9.12.a(crys_hash.c.obj)
                              _build/nrf52840_xxaa/cc310_backend_hash.c.o (CRYS_HASH_Init)
/home/herman/Desktop/nRF52840/SDK15.3/external/nrf_cc310/lib/cortex-m4/hard-float/libnrf_cc310_0.9.12.a(crys_rnd.c.obj)
                              _build/nrf52840_xxaa/cc310_backend_rng.c.o (CRYS_RndInit)
/home/herman/Desktop/nRF52840/SDK15.3/external/nrf_cc310/lib/cortex-m4/hard-float/libnrf_cc310_0.9.12.a(hash_driver.c.obj)
                              /home/herman/Desktop/nRF52840/SDK15.3/external/nrf_cc310/lib/cortex-m4/hard-float/libnrf_cc310_0.9.12.a(crys_hash.c.obj) (InitHash)
/home/herman/Desktop/nRF52840/SDK15.3/external/nrf_cc310/lib/cortex-m4/hard-float/libnrf_cc310_0.9.12.a(crys_ecpki_build_priv.c.obj)
                              _build/nrf52840_xxaa/cc310_backend_ecc.c.o (CRYS_ECPKI_BuildPrivKey)
/home/herman/Desktop/nRF52840/SDK15.3/external/nrf_cc310/lib/cortex-m4/hard-float/libnrf_cc310_0.9.12.a(llf_rnd.c.obj)
                              /home/herman/Desktop/nRF52840/SDK15.3/external/nrf_cc310/lib/cortex-m4/hard-float/libnrf_cc310_0.9.12.a(crys_rnd.c.obj) (LLF_RND_RndCprngt)
/home/herman/Desktop/nRF52840/SDK15.3/external/nrf_cc310/lib/cortex-m4/hard-float/libnrf_cc310_0.9.12.a(crys_aesccm.c.obj)
                              _build/nrf52840_xxaa/cc310_backend_aes_aead.c.o (CC_AESCCM_Init)
/home/herman/Desktop/nRF52840/SDK15.3/external/nrf_cc310/lib/cortex-m4/hard-float/libnrf_cc310_0.9.12.a(crys_common_math.c.obj)
                              /home/herman/Desktop/nRF52840/SDK15.3/external/nrf_cc310/lib/cortex-m4/hard-float/libnrf_cc310_0.9.12.a(crys_rnd.c.obj) (CRYS_COMMON_CmpLsbUnsignedCounters)
/home/herman/Desktop/nRF52840/SDK15.3/external/nrf_cc310/lib/cortex-m4/hard-float/libnrf_cc310_0.9.12.a(crys_hmac.c.obj)
                              _build/nrf52840_xxaa/cc310_backend_hmac.c.o (CRYS_HMAC_Init)
/home/herman/Desktop/nRF52840/SDK15.3/external/nrf_cc310/lib/cortex-m4/hard-float/libnrf_cc310_0.9.12.a(sw_llf_hash_sha512.c.obj)
                              /home/herman/Desktop/nRF52840/SDK15.3/external/nrf_cc310/lib/cortex-m4/hard-float/libnrf_cc310_0.9.12.a(crys_hash.c.obj) (InitSwHash512)
/home/herman/Desktop/nRF52840/SDK15.3/external/nrf_cc310/lib/cortex-m4/hard-float/libnrf_cc310_0.9.12.a(ssi_aes.c.obj)
                              _build/nrf52840_xxaa/cc310_backend_aes.c.o (SaSi_AesInit)
/home/herman/Desktop/nRF52840/SDK15.3/external/nrf_cc310/lib/cortex-m4/hard-float/libnrf_cc310_0.9.12.a(aesccm_driver.c.obj)
                              /home/herman/Desktop/nRF52840/SDK15.3/external/nrf_cc310/lib/cortex-m4/hard-float/libnrf_cc310_0.9.12.a(crys_aesccm.c.obj) (ProcessAesCcmAdata)
/home/herman/Desktop/nRF52840/SDK15.3/external/nrf_cc310/lib/cortex-m4/hard-float/libnrf_cc310_0.9.12.a(crys_chacha_poly.c.obj)
                              _build/nrf52840_xxaa/cc310_backend_chacha_poly_aead.c.o (CRYS_CHACHA_POLY)
/home/herman/Desktop/nRF52840/SDK15.3/external/nrf_cc310/lib/cortex-m4/hard-float/libnrf_cc310_0.9.12.a(poly.c.obj)
                              /home/herman/Desktop/nRF52840/SDK15.3/external/nrf_cc310/lib/cortex-m4/hard-float/libnrf_cc310_0.9.12.a(crys_chacha_poly.c.obj) (PolyMacCalc)
/home/herman/Desktop/nRF52840/SDK15.3/external/nrf_cc310/lib/cortex-m4/hard-float/libnrf_cc310_0.9.12.a(llf_rnd_fetrng.c.obj)
                              /home/herman/Desktop/nRF52840/SDK15.3/external/nrf_cc310/lib/cortex-m4/hard-float/libnrf_cc310_0.9.12.a(crys_rnd.c.obj) (LLF_RND_GetTrngSource)
/home/herman/Desktop/nRF52840/SDK15.3/external/nrf_cc310/lib/cortex-m4/hard-float/libnrf_cc310_0.9.12.a(crys_ecpki_build_publ.c.obj)
                              _build/nrf52840_xxaa/cc310_backend_ecc.c.o (_DX_ECPKI_BuildPublKey)
/home/herman/Desktop/nRF52840/SDK15.3/external/nrf_cc310/lib/cortex-m4/hard-float/libnrf_cc310_0.9.12.a(crys_ecdsa_verify.c.obj)
                              _build/nrf52840_xxaa/cc310_backend_ecdsa.c.o (CRYS_ECDSA_Verify)
/home/herman/Desktop/nRF52840/SDK15.3/external/nrf_cc310/lib/cortex-m4/hard-float/libnrf_cc310_0.9.12.a(crys_ecdsa_sign.c.obj)
                              _build/nrf52840_xxaa/cc310_backend_ecdsa.c.o (CRYS_ECDSA_Sign)
/home/herman/Desktop/nRF52840/SDK15.3/external/nrf_cc310/lib/cortex-m4/hard-float/libnrf_cc310_0.9.12.a(crys_ecpki_kg.c.obj)
                              _build/nrf52840_xxaa/cc310_backend_ecc.c.o (CRYS_ECPKI_GenKeyPair)
/home/herman/Desktop/nRF52840/SDK15.3/external/nrf_cc310/lib/cortex-m4/hard-float/libnrf_cc310_0.9.12.a(crys_ecdh.c.obj)
                              _build/nrf52840_xxaa/cc310_backend_ecdh.c.o (CRYS_ECDH_SVDP_DH)
/home/herman/Desktop/nRF52840/SDK15.3/external/nrf_cc310/lib/cortex-m4/hard-float/libnrf_cc310_0.9.12.a(crys_ec_mont.c.obj)
                              _build/nrf52840_xxaa/cc310_backend_ecdh.c.o (CRYS_ECMONT_Scalarmult)
[...]
Memory Configuration

Name             Origin             Length             Attributes
FLASH            0x0000000000026000 0x00000000000da000 xr
RAM              0x0000000020002b88 0x000000000003d478 xrw
*default*        0x0000000000000000 0xffffffffffffffff

Linker script and memory map


.text           0x0000000000026000    0x120fc
 *(.isr_vector)
 .isr_vector    0x0000000000026000      0x200 _build/nrf52840_xxaa/gcc_startup_nrf52840.S.o
                0x0000000000026000                __isr_vector
 *(.text*)
 .text          0x0000000000026200       0x40 /opt/gccarm/bin/../lib/gcc/arm-none-eabi/8.2.1/thumb/v7e-m+fp/hard/crtbegin.o
 .text          0x0000000000026240       0x74 /opt/gccarm/bin/../lib/gcc/arm-none-eabi/8.2.1/../../../../arm-none-eabi/lib/thumb/v7e-m+fp/hard/crt0.o
                0x0000000000026240                _mainCRTStartup
                0x0000000000026240                _start
 .text          0x00000000000262b4       0x3c _build/nrf52840_xxaa/gcc_startup_nrf52840.S.o
                0x00000000000262b4                Reset_Handler
                0x00000000000262dc                NMI_Handler
                0x00000000000262de                HardFault_Handler
                0x00000000000262e0                MemoryManagement_Handler
                0x00000000000262e2                BusFault_Handler
                0x00000000000262e4                UsageFault_Handler
                0x00000000000262e6                SVC_Handler
                0x00000000000262e8                DebugMon_Handler
                0x00000000000262ea                PendSV_Handler
                0x00000000000262ec                SysTick_Handler
                0x00000000000262ee                TIMER2_IRQHandler
                0x00000000000262ee                RTC0_IRQHandler
                0x00000000000262ee                PWM1_IRQHandler
                0x00000000000262ee                RADIO_IRQHandler
                0x00000000000262ee                PDM_IRQHandler
                0x00000000000262ee                TEMP_IRQHandler
                0x00000000000262ee                QDEC_IRQHandler
                0x00000000000262ee                TIMER3_IRQHandler
                0x00000000000262ee                PWM3_IRQHandler
                0x00000000000262ee                FPU_IRQHandler
                0x00000000000262ee                USBD_IRQHandler
                0x00000000000262ee                SPIM0_SPIS0_TWIM0_TWIS0_SPI0_TWI0_IRQHandler
                0x00000000000262ee                TIMER4_IRQHandler
                0x00000000000262ee                I2S_IRQHandler
                0x00000000000262ee                SWI4_EGU4_IRQHandler
                0x00000000000262ee                TIMER0_IRQHandler
                0x00000000000262ee                UARTE1_IRQHandler
                0x00000000000262ee                TIMER1_IRQHandler
                0x00000000000262ee                SPIM3_IRQHandler
                0x00000000000262ee                PWM2_IRQHandler
                0x00000000000262ee                ECB_IRQHandler
                0x00000000000262ee                SPIM1_SPIS1_TWIM1_TWIS1_SPI1_TWI1_IRQHandler
                0x00000000000262ee                Default_Handler
                0x00000000000262ee                SAADC_IRQHandler
                0x00000000000262ee                CCM_AAR_IRQHandler
                0x00000000000262ee                WDT_IRQHandler
                0x00000000000262ee                SWI5_EGU5_IRQHandler
                0x00000000000262ee                RNG_IRQHandler
                0x00000000000262ee                PWM0_IRQHandler
                0x00000000000262ee                SWI1_EGU1_IRQHandler
                0x00000000000262ee                SPIM2_SPIS2_SPI2_IRQHandler
                0x00000000000262ee                NFCT_IRQHandler
                0x00000000000262ee                MWU_IRQHandler
                0x00000000000262ee                QSPI_IRQHandler
                0x00000000000262ee                COMP_LPCOMP_IRQHandler
 .text.nrf_802154_ack_pending_bit_init
                0x00000000000262f0       0x24 _build/nrf52840_xxaa/nrf_802154_ack_pending_bit.c.o
                0x00000000000262f0                nrf_802154_ack_pending_bit_init
 .text.nrf_802154_ack_pending_bit_should_be_set
                0x0000000000026314      0x104 _build/nrf52840_xxaa/nrf_802154_ack_pending_bit.c.o
                0x0000000000026314                nrf_802154_ack_pending_bit_should_be_set
 .text.cc310_backend_enable
                0x0000000000026418       0x28 _build/nrf52840_xxaa/cc310_backend_shared.c.o
                0x0000000000026418                cc310_backend_enable
 .text.cc310_backend_disable
                0x0000000000026440       0x28 _build/nrf52840_xxaa/cc310_backend_shared.c.o
                0x0000000000026440                cc310_backend_disable
 .text.nrf_log_backend_rtt_flush
                0x0000000000026468        0x4 _build/nrf52840_xxaa/nrf_log_backend_rtt.c.o
 .text.nrf_log_backend_rtt_put
                0x000000000002646c       0x20 _build/nrf52840_xxaa/nrf_log_backend_rtt.c.o
 .text.serial_tx
                0x000000000002648c       0x54 _build/nrf52840_xxaa/nrf_log_backend_rtt.c.o
 .text.nrf_log_backend_rtt_panic_set
                0x00000000000264e0        0x4 _build/nrf52840_xxaa/nrf_log_backend_rtt.c.o
 .text.nrf_802154_clock_init
                0x00000000000264e4        0x4 _build/nrf52840_xxaa/nrf_802154_clock_sdk.c.o
                0x00000000000264e4                nrf_802154_clock_init
 .text.nrf_802154_clock_hfclk_start
                0x00000000000264e8        0xc _build/nrf52840_xxaa/nrf_802154_clock_sdk.c.o
                0x00000000000264e8                nrf_802154_clock_hfclk_start
 .text.nrf_802154_clock_hfclk_stop
                0x00000000000264f4        0x4 _build/nrf52840_xxaa/nrf_802154_clock_sdk.c.o
                0x00000000000264f4                nrf_802154_clock_hfclk_stop
 .text.nrf_802154_clock_hfclk_is_running
                0x00000000000264f8        0x4 _build/nrf52840_xxaa/nrf_802154_clock_sdk.c.o
                0x00000000000264f8                nrf_802154_clock_hfclk_is_running
 .text.nrf_802154_clock_lfclk_start
                0x00000000000264fc        0xc _build/nrf52840_xxaa/nrf_802154_clock_sdk.c.o
                0x00000000000264fc                nrf_802154_clock_lfclk_start
 .text.clock_handler
                0x0000000000026508       0x18 _build/nrf52840_xxaa/nrf_802154_clock_sdk.c.o
 .text.cca_configuration_update
                0x0000000000026520       0x88 _build/nrf52840_xxaa/nrf_802154_core.c.o
 .text.channel_set.part.9
                0x00000000000265a8       0x1c _build/nrf52840_xxaa/nrf_802154_core.c.o
 .text.rx_restart
                0x00000000000265c4       0xa0 _build/nrf52840_xxaa/nrf_802154_core.c.o
 .text.cca_init
                0x0000000000026664       0xd4 _build/nrf52840_xxaa/nrf_802154_core.c.o
 .text.ed_init  0x0000000000026738       0xec _build/nrf52840_xxaa/nrf_802154_core.c.o
 .text.rx_init.part.12
                0x0000000000026824      0x1a0 _build/nrf52840_xxaa/nrf_802154_core.c.o
 .text.irq_phyend_state_tx_frame
                0x00000000000269c4      0x24c _build/nrf52840_xxaa/nrf_802154_core.c.o
 .text.tx_init  0x0000000000026c10      0x1e8 _build/nrf52840_xxaa/nrf_802154_core.c.o
 .text.irq_phyend_state_tx_ack
                0x0000000000026df8      0x178 _build/nrf52840_xxaa/nrf_802154_core.c.o
 .text.current_operation_terminate.part.16
                0x0000000000026f70      0x420 _build/nrf52840_xxaa/nrf_802154_core.c.o
 .text.current_operation_terminate
                0x0000000000027390      0x40c _build/nrf52840_xxaa/nrf_802154_core.c.o
 .text.nrf_802154_rsch_crit_sect_prio_changed
                0x000000000002779c      0x3b4 _build/nrf52840_xxaa/nrf_802154_core.c.o
                0x000000000002779c                nrf_802154_rsch_crit_sect_prio_changed
 .text.nrf_802154_core_init
                0x0000000000027b50       0x44 _build/nrf52840_xxaa/nrf_802154_core.c.o
                0x0000000000027b50                nrf_802154_core_init
 .text.nrf_802154_core_sleep
                0x0000000000027b94       0xc8 _build/nrf52840_xxaa/nrf_802154_core.c.o
                0x0000000000027b94                nrf_802154_core_sleep
 .text.nrf_802154_core_receive
                0x0000000000027c5c       0x80 _build/nrf52840_xxaa/nrf_802154_core.c.o
                0x0000000000027c5c                nrf_802154_core_receive
 .text.nrf_802154_core_transmit
                0x0000000000027cdc       0x98 _build/nrf52840_xxaa/nrf_802154_core.c.o
                0x0000000000027cdc                nrf_802154_core_transmit
 .text.nrf_802154_core_energy_detection
                0x0000000000027d74       0x78 _build/nrf52840_xxaa/nrf_802154_core.c.o
                0x0000000000027d74                nrf_802154_core_energy_detection
 .text.nrf_802154_core_cca
                0x0000000000027dec       0x64 _build/nrf52840_xxaa/nrf_802154_core.c.o
                0x0000000000027dec                nrf_802154_core_cca
 .text.nrf_802154_core_continuous_carrier
                0x0000000000027e50       0xdc _build/nrf52840_xxaa/nrf_802154_core.c.o
                0x0000000000027e50                nrf_802154_core_continuous_carrier
 .text.nrf_802154_core_notify_buffer_free
                0x0000000000027f2c       0xe0 _build/nrf52840_xxaa/nrf_802154_core.c.o
                0x0000000000027f2c                nrf_802154_core_notify_buffer_free
 .text.nrf_802154_core_channel_update
                0x000000000002800c       0xd4 _build/nrf52840_xxaa/nrf_802154_core.c.o
                0x000000000002800c                nrf_802154_core_channel_update
 .text.nrf_802154_core_cca_cfg_update
                0x00000000000280e0       0x38 _build/nrf52840_xxaa/nrf_802154_core.c.o
                0x00000000000280e0                nrf_802154_core_cca_cfg_update
 .text.nrf_802154_core_irq_handler
                0x0000000000028118      0xc0c _build/nrf52840_xxaa/nrf_802154_core.c.o
                0x0000000000028118                nrf_802154_core_irq_handler
 .text.sd_radio_session_open
                0x0000000000028d24        0x4 _build/nrf52840_xxaa/nrf_raal_softdevice.c.o
 .text.sd_radio_request
                0x0000000000028d28        0x4 _build/nrf52840_xxaa/nrf_raal_softdevice.c.o
 .text.sd_ble_opt_set
                0x0000000000028d2c        0x4 _build/nrf52840_xxaa/nrf_raal_softdevice.c.o
 .text.timer_irq_handle
                0x0000000000028d30      0x20c _build/nrf52840_xxaa/nrf_raal_softdevice.c.o
 .text.signal_handler
                0x0000000000028f3c      0x390 _build/nrf52840_xxaa/nrf_raal_softdevice.c.o
 .text.nrf_raal_init
                0x00000000000292cc       0xf4 _build/nrf52840_xxaa/nrf_raal_softdevice.c.o
                0x00000000000292cc                nrf_raal_init
 .text.nrf_raal_continuous_mode_enter
                0x00000000000293c0       0xb0 _build/nrf52840_xxaa/nrf_raal_softdevice.c.o
                0x00000000000293c0                nrf_raal_continuous_mode_enter
 .text.nrf_raal_continuous_mode_exit
                0x0000000000029470       0x9c _build/nrf52840_xxaa/nrf_raal_softdevice.c.o
                0x0000000000029470                nrf_raal_continuous_mode_exit
 .text.nrf_raal_continuous_ended
                0x000000000002950c        0x4 _build/nrf52840_xxaa/nrf_raal_softdevice.c.o
                0x000000000002950c                nrf_raal_continuous_ended
 .text.nrf_raal_timeslot_request
                0x0000000000029510       0xa0 _build/nrf52840_xxaa/nrf_raal_softdevice.c.o
                0x0000000000029510                nrf_raal_timeslot_request
 .text.nrf_raal_timeslot_us_left_get
                0x00000000000295b0       0x58 _build/nrf52840_xxaa/nrf_raal_softdevice.c.o
                0x00000000000295b0                nrf_raal_timeslot_us_left_get
 .text.nrf_log_backend_serial_put
                0x0000000000029608       0xd4 _build/nrf52840_xxaa/nrf_log_backend_serial.c.o
                0x0000000000029608                nrf_log_backend_serial_put
 .text.app_error_fault_handler
                0x00000000000296dc       0xe4 _build/nrf52840_xxaa/app_error_weak.c.o
                0x00000000000296dc                app_error_fault_handler
 .text.nrf_802154_imm_ack_generator_init
                0x00000000000297c0       0x28 _build/nrf52840_xxaa/nrf_802154_imm_ack_generator.c.o
                0x00000000000297c0                nrf_802154_imm_ack_generator_init
 .text.nrf_802154_imm_ack_generator_create
                0x00000000000297e8       0x20 _build/nrf52840_xxaa/nrf_802154_imm_ack_generator.c.o
                0x00000000000297e8                nrf_802154_imm_ack_generator_create
 .text.nrf_802154_revision_init
                0x0000000000029808        0x4 _build/nrf52840_xxaa/nrf_802154_revision.c.o
                0x0000000000029808                nrf_802154_revision_init
 .text.nrf_802154_revision_has_phyend_event
                0x000000000002980c        0x4 _build/nrf52840_xxaa/nrf_802154_revision.c.o
                0x000000000002980c                nrf_802154_revision_has_phyend_event
 .text.nrf_802154_rssi_sample_corrected_get
                0x0000000000029810       0x48 _build/nrf52840_xxaa/nrf_802154_rssi.c.o
                0x0000000000029810                nrf_802154_rssi_sample_corrected_get
 .text.nrf_802154_rssi_lqi_corrected_get
                0x0000000000029858       0x48 _build/nrf52840_xxaa/nrf_802154_rssi.c.o
                0x0000000000029858                nrf_802154_rssi_lqi_corrected_get
 .text.nrf_802154_rssi_ed_corrected_get
                0x00000000000298a0       0x48 _build/nrf52840_xxaa/nrf_802154_rssi.c.o
                0x00000000000298a0                nrf_802154_rssi_ed_corrected_get
 .text.nrf_802154_rssi_cca_ed_threshold_corrected_get
                0x00000000000298e8       0x48 _build/nrf52840_xxaa/nrf_802154_rssi.c.o
                0x00000000000298e8                nrf_802154_rssi_cca_ed_threshold_corrected_get
 .text.GPIOTE_IRQHandler
                0x0000000000029930      0x59c _build/nrf52840_xxaa/nrfx_gpiote.c.o
                0x0000000000029930                GPIOTE_IRQHandler
 .text.overflow_counter_get
                0x0000000000029ecc       0xd0 _build/nrf52840_xxaa/nrf_802154_lp_timer_nodrv.c.o
 .text.nrf_802154_lp_timer_init
                0x0000000000029f9c       0x90 _build/nrf52840_xxaa/nrf_802154_lp_timer_nodrv.c.o
                0x0000000000029f9c                nrf_802154_lp_timer_init
 .text.nrf_802154_lp_timer_critical_section_enter
                0x000000000002a02c       0x20 _build/nrf52840_xxaa/nrf_802154_lp_timer_nodrv.c.o
                0x000000000002a02c                nrf_802154_lp_timer_critical_section_enter
 .text.nrf_802154_lp_timer_critical_section_exit
                0x000000000002a04c       0x1c _build/nrf52840_xxaa/nrf_802154_lp_timer_nodrv.c.o
                0x000000000002a04c                nrf_802154_lp_timer_critical_section_exit
 .text.nrf_802154_lp_timer_time_get
                0x000000000002a068      0x10c _build/nrf52840_xxaa/nrf_802154_lp_timer_nodrv.c.o
                0x000000000002a068                nrf_802154_lp_timer_time_get
 .text.nrf_802154_lp_timer_granularity_get
                0x000000000002a174        0x4 _build/nrf52840_xxaa/nrf_802154_lp_timer_nodrv.c.o
                0x000000000002a174                nrf_802154_lp_timer_granularity_get
 .text.nrf_802154_lp_timer_start
                0x000000000002a178      0x270 _build/nrf52840_xxaa/nrf_802154_lp_timer_nodrv.c.o
                0x000000000002a178                nrf_802154_lp_timer_start
 .text.nrf_802154_lp_timer_stop
                0x000000000002a3e8       0x28 _build/nrf52840_xxaa/nrf_802154_lp_timer_nodrv.c.o
                0x000000000002a3e8                nrf_802154_lp_timer_stop
 .text.nrf_802154_lp_timer_sync_start_now
                0x000000000002a410      0x1a0 _build/nrf52840_xxaa/nrf_802154_lp_timer_nodrv.c.o
                0x000000000002a410                nrf_802154_lp_timer_sync_start_now
 .text.nrf_802154_lp_timer_sync_start_at
                0x000000000002a5b0      0x1cc _build/nrf52840_xxaa/nrf_802154_lp_timer_nodrv.c.o
                0x000000000002a5b0                nrf_802154_lp_timer_sync_start_at
 .text.nrf_802154_lp_timer_sync_stop
                0x000000000002a77c       0x28 _build/nrf52840_xxaa/nrf_802154_lp_timer_nodrv.c.o
                0x000000000002a77c                nrf_802154_lp_timer_sync_stop
 .text.nrf_802154_lp_timer_sync_event_get
                0x000000000002a7a4        0x8 _build/nrf52840_xxaa/nrf_802154_lp_timer_nodrv.c.o
                0x000000000002a7a4                nrf_802154_lp_timer_sync_event_get
 .text.nrf_802154_lp_timer_sync_time_get
                0x000000000002a7ac        0xc _build/nrf52840_xxaa/nrf_802154_lp_timer_nodrv.c.o
                0x000000000002a7ac                nrf_802154_lp_timer_sync_time_get
 .text.nrf_802154_clock_lfclk_ready
                0x000000000002a7b8        0xc _build/nrf52840_xxaa/nrf_802154_lp_timer_nodrv.c.o
                0x000000000002a7b8                nrf_802154_clock_lfclk_ready
 .text.RTC2_IRQHandler
                0x000000000002a7c4       0xd8 _build/nrf52840_xxaa/nrf_802154_lp_timer_nodrv.c.o
                0x000000000002a7c4                RTC2_IRQHandler
 .text.nrf_pwr_mgmt_init
                0x000000000002a89c       0x2c _build/nrf52840_xxaa/nrf_pwr_mgmt.c.o
                0x000000000002a89c                nrf_pwr_mgmt_init
 .text.app_fifo_init
                0x000000000002a8c8       0x20 _build/nrf52840_xxaa/app_fifo.c.o
                0x000000000002a8c8                app_fifo_init
 .text.app_fifo_put
                0x000000000002a8e8       0x30 _build/nrf52840_xxaa/app_fifo.c.o
                0x000000000002a8e8                app_fifo_put
 .text.app_fifo_get
                0x000000000002a918       0x2c _build/nrf52840_xxaa/app_fifo.c.o
                0x000000000002a918                app_fifo_get
 .text.nrf_802154_delayed_trx_abort
                0x000000000002a944       0x30 _build/nrf52840_xxaa/nrf_802154_delayed_trx.c.o
                0x000000000002a944                nrf_802154_delayed_trx_abort
 .text.nrf_802154_delayed_trx_rx_started_hook
                0x000000000002a974       0x3c _build/nrf52840_xxaa/nrf_802154_delayed_trx.c.o
                0x000000000002a974                nrf_802154_delayed_trx_rx_started_hook
 .text.nrf_802154_buffer_free_raw.part.0
                0x000000000002a9b0       0x1c _build/nrf52840_xxaa/nrf_802154.c.o
 .text.nrf_802154_channel_set
                0x000000000002a9cc       0x20 _build/nrf52840_xxaa/nrf_802154.c.o
                0x000000000002a9cc                nrf_802154_channel_set
 .text.nrf_802154_pan_id_set
                0x000000000002a9ec        0x4 _build/nrf52840_xxaa/nrf_802154.c.o
                0x000000000002a9ec                nrf_802154_pan_id_set
 .text.nrf_802154_extended_address_set
                0x000000000002a9f0        0x4 _build/nrf52840_xxaa/nrf_802154.c.o
                0x000000000002a9f0                nrf_802154_extended_address_set
 .text.nrf_802154_short_address_set
                0x000000000002a9f4        0x4 _build/nrf52840_xxaa/nrf_802154.c.o
                0x000000000002a9f4                nrf_802154_short_address_set
 .text.nrf_802154_init
                0x000000000002a9f8       0x4c _build/nrf52840_xxaa/nrf_802154.c.o
                0x000000000002a9f8                nrf_802154_init
 .text.nrf_802154_radio_irq_handler
                0x000000000002aa44        0x4 _build/nrf52840_xxaa/nrf_802154.c.o
                0x000000000002aa44                nrf_802154_radio_irq_handler
 .text.nrf_802154_sleep
                0x000000000002aa48        0x8 _build/nrf52840_xxaa/nrf_802154.c.o
                0x000000000002aa48                nrf_802154_sleep
 .text.nrf_802154_receive
                0x000000000002aa50        0xc _build/nrf52840_xxaa/nrf_802154.c.o
                0x000000000002aa50                nrf_802154_receive
 .text.nrf_802154_buffer_free_raw
                0x000000000002aa5c       0x30 _build/nrf52840_xxaa/nrf_802154.c.o
                0x000000000002aa5c                nrf_802154_buffer_free_raw
 .text.nrf_802154_promiscuous_set
                0x000000000002aa8c        0x4 _build/nrf52840_xxaa/nrf_802154.c.o
                0x000000000002aa8c                nrf_802154_promiscuous_set
 .text.nrf_802154_tx_ack_started
                0x000000000002aa90        0x4 _build/nrf52840_xxaa/nrf_802154.c.o
                0x000000000002aa90                nrf_802154_tx_ack_started
 .text.nrf_802154_received_raw
                0x000000000002aa94       0x38 _build/nrf52840_xxaa/nrf_802154.c.o
                0x000000000002aa94                nrf_802154_received_raw
 .text.nrf_802154_receive_failed
                0x000000000002aacc        0x4 _build/nrf52840_xxaa/nrf_802154.c.o
                0x000000000002aacc                nrf_802154_receive_failed
 .text.nrf_802154_tx_started
                0x000000000002aad0        0x4 _build/nrf52840_xxaa/nrf_802154.c.o
                0x000000000002aad0                nrf_802154_tx_started
 .text.nrf_802154_energy_detected
                0x000000000002aad4        0x4 _build/nrf52840_xxaa/nrf_802154.c.o
                0x000000000002aad4                nrf_802154_energy_detected
 .text.nrf_802154_energy_detection_failed
                0x000000000002aad8        0x4 _build/nrf52840_xxaa/nrf_802154.c.o
                0x000000000002aad8                nrf_802154_energy_detection_failed
 .text.nrf_802154_cca_done
                0x000000000002aadc        0x4 _build/nrf52840_xxaa/nrf_802154.c.o
                0x000000000002aadc                nrf_802154_cca_done
 .text.nrf_802154_cca_failed
                0x000000000002aae0        0x4 _build/nrf52840_xxaa/nrf_802154.c.o
                0x000000000002aae0                nrf_802154_cca_failed
 .text.SystemInit
                0x000000000002aae4      0x1c4 _build/nrf52840_xxaa/system_nrf52840.c.o
                0x000000000002aae4                SystemInit
 .text.sd_softdevice_enable
                0x000000000002aca8        0x4 _build/nrf52840_xxaa/nrf_sdh.c.o
 .text.sd_softdevice_disable
                0x000000000002acac        0x4 _build/nrf52840_xxaa/nrf_sdh.c.o
 .text.appsh_events_poll
                0x000000000002acb0       0x2c _build/nrf52840_xxaa/nrf_sdh.c.o
 .text.nrf_sdh_enable_request
                0x000000000002acdc      0x120 _build/nrf52840_xxaa/nrf_sdh.c.o
                0x000000000002acdc                nrf_sdh_enable_request
 .text.nrf_sdh_disable_request
                0x000000000002adfc       0xe4 _build/nrf52840_xxaa/nrf_sdh.c.o
                0x000000000002adfc                nrf_sdh_disable_request
 .text.nrf_sdh_request_continue
                0x000000000002aee0       0x20 _build/nrf52840_xxaa/nrf_sdh.c.o
                0x000000000002aee0                nrf_sdh_request_continue
 .text.nrf_sdh_is_enabled
                0x000000000002af00        0xc _build/nrf52840_xxaa/nrf_sdh.c.o
                0x000000000002af00                nrf_sdh_is_enabled
 .text.SWI2_EGU2_IRQHandler
                0x000000000002af0c       0x28 _build/nrf52840_xxaa/nrf_sdh.c.o
                0x000000000002af0c                SWI2_EGU2_IRQHandler
 .text.gc_record_find_next
                0x000000000002af34       0xf0 _build/nrf52840_xxaa/fds.c.o
 .text.record_find_by_desc
                0x000000000002b024       0xf0 _build/nrf52840_xxaa/fds.c.o
 .text.queue_process
                0x000000000002b114      0x894 _build/nrf52840_xxaa/fds.c.o
 .text.fs_event_handler
                0x000000000002b9a8        0x8 _build/nrf52840_xxaa/fds.c.o
 .text.nrf_section_iter_init
                0x000000000002b9b0       0x14 _build/nrf52840_xxaa/nrf_section_iter.c.o
                0x000000000002b9b0                nrf_section_iter_init
 .text.nrf_section_iter_next
                0x000000000002b9c4       0x18 _build/nrf52840_xxaa/nrf_section_iter.c.o
                0x000000000002b9c4                nrf_section_iter_next
 .text.nrf_memobj_alloc
                0x000000000002b9dc       0x98 _build/nrf52840_xxaa/nrf_memobj.c.o
                0x000000000002b9dc                nrf_memobj_alloc
 .text.nrf_memobj_get
                0x000000000002ba74        0x8 _build/nrf52840_xxaa/nrf_memobj.c.o
                0x000000000002ba74                nrf_memobj_get
 .text.nrf_memobj_put
                0x000000000002ba7c       0x58 _build/nrf52840_xxaa/nrf_memobj.c.o
                0x000000000002ba7c                nrf_memobj_put
 .text.nrf_memobj_write
                0x000000000002bad4       0x68 _build/nrf52840_xxaa/nrf_memobj.c.o
                0x000000000002bad4                nrf_memobj_write
 .text.nrf_memobj_read
                0x000000000002bb3c       0x68 _build/nrf52840_xxaa/nrf_memobj.c.o
                0x000000000002bb3c                nrf_memobj_read
 .text.assert_interrupt_status.part.0
                0x000000000002bba4       0x1c _build/nrf52840_xxaa/nrf_802154_request_swi.c.o
 .text.nrf_802154_request_init
                0x000000000002bbc0        0x4 _build/nrf52840_xxaa/nrf_802154_request_swi.c.o
                0x000000000002bbc0                nrf_802154_request_init
 .text.nrf_802154_request_sleep
                0x000000000002bbc4       0x40 _build/nrf52840_xxaa/nrf_802154_request_swi.c.o
                0x000000000002bbc4                nrf_802154_request_sleep
 .text.nrf_802154_request_receive
                0x000000000002bc04       0x5c _build/nrf52840_xxaa/nrf_802154_request_swi.c.o
                0x000000000002bc04                nrf_802154_request_receive
 .text.nrf_802154_request_transmit
                0x000000000002bc60       0x6c _build/nrf52840_xxaa/nrf_802154_request_swi.c.o
                0x000000000002bc60                nrf_802154_request_transmit
 .text.nrf_802154_request_buffer_free
                0x000000000002bccc       0x40 _build/nrf52840_xxaa/nrf_802154_request_swi.c.o
                0x000000000002bccc                nrf_802154_request_buffer_free
 .text.nrf_802154_request_channel_update
                0x000000000002bd0c       0x40 _build/nrf52840_xxaa/nrf_802154_request_swi.c.o
                0x000000000002bd0c                nrf_802154_request_channel_update
 .text.nrf_atflags_set
                0x000000000002bd4c       0x14 _build/nrf52840_xxaa/nrf_atflags.c.o
                0x000000000002bd4c                nrf_atflags_set
 .text.nrf_atflags_clear
                0x000000000002bd60       0x14 _build/nrf52840_xxaa/nrf_atflags.c.o
                0x000000000002bd60                nrf_atflags_clear
 .text.nrf_atflags_get
                0x000000000002bd74       0x14 _build/nrf52840_xxaa/nrf_atflags.c.o
                0x000000000002bd74                nrf_atflags_get
 .text.sd_flash_write
                0x000000000002bd88        0x4 _build/nrf52840_xxaa/nrf_fstorage_sd.c.o
 .text.sd_flash_page_erase
                0x000000000002bd8c        0x4 _build/nrf52840_xxaa/nrf_fstorage_sd.c.o
 .text.nrf_fstorage_sdh_req_handler
                0x000000000002bd90       0x14 _build/nrf52840_xxaa/nrf_fstorage_sd.c.o
                0x000000000002bd90                nrf_fstorage_sdh_req_handler
 .text.queue_process
                0x000000000002bda4      0x188 _build/nrf52840_xxaa/nrf_fstorage_sd.c.o
 .text.nrf_fstorage_sdh_state_handler
                0x000000000002bf2c       0x24 _build/nrf52840_xxaa/nrf_fstorage_sd.c.o
                0x000000000002bf2c                nrf_fstorage_sdh_state_handler
 .text.nrf_fstorage_sys_evt_handler
                0x000000000002bf50       0xe8 _build/nrf52840_xxaa/nrf_fstorage_sd.c.o
                0x000000000002bf50                nrf_fstorage_sys_evt_handler
 .text.nrfx_clock_init
                0x000000000002c038       0x18 _build/nrf52840_xxaa/nrfx_clock.c.o
                0x000000000002c038                nrfx_clock_init
 .text.nrfx_clock_enable
                0x000000000002c050       0x24 _build/nrf52840_xxaa/nrfx_clock.c.o
                0x000000000002c050                nrfx_clock_enable
 .text.nrfx_clock_lfclk_start
                0x000000000002c074       0x30 _build/nrf52840_xxaa/nrfx_clock.c.o
                0x000000000002c074                nrfx_clock_lfclk_start
 .text.nrfx_clock_lfclk_stop
                0x000000000002c0a4       0x18 _build/nrf52840_xxaa/nrfx_clock.c.o
                0x000000000002c0a4                nrfx_clock_lfclk_stop
 .text.nrfx_clock_hfclk_start
                0x000000000002c0bc       0x24 _build/nrf52840_xxaa/nrfx_clock.c.o
                0x000000000002c0bc                nrfx_clock_hfclk_start
 .text.nrfx_clock_hfclk_stop
                0x000000000002c0e0       0x28 _build/nrf52840_xxaa/nrfx_clock.c.o
                0x000000000002c0e0                nrfx_clock_hfclk_stop
 .text.POWER_CLOCK_IRQHandler
                0x000000000002c108       0x64 _build/nrf52840_xxaa/nrfx_clock.c.o
                0x000000000002c108                POWER_CLOCK_IRQHandler
 .text.UARTE0_UART0_IRQHandler
                0x000000000002c16c        0xc _build/nrf52840_xxaa/nrfx_prs.c.o
                0x000000000002c16c                UARTE0_UART0_IRQHandler
 .text.nrfx_prs_acquire
                0x000000000002c178       0x50 _build/nrf52840_xxaa/nrfx_prs.c.o
                0x000000000002c178                nrfx_prs_acquire
 .text.nrfx_prs_release
                0x000000000002c1c8       0x18 _build/nrf52840_xxaa/nrfx_prs.c.o
                0x000000000002c1c8                nrfx_prs_release
 .text.nrf_fstorage_write
                0x000000000002c1e0      0x13c _build/nrf52840_xxaa/nrf_fstorage.c.o
                0x000000000002c1e0                nrf_fstorage_write
 .text.nrf_fstorage_erase
                0x000000000002c31c       0xf4 _build/nrf52840_xxaa/nrf_fstorage.c.o
                0x000000000002c31c                nrf_fstorage_erase
 .text.result_get
                0x000000000002c410      0x174 _build/nrf52840_xxaa/cc310_backend_rng.c.o
 .text.nrf_crypto_rng_backend_init
                0x000000000002c584       0x58 _build/nrf52840_xxaa/cc310_backend_rng.c.o
                0x000000000002c584                nrf_crypto_rng_backend_init
 .text.nrf_log_backend_uart_flush
                0x000000000002c5dc        0x4 _build/nrf52840_xxaa/nrf_log_backend_uart.c.o
 .text.nrf_log_backend_uart_put
                0x000000000002c5e0       0x20 _build/nrf52840_xxaa/nrf_log_backend_uart.c.o
 .text.serial_tx
                0x000000000002c600       0x54 _build/nrf52840_xxaa/nrf_log_backend_uart.c.o
 .text.nrf_log_backend_uart_panic_set
                0x000000000002c654       0x6c _build/nrf52840_xxaa/nrf_log_backend_uart.c.o
 .text.app_error_handler
                0x000000000002c6c0       0x1c _build/nrf52840_xxaa/app_error_handler_gcc.c.o
                0x000000000002c6c0                app_error_handler
 .text.sd_clock_hfclk_request
                0x000000000002c6dc        0x4 _build/nrf52840_xxaa/nrf_drv_clock.c.o
 .text.sd_clock_hfclk_release
                0x000000000002c6e0        0x4 _build/nrf52840_xxaa/nrf_drv_clock.c.o
 .text.sd_clock_hfclk_is_running
                0x000000000002c6e4        0x4 _build/nrf52840_xxaa/nrf_drv_clock.c.o
 .text.clock_irq_handler
                0x000000000002c6e8       0x44 _build/nrf52840_xxaa/nrf_drv_clock.c.o
 .text.soc_evt_handler
                0x000000000002c72c       0x28 _build/nrf52840_xxaa/nrf_drv_clock.c.o
 .text.sd_state_evt_handler
                0x000000000002c754       0xa4 _build/nrf52840_xxaa/nrf_drv_clock.c.o
 .text.nrf_drv_clock_init
                0x000000000002c7f8       0x3c _build/nrf52840_xxaa/nrf_drv_clock.c.o
                0x000000000002c7f8                nrf_drv_clock_init
 .text.nrf_drv_clock_lfclk_request
                0x000000000002c834       0x70 _build/nrf52840_xxaa/nrf_drv_clock.c.o
                0x000000000002c834                nrf_drv_clock_lfclk_request
 .text.nrf_drv_clock_hfclk_request
                0x000000000002c8a4       0x7c _build/nrf52840_xxaa/nrf_drv_clock.c.o
                0x000000000002c8a4                nrf_drv_clock_hfclk_request
 .text.nrf_drv_clock_hfclk_release
                0x000000000002c920       0x5c _build/nrf52840_xxaa/nrf_drv_clock.c.o
                0x000000000002c920                nrf_drv_clock_hfclk_release
 .text.nrf_drv_clock_hfclk_is_running
                0x000000000002c97c       0x3c _build/nrf52840_xxaa/nrf_drv_clock.c.o
                0x000000000002c97c                nrf_drv_clock_hfclk_is_running
 .text.uart_event_handler
                0x000000000002c9b8      0x114 _build/nrf52840_xxaa/app_uart_fifo.c.o
 .text.app_uart_init
                0x000000000002cacc       0xf4 _build/nrf52840_xxaa/app_uart_fifo.c.o
                0x000000000002cacc                app_uart_init
 .text.app_uart_get
                0x000000000002cbc0       0x64 _build/nrf52840_xxaa/app_uart_fifo.c.o
                0x000000000002cbc0                app_uart_get
 .text.app_uart_put
                0x000000000002cc24       0x74 _build/nrf52840_xxaa/app_uart_fifo.c.o
                0x000000000002cc24                app_uart_put
 .text.unsigned_print
                0x000000000002cc98      0x158 _build/nrf52840_xxaa/nrf_fprintf_format.c.o
 .text.nrf_fprintf_fmt
                0x000000000002cdf0      0x73c _build/nrf52840_xxaa/nrf_fprintf_format.c.o
                0x000000000002cdf0                nrf_fprintf_fmt
 .text.nrfx_uarte_0_irq_handler
                0x000000000002d52c      0x124 _build/nrf52840_xxaa/nrfx_uarte.c.o
                0x000000000002d52c                nrfx_uarte_0_irq_handler
 .text.nrfx_uarte_init
                0x000000000002d650      0x204 _build/nrf52840_xxaa/nrfx_uarte.c.o
                0x000000000002d650                nrfx_uarte_init
 .text.nrfx_uarte_uninit
                0x000000000002d854      0x100 _build/nrf52840_xxaa/nrfx_uarte.c.o
                0x000000000002d854                nrfx_uarte_uninit
 .text.nrfx_uarte_tx
                0x000000000002d954       0xa4 _build/nrf52840_xxaa/nrfx_uarte.c.o
                0x000000000002d954                nrfx_uarte_tx
 .text.nrfx_uarte_tx_in_progress
                0x000000000002d9f8       0x1c _build/nrf52840_xxaa/nrfx_uarte.c.o
                0x000000000002d9f8                nrfx_uarte_tx_in_progress
 .text.nrfx_uarte_rx
                0x000000000002da14      0x12c _build/nrf52840_xxaa/nrfx_uarte.c.o
                0x000000000002da14                nrfx_uarte_rx
 .text.cc310_backend_uninit
                0x000000000002db40       0x28 _build/nrf52840_xxaa/cc310_backend_init.c.o
 .text.cc310_backend_init
                0x000000000002db68       0x34 _build/nrf52840_xxaa/cc310_backend_init.c.o
 .text.nrfx_uart_0_irq_handler
                0x000000000002db9c      0x1c0 _build/nrf52840_xxaa/nrfx_uart.c.o
                0x000000000002db9c                nrfx_uart_0_irq_handler
 .text.nrfx_uart_init
                0x000000000002dd5c      0x1e0 _build/nrf52840_xxaa/nrfx_uart.c.o
                0x000000000002dd5c                nrfx_uart_init
 .text.nrfx_uart_uninit
                0x000000000002df3c       0xfc _build/nrf52840_xxaa/nrfx_uart.c.o
                0x000000000002df3c                nrfx_uart_uninit
 .text.nrfx_uart_tx
                0x000000000002e038       0xcc _build/nrf52840_xxaa/nrfx_uart.c.o
                0x000000000002e038                nrfx_uart_tx
 .text.nrfx_uart_tx_in_progress
                0x000000000002e104       0x18 _build/nrf52840_xxaa/nrfx_uart.c.o
                0x000000000002e104                nrfx_uart_tx_in_progress
 .text.nrfx_uart_rx
                0x000000000002e11c      0x140 _build/nrf52840_xxaa/nrfx_uart.c.o
                0x000000000002e11c                nrfx_uart_rx
 .text.timer_remove
                0x000000000002e25c       0xe8 _build/nrf52840_xxaa/nrf_802154_timer_sched.c.o
 .text.nrf_802154_timer_sched_init
                0x000000000002e344       0x2c _build/nrf52840_xxaa/nrf_802154_timer_sched.c.o
                0x000000000002e344                nrf_802154_timer_sched_init
 .text.nrf_802154_timer_sched_time_get
                0x000000000002e370        0x4 _build/nrf52840_xxaa/nrf_802154_timer_sched.c.o
                0x000000000002e370                nrf_802154_timer_sched_time_get
 .text.nrf_802154_timer_sched_granularity_get
                0x000000000002e374        0x4 _build/nrf52840_xxaa/nrf_802154_timer_sched.c.o
                0x000000000002e374                nrf_802154_timer_sched_granularity_get
 .text.nrf_802154_timer_sched_time_is_in_future
                0x000000000002e378       0x10 _build/nrf52840_xxaa/nrf_802154_timer_sched.c.o
                0x000000000002e378                nrf_802154_timer_sched_time_is_in_future
 .text.nrf_802154_timer_sched_remaining_time_get
                0x000000000002e388       0x34 _build/nrf52840_xxaa/nrf_802154_timer_sched.c.o
                0x000000000002e388                nrf_802154_timer_sched_remaining_time_get
 .text.nrf_802154_timer_sched_add
                0x000000000002e3bc      0x1e8 _build/nrf52840_xxaa/nrf_802154_timer_sched.c.o
                0x000000000002e3bc                nrf_802154_timer_sched_add
 .text.nrf_802154_timer_sched_remove
                0x000000000002e5a4      0x14c _build/nrf52840_xxaa/nrf_802154_timer_sched.c.o
                0x000000000002e5a4                nrf_802154_timer_sched_remove
 .text.nrf_802154_timer_sched_is_running
                0x000000000002e6f0       0x4c _build/nrf52840_xxaa/nrf_802154_timer_sched.c.o
                0x000000000002e6f0                nrf_802154_timer_sched_is_running
 .text.nrf_802154_lp_timer_fired
                0x000000000002e73c       0xc8 _build/nrf52840_xxaa/nrf_802154_timer_sched.c.o
                0x000000000002e73c                nrf_802154_lp_timer_fired
 .text.prefix_process
                0x000000000002e804       0x80 _build/nrf52840_xxaa/nrf_log_str_formatter.c.o
 .text.nrf_log_std_entry_process
                0x000000000002e884       0xec _build/nrf52840_xxaa/nrf_log_str_formatter.c.o
                0x000000000002e884                nrf_log_std_entry_process
 .text.nrf_log_hexdump_entry_process
                0x000000000002e970       0xfc _build/nrf52840_xxaa/nrf_log_str_formatter.c.o
                0x000000000002e970                nrf_log_hexdump_entry_process
 .text.app_error_save_and_stop
                0x000000000002ea6c       0x60 _build/nrf52840_xxaa/app_error.c.o
                0x000000000002ea6c                app_error_save_and_stop
 .text.RTC1_IRQHandler
                0x000000000002eacc       0xa0 _build/nrf52840_xxaa/app_timer.c.o
                0x000000000002eacc                RTC1_IRQHandler
 .text.SWI0_EGU0_IRQHandler
                0x000000000002eb6c      0x3e4 _build/nrf52840_xxaa/app_timer.c.o
                0x000000000002eb6c                SWI0_EGU0_IRQHandler
 .text.app_timer_init
                0x000000000002ef50       0xa8 _build/nrf52840_xxaa/app_timer.c.o
                0x000000000002ef50                app_timer_init
 .text.app_timer_create
                0x000000000002eff8       0x24 _build/nrf52840_xxaa/app_timer.c.o
                0x000000000002eff8                app_timer_create
 .text.app_timer_start
                0x000000000002f01c       0xac _build/nrf52840_xxaa/app_timer.c.o
                0x000000000002f01c                app_timer_start
 .text.app_timer_stop
                0x000000000002f0c8       0x74 _build/nrf52840_xxaa/app_timer.c.o
                0x000000000002f0c8                app_timer_stop
 .text.uarte_evt_handler
                0x000000000002f13c       0x34 _build/nrf52840_xxaa/nrf_drv_uart.c.o
 .text.uart_evt_handler
                0x000000000002f170       0x34 _build/nrf52840_xxaa/nrf_drv_uart.c.o
 .text.nrf_drv_uart_init
                0x000000000002f1a4       0x88 _build/nrf52840_xxaa/nrf_drv_uart.c.o
                0x000000000002f1a4                nrf_drv_uart_init
 .text.nrf_802154_core_hooks_terminate
                0x000000000002f22c       0x2c _build/nrf52840_xxaa/nrf_802154_core_hooks.c.o
                0x000000000002f22c                nrf_802154_core_hooks_terminate
 .text.nrf_802154_core_hooks_transmitted
                0x000000000002f258        0x4 _build/nrf52840_xxaa/nrf_802154_core_hooks.c.o
                0x000000000002f258                nrf_802154_core_hooks_transmitted
 .text.nrf_802154_core_hooks_tx_failed
                0x000000000002f25c       0x2c _build/nrf52840_xxaa/nrf_802154_core_hooks.c.o
                0x000000000002f25c                nrf_802154_core_hooks_tx_failed
 .text.nrf_802154_core_hooks_tx_started
                0x000000000002f288       0x28 _build/nrf52840_xxaa/nrf_802154_core_hooks.c.o
                0x000000000002f288                nrf_802154_core_hooks_tx_started
 .text.nrf_802154_core_hooks_rx_started
                0x000000000002f2b0        0x4 _build/nrf52840_xxaa/nrf_802154_core_hooks.c.o
                0x000000000002f2b0                nrf_802154_core_hooks_rx_started
 .text.nrf_802154_core_hooks_rx_ack_started
                0x000000000002f2b4        0x4 _build/nrf52840_xxaa/nrf_802154_core_hooks.c.o
                0x000000000002f2b4                nrf_802154_core_hooks_rx_ack_started
 .text.nrf_802154_hp_timer_init
                0x000000000002f2b8        0x4 _build/nrf52840_xxaa/nrf_802154_hp_timer.c.o
                0x000000000002f2b8                nrf_802154_hp_timer_init
 .text.nrf_802154_hp_timer_start
                0x000000000002f2bc        0x4 _build/nrf52840_xxaa/nrf_802154_hp_timer.c.o
                0x000000000002f2bc                nrf_802154_hp_timer_start
 .text.nrf_802154_hp_timer_stop
                0x000000000002f2c0        0x4 _build/nrf52840_xxaa/nrf_802154_hp_timer.c.o
                0x000000000002f2c0                nrf_802154_hp_timer_stop
 .text.nrf_802154_hp_timer_sync_task_get
                0x000000000002f2c4        0x8 _build/nrf52840_xxaa/nrf_802154_hp_timer.c.o
                0x000000000002f2c4                nrf_802154_hp_timer_sync_task_get
 .text.nrf_802154_hp_timer_sync_prepare
                0x000000000002f2cc       0x24 _build/nrf52840_xxaa/nrf_802154_hp_timer.c.o
                0x000000000002f2cc                nrf_802154_hp_timer_sync_prepare
 .text.nrf_802154_hp_timer_sync_time_get
                0x000000000002f2f0       0x3c _build/nrf52840_xxaa/nrf_802154_hp_timer.c.o
                0x000000000002f2f0                nrf_802154_hp_timer_sync_time_get
 .text.nrf_802154_hp_timer_timestamp_task_get
                0x000000000002f32c        0x8 _build/nrf52840_xxaa/nrf_802154_hp_timer.c.o
                0x000000000002f32c                nrf_802154_hp_timer_timestamp_task_get
 .text.nrf_802154_hp_timer_timestamp_get
                0x000000000002f334        0xc _build/nrf52840_xxaa/nrf_802154_hp_timer.c.o
                0x000000000002f334                nrf_802154_hp_timer_timestamp_get
 .text.ble_evt_handler
                0x000000000002f340      0x12c _build/nrf52840_xxaa/ble_conn_state.c.o
 .text.nrf_802154_notification_init
                0x000000000002f46c        0x4 _build/nrf52840_xxaa/nrf_802154_notification_swi.c.o
                0x000000000002f46c                nrf_802154_notification_init
 .text.nrf_802154_notify_received
                0x000000000002f470        0x4 _build/nrf52840_xxaa/nrf_802154_notification_swi.c.o
                0x000000000002f470                nrf_802154_notify_received
 .text.nrf_802154_notify_receive_failed
                0x000000000002f474        0x4 _build/nrf52840_xxaa/nrf_802154_notification_swi.c.o
                0x000000000002f474                nrf_802154_notify_receive_failed
 .text.nrf_802154_notify_transmitted
                0x000000000002f478        0x4 _build/nrf52840_xxaa/nrf_802154_notification_swi.c.o
                0x000000000002f478                nrf_802154_notify_transmitted
 .text.nrf_802154_notify_transmit_failed
                0x000000000002f47c        0x4 _build/nrf52840_xxaa/nrf_802154_notification_swi.c.o
                0x000000000002f47c                nrf_802154_notify_transmit_failed
 .text.nrf_802154_notify_energy_detected
                0x000000000002f480        0x4 _build/nrf52840_xxaa/nrf_802154_notification_swi.c.o
                0x000000000002f480                nrf_802154_notify_energy_detected
 .text.nrf_802154_notify_energy_detection_failed
                0x000000000002f484        0x4 _build/nrf52840_xxaa/nrf_802154_notification_swi.c.o
                0x000000000002f484                nrf_802154_notify_energy_detection_failed
 .text.nrf_802154_notify_cca
                0x000000000002f488        0x4 _build/nrf52840_xxaa/nrf_802154_notification_swi.c.o
                0x000000000002f488                nrf_802154_notify_cca
 .text.nrf_802154_notify_cca_failed
                0x000000000002f48c        0x4 _build/nrf52840_xxaa/nrf_802154_notification_swi.c.o
                0x000000000002f48c                nrf_802154_notify_cca_failed
 .text.nrf_802154_rx_buffer_init
                0x000000000002f490       0x4c _build/nrf52840_xxaa/nrf_802154_rx_buffer.c.o
                0x000000000002f490                nrf_802154_rx_buffer_init
 .text.nrf_802154_rx_buffer_free_find
                0x000000000002f4dc       0xb0 _build/nrf52840_xxaa/nrf_802154_rx_buffer.c.o
                0x000000000002f4dc                nrf_802154_rx_buffer_free_find
 .text.nrf_802154_rsch_crit_sect_init
                0x000000000002f58c        0xc _build/nrf52840_xxaa/nrf_802154_rsch_crit_sect.c.o
                0x000000000002f58c                nrf_802154_rsch_crit_sect_init
 .text.nrf_802154_rsch_crit_sect_prio_request
                0x000000000002f598        0x4 _build/nrf52840_xxaa/nrf_802154_rsch_crit_sect.c.o
                0x000000000002f598                nrf_802154_rsch_crit_sect_prio_request
 .text.nrf_802154_rsch_continuous_prio_changed
                0x000000000002f59c       0x44 _build/nrf52840_xxaa/nrf_802154_rsch_crit_sect.c.o
                0x000000000002f59c                nrf_802154_rsch_continuous_prio_changed
 .text.nrf_802154_critical_section_rsch_enter
                0x000000000002f5e0        0x4 _build/nrf52840_xxaa/nrf_802154_rsch_crit_sect.c.o
                0x000000000002f5e0                nrf_802154_critical_section_rsch_enter
 .text.nrf_802154_critical_section_rsch_exit
                0x000000000002f5e4       0x20 _build/nrf52840_xxaa/nrf_802154_rsch_crit_sect.c.o
                0x000000000002f5e4                nrf_802154_critical_section_rsch_exit
 .text.nrf_802154_critical_section_rsch_event_is_pending
                0x000000000002f604       0x10 _build/nrf52840_xxaa/nrf_802154_rsch_crit_sect.c.o
                0x000000000002f604                nrf_802154_critical_section_rsch_event_is_pending
 .text.nrf_802154_pib_init
                0x000000000002f614       0x34 _build/nrf52840_xxaa/nrf_802154_pib.c.o
                0x000000000002f614                nrf_802154_pib_init
 .text.nrf_802154_pib_promiscuous_get
                0x000000000002f648       0x10 _build/nrf52840_xxaa/nrf_802154_pib.c.o
                0x000000000002f648                nrf_802154_pib_promiscuous_get
 .text.nrf_802154_pib_promiscuous_set
                0x000000000002f658       0x10 _build/nrf52840_xxaa/nrf_802154_pib.c.o
                0x000000000002f658                nrf_802154_pib_promiscuous_set
 .text.nrf_802154_pib_auto_ack_get
                0x000000000002f668       0x10 _build/nrf52840_xxaa/nrf_802154_pib.c.o
                0x000000000002f668                nrf_802154_pib_auto_ack_get
 .text.nrf_802154_pib_pan_coord_get
                0x000000000002f678       0x10 _build/nrf52840_xxaa/nrf_802154_pib.c.o
                0x000000000002f678                nrf_802154_pib_pan_coord_get
 .text.nrf_802154_pib_channel_get
                0x000000000002f688        0xc _build/nrf52840_xxaa/nrf_802154_pib.c.o
                0x000000000002f688                nrf_802154_pib_channel_get
 .text.nrf_802154_pib_channel_set
                0x000000000002f694       0x10 _build/nrf52840_xxaa/nrf_802154_pib.c.o
                0x000000000002f694                nrf_802154_pib_channel_set
 .text.nrf_802154_pib_tx_power_get
                0x000000000002f6a4        0xc _build/nrf52840_xxaa/nrf_802154_pib.c.o
                0x000000000002f6a4                nrf_802154_pib_tx_power_get
 .text.nrf_802154_pib_pan_id_get
                0x000000000002f6b0        0x8 _build/nrf52840_xxaa/nrf_802154_pib.c.o
                0x000000000002f6b0                nrf_802154_pib_pan_id_get
 .text.nrf_802154_pib_pan_id_set
                0x000000000002f6b8       0x10 _build/nrf52840_xxaa/nrf_802154_pib.c.o
                0x000000000002f6b8                nrf_802154_pib_pan_id_set
 .text.nrf_802154_pib_extended_address_get
                0x000000000002f6c8        0x8 _build/nrf52840_xxaa/nrf_802154_pib.c.o
                0x000000000002f6c8                nrf_802154_pib_extended_address_get
 .text.nrf_802154_pib_extended_address_set
                0x000000000002f6d0       0x10 _build/nrf52840_xxaa/nrf_802154_pib.c.o
                0x000000000002f6d0                nrf_802154_pib_extended_address_set
 .text.nrf_802154_pib_short_address_get
                0x000000000002f6e0        0x8 _build/nrf52840_xxaa/nrf_802154_pib.c.o
                0x000000000002f6e0                nrf_802154_pib_short_address_get
 .text.nrf_802154_pib_short_address_set
                0x000000000002f6e8       0x10 _build/nrf52840_xxaa/nrf_802154_pib.c.o
                0x000000000002f6e8                nrf_802154_pib_short_address_set
 .text.nrf_802154_pib_cca_cfg_get
                0x000000000002f6f8        0xc _build/nrf52840_xxaa/nrf_802154_pib.c.o
                0x000000000002f6f8                nrf_802154_pib_cca_cfg_get
 .text.nrf_802154_debug_init
                0x000000000002f704        0x4 _build/nrf52840_xxaa/nrf_802154_debug.c.o
                0x000000000002f704                nrf_802154_debug_init
 .text.nrf_atomic_u32_fetch_store
                0x000000000002f708       0x14 _build/nrf52840_xxaa/nrf_atomic.c.o
                0x000000000002f708                nrf_atomic_u32_fetch_store
 .text.nrf_atomic_u32_or
                0x000000000002f71c       0x18 _build/nrf52840_xxaa/nrf_atomic.c.o
                0x000000000002f71c                nrf_atomic_u32_or
 .text.nrf_atomic_u32_and
                0x000000000002f734       0x18 _build/nrf52840_xxaa/nrf_atomic.c.o
                0x000000000002f734                nrf_atomic_u32_and
 .text.nrf_atomic_u32_add
                0x000000000002f74c       0x18 _build/nrf52840_xxaa/nrf_atomic.c.o
                0x000000000002f74c                nrf_atomic_u32_add
 .text.nrf_atomic_u32_sub
                0x000000000002f764       0x18 _build/nrf52840_xxaa/nrf_atomic.c.o
                0x000000000002f764                nrf_atomic_u32_sub
 .text.nrf_atomic_flag_set
                0x000000000002f77c       0x18 _build/nrf52840_xxaa/nrf_atomic.c.o
                0x000000000002f77c                nrf_atomic_flag_set
 .text.nrf_atomic_flag_clear_fetch
                0x000000000002f794       0x18 _build/nrf52840_xxaa/nrf_atomic.c.o
                0x000000000002f794                nrf_atomic_flag_clear_fetch
 .text.nrf_crypto_is_initializing
                0x000000000002f7ac       0x20 _build/nrf52840_xxaa/nrf_crypto_init.c.o
                0x000000000002f7ac                nrf_crypto_is_initializing
 .text.ble_evt_handler
                0x000000000002f7cc      0x1ec _build/nrf52840_xxaa/ble_conn_params.c.o
 .text.prec_approved_prio_set.part.1
                0x000000000002f9b8       0x1c _build/nrf52840_xxaa/nrf_802154_rsch.c.o
 .text.nrf_802154_rsch_init
                0x000000000002f9d4       0x48 _build/nrf52840_xxaa/nrf_802154_rsch.c.o
                0x000000000002f9d4                nrf_802154_rsch_init
 .text.nrf_802154_rsch_continuous_mode_priority_set
                0x000000000002fa1c      0x194 _build/nrf52840_xxaa/nrf_802154_rsch.c.o
                0x000000000002fa1c                nrf_802154_rsch_continuous_mode_priority_set
 .text.nrf_802154_rsch_continuous_ended
                0x000000000002fbb0        0x4 _build/nrf52840_xxaa/nrf_802154_rsch.c.o
                0x000000000002fbb0                nrf_802154_rsch_continuous_ended
 .text.nrf_802154_rsch_timeslot_request
                0x000000000002fbb4        0x4 _build/nrf52840_xxaa/nrf_802154_rsch.c.o
                0x000000000002fbb4                nrf_802154_rsch_timeslot_request
 .text.nrf_802154_rsch_prec_is_approved
                0x000000000002fbb8       0x34 _build/nrf52840_xxaa/nrf_802154_rsch.c.o
                0x000000000002fbb8                nrf_802154_rsch_prec_is_approved
 .text.nrf_802154_rsch_timeslot_us_left_get
                0x000000000002fbec        0x4 _build/nrf52840_xxaa/nrf_802154_rsch.c.o
                0x000000000002fbec                nrf_802154_rsch_timeslot_us_left_get
 .text.nrf_raal_timeslot_started
                0x000000000002fbf0       0xb0 _build/nrf52840_xxaa/nrf_802154_rsch.c.o
                0x000000000002fbf0                nrf_raal_timeslot_started
 .text.nrf_raal_timeslot_ended
                0x000000000002fca0       0x98 _build/nrf52840_xxaa/nrf_802154_rsch.c.o
                0x000000000002fca0                nrf_raal_timeslot_ended
 .text.nrf_802154_clock_hfclk_ready
                0x000000000002fd38       0xa8 _build/nrf52840_xxaa/nrf_802154_rsch.c.o
                0x000000000002fd38                nrf_802154_clock_hfclk_ready
 .text.frame_transmit
                0x000000000002fde0       0xa4 _build/nrf52840_xxaa/nrf_802154_csma_ca.c.o
 .text.notify_busy_channel
                0x000000000002fe84       0x20 _build/nrf52840_xxaa/nrf_802154_csma_ca.c.o
 .text.nrf_802154_csma_ca_abort
                0x000000000002fea4       0x30 _build/nrf52840_xxaa/nrf_802154_csma_ca.c.o
                0x000000000002fea4                nrf_802154_csma_ca_abort
 .text.nrf_802154_csma_ca_tx_failed_hook
                0x000000000002fed4       0x88 _build/nrf52840_xxaa/nrf_802154_csma_ca.c.o
                0x000000000002fed4                nrf_802154_csma_ca_tx_failed_hook
 .text.nrf_802154_csma_ca_tx_started_hook
                0x000000000002ff5c       0x44 _build/nrf52840_xxaa/nrf_802154_csma_ca.c.o
                0x000000000002ff5c                nrf_802154_csma_ca_tx_started_hook
 .text.nrf_802154_ack_data_ie_get
                0x000000000002ffa0       0xd4 _build/nrf52840_xxaa/nrf_802154_ack_data.c.o
                0x000000000002ffa0                nrf_802154_ack_data_ie_get
 .text.sd_ble_enable
                0x0000000000030074        0x4 _build/nrf52840_xxaa/nrf_sdh_ble.c.o
 .text.sd_ble_cfg_set
                0x0000000000030078        0x4 _build/nrf52840_xxaa/nrf_sdh_ble.c.o
 .text.sd_ble_evt_get
                0x000000000003007c        0x4 _build/nrf52840_xxaa/nrf_sdh_ble.c.o
 .text.nrf_sdh_ble_evts_poll.part.1
                0x0000000000030080       0x5c _build/nrf52840_xxaa/nrf_sdh_ble.c.o
 .text.nrf_sdh_ble_evts_poll
                0x00000000000300dc       0x10 _build/nrf52840_xxaa/nrf_sdh_ble.c.o
 .text.nrf_sdh_ble_default_cfg_set
                0x00000000000300ec      0x1b8 _build/nrf52840_xxaa/nrf_sdh_ble.c.o
                0x00000000000300ec                nrf_sdh_ble_default_cfg_set
 .text.nrf_sdh_ble_enable
                0x00000000000302a4       0x9c _build/nrf52840_xxaa/nrf_sdh_ble.c.o
                0x00000000000302a4                nrf_sdh_ble_enable
 .text.bsp_board_led_invert
                0x0000000000030340       0x34 _build/nrf52840_xxaa/boards.c.o
                0x0000000000030340                bsp_board_led_invert
 .text.bsp_board_init
                0x0000000000030374       0x5c _build/nrf52840_xxaa/boards.c.o
                0x0000000000030374                bsp_board_init
 .text.nrf_802154_filter_frame_part
                0x00000000000303d0      0x1a0 _build/nrf52840_xxaa/nrf_802154_filter.c.o
                0x00000000000303d0                nrf_802154_filter_frame_part
 .text.nrf_log_module_name_get
                0x0000000000030570       0x58 _build/nrf52840_xxaa/nrf_log_frontend.c.o
                0x0000000000030570                nrf_log_module_name_get
 .text.nrf_log_color_id_get
                0x00000000000305c8       0x2c _build/nrf52840_xxaa/nrf_log_frontend.c.o
                0x00000000000305c8                nrf_log_color_id_get
 .text.nrf_log_frontend_dequeue
                0x00000000000305f4      0x428 _build/nrf52840_xxaa/nrf_log_frontend.c.o
                0x00000000000305f4                nrf_log_frontend_dequeue
 .text.nrf_log_frontend_std_0
                0x0000000000030a1c      0x1b0 _build/nrf52840_xxaa/nrf_log_frontend.c.o
                0x0000000000030a1c                nrf_log_frontend_std_0
 .text.nrf_log_frontend_std_1
                0x0000000000030bcc      0x1c0 _build/nrf52840_xxaa/nrf_log_frontend.c.o
                0x0000000000030bcc                nrf_log_frontend_std_1
 .text.nrf_log_frontend_std_2
                0x0000000000030d8c      0x1d0 _build/nrf52840_xxaa/nrf_log_frontend.c.o
                0x0000000000030d8c                nrf_log_frontend_std_2
 .text.nrf_log_frontend_std_3
                0x0000000000030f5c      0x1dc _build/nrf52840_xxaa/nrf_log_frontend.c.o
                0x0000000000030f5c                nrf_log_frontend_std_3
 .text.nrf_log_frontend_std_5
                0x0000000000031138      0x20c _build/nrf52840_xxaa/nrf_log_frontend.c.o
                0x0000000000031138                nrf_log_frontend_std_5
 .text.nrf_log_panic
                0x0000000000031344       0x2c _build/nrf52840_xxaa/nrf_log_frontend.c.o
                0x0000000000031344                nrf_log_panic
 .text.nrf_atfifo_item_get
                0x0000000000031370       0x60 _build/nrf52840_xxaa/nrf_atfifo.c.o
                0x0000000000031370                nrf_atfifo_item_get
 .text.nrf_atfifo_item_free
                0x00000000000313d0       0x20 _build/nrf52840_xxaa/nrf_atfifo.c.o
                0x00000000000313d0                nrf_atfifo_item_free
 .text.nrf_802154_swi_init
                0x00000000000313f0       0x3c _build/nrf52840_xxaa/nrf_802154_swi.c.o
                0x00000000000313f0                nrf_802154_swi_init
 .text.nrf_802154_swi_notify_received
                0x000000000003142c       0x7c _build/nrf52840_xxaa/nrf_802154_swi.c.o
                0x000000000003142c                nrf_802154_swi_notify_received
 .text.nrf_802154_swi_notify_receive_failed
                0x00000000000314a8       0x6c _build/nrf52840_xxaa/nrf_802154_swi.c.o
                0x00000000000314a8                nrf_802154_swi_notify_receive_failed
 .text.nrf_802154_swi_notify_transmitted
                0x0000000000031514       0x80 _build/nrf52840_xxaa/nrf_802154_swi.c.o
                0x0000000000031514                nrf_802154_swi_notify_transmitted
 .text.nrf_802154_swi_notify_transmit_failed
                0x0000000000031594       0x70 _build/nrf52840_xxaa/nrf_802154_swi.c.o
                0x0000000000031594                nrf_802154_swi_notify_transmit_failed
 .text.nrf_802154_swi_notify_energy_detected
                0x0000000000031604       0x6c _build/nrf52840_xxaa/nrf_802154_swi.c.o
                0x0000000000031604                nrf_802154_swi_notify_energy_detected
 .text.nrf_802154_swi_notify_energy_detection_failed
                0x0000000000031670       0x6c _build/nrf52840_xxaa/nrf_802154_swi.c.o
                0x0000000000031670                nrf_802154_swi_notify_energy_detection_failed
 .text.nrf_802154_swi_notify_cca
                0x00000000000316dc       0x6c _build/nrf52840_xxaa/nrf_802154_swi.c.o
                0x00000000000316dc                nrf_802154_swi_notify_cca
 .text.nrf_802154_swi_notify_cca_failed
                0x0000000000031748       0x6c _build/nrf52840_xxaa/nrf_802154_swi.c.o
                0x0000000000031748                nrf_802154_swi_notify_cca_failed
 .text.nrf_802154_swi_sleep
                0x00000000000317b4       0x84 _build/nrf52840_xxaa/nrf_802154_swi.c.o
                0x00000000000317b4                nrf_802154_swi_sleep
 .text.nrf_802154_swi_receive
                0x0000000000031838       0x90 _build/nrf52840_xxaa/nrf_802154_swi.c.o
                0x0000000000031838                nrf_802154_swi_receive
 .text.nrf_802154_swi_transmit
                0x00000000000318c8       0xa0 _build/nrf52840_xxaa/nrf_802154_swi.c.o
                0x00000000000318c8                nrf_802154_swi_transmit
 .text.nrf_802154_swi_buffer_free
                0x0000000000031968       0x7c _build/nrf52840_xxaa/nrf_802154_swi.c.o
                0x0000000000031968                nrf_802154_swi_buffer_free
 .text.nrf_802154_swi_channel_update
                0x00000000000319e4       0x7c _build/nrf52840_xxaa/nrf_802154_swi.c.o
                0x00000000000319e4                nrf_802154_swi_channel_update
 .text.SWI3_EGU3_IRQHandler
                0x0000000000031a60      0x250 _build/nrf52840_xxaa/nrf_802154_swi.c.o
                0x0000000000031a60                SWI3_EGU3_IRQHandler
 .text.nrf_crypto_rng_init
                0x0000000000031cb0       0x98 _build/nrf52840_xxaa/nrf_crypto_rng.c.o
                0x0000000000031cb0                nrf_crypto_rng_init
 .text.nrf_802154_temperature_init
                0x0000000000031d48        0x4 _build/nrf52840_xxaa/nrf_802154_temperature_none.c.o
                0x0000000000031d48                nrf_802154_temperature_init
 .text.nrf_802154_temperature_get
                0x0000000000031d4c        0x4 _build/nrf52840_xxaa/nrf_802154_temperature_none.c.o
                0x0000000000031d4c                nrf_802154_temperature_get
 .text.nrf_802154_timer_coord_init
                0x0000000000031d50       0x48 _build/nrf52840_xxaa/nrf_802154_timer_coord.c.o
                0x0000000000031d50                nrf_802154_timer_coord_init
 .text.nrf_802154_timer_coord_start
                0x0000000000031d98       0x1c _build/nrf52840_xxaa/nrf_802154_timer_coord.c.o
                0x0000000000031d98                nrf_802154_timer_coord_start
 .text.nrf_802154_timer_coord_stop
                0x0000000000031db4       0x10 _build/nrf52840_xxaa/nrf_802154_timer_coord.c.o
                0x0000000000031db4                nrf_802154_timer_coord_stop
 .text.nrf_802154_timer_coord_timestamp_prepare
                0x0000000000031dc4       0x28 _build/nrf52840_xxaa/nrf_802154_timer_coord.c.o
                0x0000000000031dc4                nrf_802154_timer_coord_timestamp_prepare
 .text.nrf_802154_timer_coord_timestamp_get
                0x0000000000031dec       0xd4 _build/nrf52840_xxaa/nrf_802154_timer_coord.c.o
                0x0000000000031dec                nrf_802154_timer_coord_timestamp_get
 .text.nrf_802154_lp_timer_synchronized
                0x0000000000031ec0       0xcc _build/nrf52840_xxaa/nrf_802154_timer_coord.c.o
                0x0000000000031ec0                nrf_802154_lp_timer_synchronized
 .text.nrf_strerror_get
                0x0000000000031f8c       0x88 _build/nrf52840_xxaa/nrf_strerror.c.o
                0x0000000000031f8c                nrf_strerror_get
 .text._write   0x0000000000032014       0x1c _build/nrf52840_xxaa/retarget.c.o
                0x0000000000032014                _write
 .text._read    0x0000000000032030       0x14 _build/nrf52840_xxaa/retarget.c.o
                0x0000000000032030                _read
 .text.nrf_802154_priority_drop_init
                0x0000000000032044        0x4 _build/nrf52840_xxaa/nrf_802154_priority_drop_swi.c.o
                0x0000000000032044                nrf_802154_priority_drop_init
 .text.SEGGER_RTT_WriteNoLock
                0x0000000000032048      0x17c _build/nrf52840_xxaa/SEGGER_RTT.c.o
                0x0000000000032048                SEGGER_RTT_WriteNoLock
 .text.nrf_balloc_alloc
                0x00000000000321c4       0x50 _build/nrf52840_xxaa/nrf_balloc.c.o
                0x00000000000321c4                nrf_balloc_alloc
 .text.nrf_balloc_free
                0x0000000000032214       0x38 _build/nrf52840_xxaa/nrf_balloc.c.o
                0x0000000000032214                nrf_balloc_free
 .text.nrf_fprintf_buffer_flush
                0x000000000003224c       0x18 _build/nrf52840_xxaa/nrf_fprintf.c.o
                0x000000000003224c                nrf_fprintf_buffer_flush
 .text.nrf_fprintf
                0x0000000000032264       0x20 _build/nrf52840_xxaa/nrf_fprintf.c.o
                0x0000000000032264                nrf_fprintf
 .text.nrf_802154_frame_parser_src_addr_is_extended
                0x0000000000032284       0x14 _build/nrf52840_xxaa/nrf_802154_frame_parser.c.o
                0x0000000000032284                nrf_802154_frame_parser_src_addr_is_extended
 .text.nrf_802154_frame_parser_src_addr_is_short
                0x0000000000032298       0x14 _build/nrf52840_xxaa/nrf_802154_frame_parser.c.o
                0x0000000000032298                nrf_802154_frame_parser_src_addr_is_short
 .text.nrf_802154_frame_parser_dsn_suppress_bit_is_set
                0x00000000000322ac        0x8 _build/nrf52840_xxaa/nrf_802154_frame_parser.c.o
                0x00000000000322ac                nrf_802154_frame_parser_dsn_suppress_bit_is_set
 .text.nrf_802154_frame_parser_dst_addr_end_offset_get
                0x00000000000322b4       0x74 _build/nrf52840_xxaa/nrf_802154_frame_parser.c.o
                0x00000000000322b4                nrf_802154_frame_parser_dst_addr_end_offset_get
 .text.nrf_802154_frame_parser_mhr_parse
                0x0000000000032328      0x198 _build/nrf52840_xxaa/nrf_802154_frame_parser.c.o
                0x0000000000032328                nrf_802154_frame_parser_mhr_parse
 .text.app_util_critical_region_enter
                0x00000000000324c0       0x4c _build/nrf52840_xxaa/app_util_platform.c.o
                0x00000000000324c0                app_util_critical_region_enter
 .text.app_util_critical_region_exit
                0x000000000003250c       0x30 _build/nrf52840_xxaa/app_util_platform.c.o
                0x000000000003250c                app_util_critical_region_exit
 .text.nrf_802154_critical_section_active_vector_priority_get.part.0
                0x000000000003253c       0x1c _build/nrf52840_xxaa/nrf_802154_critical_section.c.o
 .text.nrf_802154_critical_section_init
                0x0000000000032558       0x18 _build/nrf52840_xxaa/nrf_802154_critical_section.c.o
                0x0000000000032558                nrf_802154_critical_section_init
 .text.nrf_802154_critical_section_enter
                0x0000000000032570       0xc8 _build/nrf52840_xxaa/nrf_802154_critical_section.c.o
                0x0000000000032570                nrf_802154_critical_section_enter
 .text.nrf_802154_critical_section_forcefully_enter
                0x0000000000032638       0x6c _build/nrf52840_xxaa/nrf_802154_critical_section.c.o
                0x0000000000032638                nrf_802154_critical_section_forcefully_enter
 .text.nrf_802154_critical_section_exit
                0x00000000000326a4      0x188 _build/nrf52840_xxaa/nrf_802154_critical_section.c.o
                0x00000000000326a4                nrf_802154_critical_section_exit
 .text.nrf_802154_critical_section_nesting_allow
                0x000000000003282c       0x8c _build/nrf52840_xxaa/nrf_802154_critical_section.c.o
                0x000000000003282c                nrf_802154_critical_section_nesting_allow
 .text.nrf_802154_critical_section_nesting_deny
                0x00000000000328b8       0x4c _build/nrf52840_xxaa/nrf_802154_critical_section.c.o
                0x00000000000328b8                nrf_802154_critical_section_nesting_deny
 .text.nrf_802154_critical_section_active_vector_priority_get
                0x0000000000032904       0x48 _build/nrf52840_xxaa/nrf_802154_critical_section.c.o
                0x0000000000032904                nrf_802154_critical_section_active_vector_priority_get
 .text.notify_tx_error
                0x000000000003294c       0x14 _build/nrf52840_xxaa/nrf_802154_precise_ack_timeout.c.o
 .text.timeout_timer_fired
                0x0000000000032960       0x60 _build/nrf52840_xxaa/nrf_802154_precise_ack_timeout.c.o
 .text.nrf_802154_ack_timeout_tx_started_hook
                0x00000000000329c0       0x50 _build/nrf52840_xxaa/nrf_802154_precise_ack_timeout.c.o
                0x00000000000329c0                nrf_802154_ack_timeout_tx_started_hook
 .text.nrf_802154_ack_timeout_abort
                0x0000000000032a10       0x38 _build/nrf52840_xxaa/nrf_802154_precise_ack_timeout.c.o
                0x0000000000032a10                nrf_802154_ack_timeout_abort
 .text.nrf_802154_ack_timeout_transmitted_hook
                0x0000000000032a48       0x48 _build/nrf52840_xxaa/nrf_802154_precise_ack_timeout.c.o
                0x0000000000032a48                nrf_802154_ack_timeout_transmitted_hook
 .text.nrf_802154_ack_timeout_rx_ack_started_hook
                0x0000000000032a90       0x3c _build/nrf52840_xxaa/nrf_802154_precise_ack_timeout.c.o
                0x0000000000032a90                nrf_802154_ack_timeout_rx_ack_started_hook
 .text.nrf_802154_ack_timeout_tx_failed_hook
                0x0000000000032acc       0x48 _build/nrf52840_xxaa/nrf_802154_precise_ack_timeout.c.o
                0x0000000000032acc                nrf_802154_ack_timeout_tx_failed_hook
 .text.app_sched_init
                0x0000000000032b14       0x50 _build/nrf52840_xxaa/app_scheduler.c.o
                0x0000000000032b14                app_sched_init
 .text.app_sched_event_put
                0x0000000000032b64       0xd8 _build/nrf52840_xxaa/app_scheduler.c.o
                0x0000000000032b64                app_sched_event_put
 .text.app_sched_execute
                0x0000000000032c3c       0x8c _build/nrf52840_xxaa/app_scheduler.c.o
                0x0000000000032c3c                app_sched_execute
 .text.nrf_802154_ack_generator_init
                0x0000000000032cc8       0x10 _build/nrf52840_xxaa/nrf_802154_ack_generator.c.o
                0x0000000000032cc8                nrf_802154_ack_generator_init
 .text.nrf_802154_ack_generator_create
                0x0000000000032cd8       0x48 _build/nrf52840_xxaa/nrf_802154_ack_generator.c.o
                0x0000000000032cd8                nrf_802154_ack_generator_create
 .text.nrf_802154_enh_ack_generator_init
                0x0000000000032d20        0x4 _build/nrf52840_xxaa/nrf_802154_enh_ack_generator.c.o
                0x0000000000032d20                nrf_802154_enh_ack_generator_init
 .text.nrf_802154_enh_ack_generator_create
                0x0000000000032d24      0x258 _build/nrf52840_xxaa/nrf_802154_enh_ack_generator.c.o
                0x0000000000032d24                nrf_802154_enh_ack_generator_create
 .text.ble_srv_is_notification_enabled
                0x0000000000032f7c        0x8 _build/nrf52840_xxaa/ble_srv_common.c.o
                0x0000000000032f7c                ble_srv_is_notification_enabled
 .text.sd_app_evt_wait
                0x0000000000032f84        0x4 _build/nrf52840_xxaa/motebase.c.o
 .text.mote_timeout_handler
                0x0000000000032f88        0x4 _build/nrf52840_xxaa/motebase.c.o
 .text.set_mote_receive
                0x0000000000032f8c        0x4 _build/nrf52840_xxaa/motebase.c.o
                0x0000000000032f8c                set_mote_receive
 .text.uart_error_handle
                0x0000000000032f90       0x24 _build/nrf52840_xxaa/motebase.c.o
                0x0000000000032f90                uart_error_handle
 .text.motedump
                0x0000000000032fb4       0x74 _build/nrf52840_xxaa/motebase.c.o
                0x0000000000032fb4                motedump
 .text.nrf_802154_received_timestamp_raw
                0x0000000000033028       0x80 _build/nrf52840_xxaa/motebase.c.o
                0x0000000000033028                nrf_802154_received_timestamp_raw
 .text.motesetup
                0x00000000000330a8       0x8c _build/nrf52840_xxaa/motebase.c.o
                0x00000000000330a8                motesetup
 .text.nrf_802154_transmitted_raw
                0x0000000000033134        0x4 _build/nrf52840_xxaa/motebase.c.o
                0x0000000000033134                nrf_802154_transmitted_raw
 .text.nrf_802154_transmit_failed
                0x0000000000033138        0x4 _build/nrf52840_xxaa/motebase.c.o
                0x0000000000033138                nrf_802154_transmit_failed
 .text.power_management_init
                0x000000000003313c       0x1c _build/nrf52840_xxaa/motebase.c.o
                0x000000000003313c                power_management_init
 .text.uart_init
                0x0000000000033158       0x58 _build/nrf52840_xxaa/motebase.c.o
                0x0000000000033158                uart_init
 .text.startup.main
                0x00000000000331b0       0x88 _build/nrf52840_xxaa/motebase.c.o
                0x00000000000331b0                main
 .text.SaSi_RndUpdate
                0x0000000000033238       0x7c /home/herman/Desktop/nRF52840/SDK15.3/external/nrf_cc310/lib/cortex-m4/hard-float/libnrf_cc310_0.9.12.a(crys_rnd.c.obj)
 .text.SaSi_RndDf
                0x00000000000332b4      0x1f0 /home/herman/Desktop/nRF52840/SDK15.3/external/nrf_cc310/lib/cortex-m4/hard-float/libnrf_cc310_0.9.12.a(crys_rnd.c.obj)
 .text.CRYS_RndInit
                0x00000000000334a4      0x1cc /home/herman/Desktop/nRF52840/SDK15.3/external/nrf_cc310/lib/cortex-m4/hard-float/libnrf_cc310_0.9.12.a(crys_rnd.c.obj)
                0x00000000000334a4                CRYS_RndInit
 .text.LLF_RND_WaitRngInterrupt
                0x0000000000033670       0x34 /home/herman/Desktop/nRF52840/SDK15.3/external/nrf_cc310/lib/cortex-m4/hard-float/libnrf_cc310_0.9.12.a(llf_rnd.c.obj)
                0x0000000000033670                LLF_RND_WaitRngInterrupt
 .text.LLF_RND_GetRoscSampleCnt
                0x00000000000336a4       0x3c /home/herman/Desktop/nRF52840/SDK15.3/external/nrf_cc310/lib/cortex-m4/hard-float/libnrf_cc310_0.9.12.a(llf_rnd.c.obj)
                0x00000000000336a4                LLF_RND_GetRoscSampleCnt
 .text.LLF_RND_GetFastestRosc
                0x00000000000336e0       0x20 /home/herman/Desktop/nRF52840/SDK15.3/external/nrf_cc310/lib/cortex-m4/hard-float/libnrf_cc310_0.9.12.a(llf_rnd.c.obj)
                0x00000000000336e0                LLF_RND_GetFastestRosc
 .text.LLF_RND_TurnOffTrng
                0x0000000000033700       0x38 /home/herman/Desktop/nRF52840/SDK15.3/external/nrf_cc310/lib/cortex-m4/hard-float/libnrf_cc310_0.9.12.a(llf_rnd.c.obj)
                0x0000000000033700                LLF_RND_TurnOffTrng
 .text.SaSi_AesInit
                0x0000000000033738       0x80 /home/herman/Desktop/nRF52840/SDK15.3/external/nrf_cc310/lib/cortex-m4/hard-float/libnrf_cc310_0.9.12.a(ssi_aes.c.obj)
                0x0000000000033738                SaSi_AesInit
 .text.SaSi_AesSetKey
                0x00000000000337b8       0x4c /home/herman/Desktop/nRF52840/SDK15.3/external/nrf_cc310/lib/cortex-m4/hard-float/libnrf_cc310_0.9.12.a(ssi_aes.c.obj)
                0x00000000000337b8                SaSi_AesSetKey
 .text.SaSi_AesSetIv
                0x0000000000033804       0x30 /home/herman/Desktop/nRF52840/SDK15.3/external/nrf_cc310/lib/cortex-m4/hard-float/libnrf_cc310_0.9.12.a(ssi_aes.c.obj)
                0x0000000000033804                SaSi_AesSetIv
 .text.SaSi_AesBlock
                0x0000000000033834       0x8c /home/herman/Desktop/nRF52840/SDK15.3/external/nrf_cc310/lib/cortex-m4/hard-float/libnrf_cc310_0.9.12.a(ssi_aes.c.obj)
                0x0000000000033834                SaSi_AesBlock
 .text.SaSi_AesFinish
                0x00000000000338c0       0xe8 /home/herman/Desktop/nRF52840/SDK15.3/external/nrf_cc310/lib/cortex-m4/hard-float/libnrf_cc310_0.9.12.a(ssi_aes.c.obj)
                0x00000000000338c0                SaSi_AesFinish
 .text.LLF_RND_StartTrngHW
                0x00000000000339a8      0x10c /home/herman/Desktop/nRF52840/SDK15.3/external/nrf_cc310/lib/cortex-m4/hard-float/libnrf_cc310_0.9.12.a(llf_rnd_fetrng.c.obj)
                0x00000000000339a8                LLF_RND_StartTrngHW
 .text.LLF_RND_GetTrngSource
                0x0000000000033ab4      0x2f8 /home/herman/Desktop/nRF52840/SDK15.3/external/nrf_cc310/lib/cortex-m4/hard-float/libnrf_cc310_0.9.12.a(llf_rnd_fetrng.c.obj)
                0x0000000000033ab4                LLF_RND_GetTrngSource
 .text.LLF_RND_RunTrngStartupTest
                0x0000000000033dac        0x4 /home/herman/Desktop/nRF52840/SDK15.3/external/nrf_cc310/lib/cortex-m4/hard-float/libnrf_cc310_0.9.12.a(llf_rnd_fetrng.c.obj)
                0x0000000000033dac                LLF_RND_RunTrngStartupTest
 .text.RNG_PLAT_SetUserRngParameters
                0x0000000000033db0       0x64 /home/herman/Desktop/nRF52840/SDK15.3/external/nrf_cc310/lib/cortex-m4/hard-float/libnrf_cc310_0.9.12.a(ssi_rng_plat.c.obj)
                0x0000000000033db0                RNG_PLAT_SetUserRngParameters
 .text.SaSi_PalTrngParameterGet
                0x0000000000033e14       0x18 /home/herman/Desktop/nRF52840/SDK15.3/external/nrf_cc310/lib/cortex-m4/hard-float/libnrf_cc310_0.9.12.a(ssi_pal_trng.c.obj)
                0x0000000000033e14                SaSi_PalTrngParameterGet
 .text.SaSi_LibInit
                0x0000000000033e2c       0x58 /home/herman/Desktop/nRF52840/SDK15.3/external/nrf_cc310/lib/cortex-m4/hard-float/libnrf_cc310_0.9.12.a(sns_silib.c.obj)
                0x0000000000033e2c                SaSi_LibInit
 .text.SaSi_LibFini
                0x0000000000033e84       0x10 /home/herman/Desktop/nRF52840/SDK15.3/external/nrf_cc310/lib/cortex-m4/hard-float/libnrf_cc310_0.9.12.a(sns_silib.c.obj)
                0x0000000000033e84                SaSi_LibFini
 .text.SaSi_PalInit
                0x0000000000033e94       0x7c /home/herman/Desktop/nRF52840/SDK15.3/external/nrf_cc310/lib/cortex-m4/hard-float/libnrf_cc310_0.9.12.a(ssi_pal.c.obj)
                0x0000000000033e94                SaSi_PalInit
 .text.SaSi_PalTerminate
                0x0000000000033f10       0x48 /home/herman/Desktop/nRF52840/SDK15.3/external/nrf_cc310/lib/cortex-m4/hard-float/libnrf_cc310_0.9.12.a(ssi_pal.c.obj)
                0x0000000000033f10                SaSi_PalTerminate
 .text.SaSi_PalAbort
                0x0000000000033f58       0x24 /home/herman/Desktop/nRF52840/SDK15.3/external/nrf_cc310/lib/cortex-m4/hard-float/libnrf_cc310_0.9.12.a(ssi_pal_abort.c.obj)
                0x0000000000033f58                SaSi_PalAbort
 .text.SaSi_PalDmaInit
                0x0000000000033f7c        0x4 /home/herman/Desktop/nRF52840/SDK15.3/external/nrf_cc310/lib/cortex-m4/hard-float/libnrf_cc310_0.9.12.a(ssi_pal_dma.c.obj)
                0x0000000000033f7c                SaSi_PalDmaInit
 .text.SaSi_PalDmaTerminate
                0x0000000000033f80        0x4 /home/herman/Desktop/nRF52840/SDK15.3/external/nrf_cc310/lib/cortex-m4/hard-float/libnrf_cc310_0.9.12.a(ssi_pal_dma.c.obj)
                0x0000000000033f80                SaSi_PalDmaTerminate
 .text.SaSi_PalMemCopy
                0x0000000000033f84        0x4 /home/herman/Desktop/nRF52840/SDK15.3/external/nrf_cc310/lib/cortex-m4/hard-float/libnrf_cc310_0.9.12.a(ssi_pal_mem.c.obj)
                0x0000000000033f84                SaSi_PalMemCopy
 .text.SaSi_PalMemSet
                0x0000000000033f88        0x4 /home/herman/Desktop/nRF52840/SDK15.3/external/nrf_cc310/lib/cortex-m4/hard-float/libnrf_cc310_0.9.12.a(ssi_pal_mem.c.obj)
                0x0000000000033f88                SaSi_PalMemSet
 .text.SaSi_PalMemSetZero
                0x0000000000033f8c        0x8 /home/herman/Desktop/nRF52840/SDK15.3/external/nrf_cc310/lib/cortex-m4/hard-float/libnrf_cc310_0.9.12.a(ssi_pal_mem.c.obj)
                0x0000000000033f8c                SaSi_PalMemSetZero
 .text.SaSi_PalMutexCreate
                0x0000000000033f94       0x1c /home/herman/Desktop/nRF52840/SDK15.3/external/nrf_cc310/lib/cortex-m4/hard-float/libnrf_cc310_0.9.12.a(ssi_pal_mutex.c.obj)
                0x0000000000033f94                SaSi_PalMutexCreate
 .text.SaSi_PalMutexDestroy
                0x0000000000033fb0       0x1c /home/herman/Desktop/nRF52840/SDK15.3/external/nrf_cc310/lib/cortex-m4/hard-float/libnrf_cc310_0.9.12.a(ssi_pal_mutex.c.obj)
                0x0000000000033fb0                SaSi_PalMutexDestroy
 .text.SaSi_PalMutexLock
                0x0000000000033fcc       0x44 /home/herman/Desktop/nRF52840/SDK15.3/external/nrf_cc310/lib/cortex-m4/hard-float/libnrf_cc310_0.9.12.a(ssi_pal_mutex.c.obj)
                0x0000000000033fcc                SaSi_PalMutexLock
 .text.SaSi_PalMutexUnlock
                0x0000000000034010       0x24 /home/herman/Desktop/nRF52840/SDK15.3/external/nrf_cc310/lib/cortex-m4/hard-float/libnrf_cc310_0.9.12.a(ssi_pal_mutex.c.obj)
                0x0000000000034010                SaSi_PalMutexUnlock
 .text.SaSi_HalInit
                0x0000000000034034        0xc /home/herman/Desktop/nRF52840/SDK15.3/external/nrf_cc310/lib/cortex-m4/hard-float/libnrf_cc310_0.9.12.a(ssi_hal.c.obj)
                0x0000000000034034                SaSi_HalInit
 .text.SaSi_HalTerminate
                0x0000000000034040        0x4 /home/herman/Desktop/nRF52840/SDK15.3/external/nrf_cc310/lib/cortex-m4/hard-float/libnrf_cc310_0.9.12.a(ssi_hal.c.obj)
                0x0000000000034040                SaSi_HalTerminate
 .text.SaSi_HalClearInterruptBit
                0x0000000000034044        0xc /home/herman/Desktop/nRF52840/SDK15.3/external/nrf_cc310/lib/cortex-m4/hard-float/libnrf_cc310_0.9.12.a(ssi_hal.c.obj)
                0x0000000000034044                SaSi_HalClearInterruptBit
 .text.SaSi_HalMaskInterrupt
                0x0000000000034050        0xc /home/herman/Desktop/nRF52840/SDK15.3/external/nrf_cc310/lib/cortex-m4/hard-float/libnrf_cc310_0.9.12.a(ssi_hal.c.obj)
                0x0000000000034050                SaSi_HalMaskInterrupt
 .text.SaSi_HalWaitInterrupt
                0x000000000003405c       0x68 /home/herman/Desktop/nRF52840/SDK15.3/external/nrf_cc310/lib/cortex-m4/hard-float/libnrf_cc310_0.9.12.a(ssi_hal.c.obj)
                0x000000000003405c                SaSi_HalWaitInterrupt
 .text.CRYPTOCELL_IRQHandler
                0x00000000000340c4       0x40 /home/herman/Desktop/nRF52840/SDK15.3/external/nrf_cc310/lib/cortex-m4/hard-float/libnrf_cc310_0.9.12.a(ssi_hal.c.obj)
                0x00000000000340c4                CRYPTOCELL_IRQHandler
 .text.ProcessAes
                0x0000000000034104      0x280 /home/herman/Desktop/nRF52840/SDK15.3/external/nrf_cc310/lib/cortex-m4/hard-float/libnrf_cc310_0.9.12.a(aes_driver.c.obj)
                0x0000000000034104                ProcessAes
 .text.FinalizeAes
                0x0000000000034384      0x4e0 /home/herman/Desktop/nRF52840/SDK15.3/external/nrf_cc310/lib/cortex-m4/hard-float/libnrf_cc310_0.9.12.a(aes_driver.c.obj)
                0x0000000000034384                FinalizeAes
 .text.__assert_func
                0x0000000000034864       0x3c /opt/gccarm/bin/../lib/gcc/arm-none-eabi/8.2.1/../../../../arm-none-eabi/lib/thumb/v7e-m+fp/hard/libc_nano.a(lib_a-assert.o)
                0x0000000000034864                __assert_func
 .text.exit     0x00000000000348a0       0x28 /opt/gccarm/bin/../lib/gcc/arm-none-eabi/8.2.1/../../../../arm-none-eabi/lib/thumb/v7e-m+fp/hard/libc_nano.a(lib_a-exit.o)
                0x00000000000348a0                exit
 .text.fprintf  0x00000000000348c8       0x24 /opt/gccarm/bin/../lib/gcc/arm-none-eabi/8.2.1/../../../../arm-none-eabi/lib/thumb/v7e-m+fp/hard/libc_nano.a(lib_a-fprintf.o)
                0x00000000000348c8                fprintf
                0x00000000000348c8                fiprintf
 .text.__libc_init_array
                0x00000000000348ec       0x48 /opt/gccarm/bin/../lib/gcc/arm-none-eabi/8.2.1/../../../../arm-none-eabi/lib/thumb/v7e-m+fp/hard/libc_nano.a(lib_a-init.o)
                0x00000000000348ec                __libc_init_array
 .text.malloc   0x0000000000034934       0x10 /opt/gccarm/bin/../lib/gcc/arm-none-eabi/8.2.1/../../../../arm-none-eabi/lib/thumb/v7e-m+fp/hard/libc_nano.a(lib_a-malloc.o)
                0x0000000000034934                malloc
 .text.memcmp   0x0000000000034944       0x1c /opt/gccarm/bin/../lib/gcc/arm-none-eabi/8.2.1/../../../../arm-none-eabi/lib/thumb/v7e-m+fp/hard/libc_nano.a(lib_a-memcmp.o)
                0x0000000000034944                memcmp
 .text.memcpy   0x0000000000034960       0x1c /opt/gccarm/bin/../lib/gcc/arm-none-eabi/8.2.1/../../../../arm-none-eabi/lib/thumb/v7e-m+fp/hard/libc_nano.a(lib_a-memcpy-stub.o)
                0x0000000000034960                memcpy
 .text.memset   0x000000000003497c       0x10 /opt/gccarm/bin/../lib/gcc/arm-none-eabi/8.2.1/../../../../arm-none-eabi/lib/thumb/v7e-m+fp/hard/libc_nano.a(lib_a-memset.o)
                0x000000000003497c                memset
 .text._free_r  0x000000000003498c       0x9c /opt/gccarm/bin/../lib/gcc/arm-none-eabi/8.2.1/../../../../arm-none-eabi/lib/thumb/v7e-m+fp/hard/libc_nano.a(lib_a-nano-freer.o)
                0x000000000003498c                _free_r
 .text._malloc_r
                0x0000000000034a28       0xb4 /opt/gccarm/bin/../lib/gcc/arm-none-eabi/8.2.1/../../../../arm-none-eabi/lib/thumb/v7e-m+fp/hard/libc_nano.a(lib_a-nano-mallocr.o)
                0x0000000000034a28                _malloc_r
 .text.__sfputc_r
                0x0000000000034adc       0x2e /opt/gccarm/bin/../lib/gcc/arm-none-eabi/8.2.1/../../../../arm-none-eabi/lib/thumb/v7e-m+fp/hard/libc_nano.a(lib_a-nano-vfprintf.o)
 .text.__sfputs_r
                0x0000000000034b0a       0x24 /opt/gccarm/bin/../lib/gcc/arm-none-eabi/8.2.1/../../../../arm-none-eabi/lib/thumb/v7e-m+fp/hard/libc_nano.a(lib_a-nano-vfprintf.o)
                0x0000000000034b0a                __sfputs_r
 *fill*         0x0000000000034b2e        0x2 
 .text._vfprintf_r
                0x0000000000034b30      0x250 /opt/gccarm/bin/../lib/gcc/arm-none-eabi/8.2.1/../../../../arm-none-eabi/lib/thumb/v7e-m+fp/hard/libc_nano.a(lib_a-nano-vfprintf.o)
                0x0000000000034b30                _vfiprintf_r
                0x0000000000034b30                _vfprintf_r
 .text._printf_common
                0x0000000000034d80       0xea /opt/gccarm/bin/../lib/gcc/arm-none-eabi/8.2.1/../../../../arm-none-eabi/lib/thumb/v7e-m+fp/hard/libc_nano.a(lib_a-nano-vfprintf_i.o)
                0x0000000000034d80                _printf_common
 *fill*         0x0000000000034e6a        0x2 
 .text._printf_i
                0x0000000000034e6c      0x228 /opt/gccarm/bin/../lib/gcc/arm-none-eabi/8.2.1/../../../../arm-none-eabi/lib/thumb/v7e-m+fp/hard/libc_nano.a(lib_a-nano-vfprintf_i.o)
                0x0000000000034e6c                _printf_i
 .text.rand     0x0000000000035094       0x68 /opt/gccarm/bin/../lib/gcc/arm-none-eabi/8.2.1/../../../../arm-none-eabi/lib/thumb/v7e-m+fp/hard/libc_nano.a(lib_a-rand.o)
                0x0000000000035094                rand
 .text._sbrk_r  0x00000000000350fc       0x20 /opt/gccarm/bin/../lib/gcc/arm-none-eabi/8.2.1/../../../../arm-none-eabi/lib/thumb/v7e-m+fp/hard/libc_nano.a(lib_a-sbrkr.o)
                0x00000000000350fc                _sbrk_r
 .text          0x000000000003511c       0x10 /opt/gccarm/bin/../lib/gcc/arm-none-eabi/8.2.1/../../../../arm-none-eabi/lib/thumb/v7e-m+fp/hard/libc_nano.a(lib_a-strlen.o)
                0x000000000003511c                strlen
 .text.__swbuf_r
                0x000000000003512c       0xa4 /opt/gccarm/bin/../lib/gcc/arm-none-eabi/8.2.1/../../../../arm-none-eabi/lib/thumb/v7e-m+fp/hard/libc_nano.a(lib_a-wbuf.o)
                0x000000000003512c                __swbuf_r
 .text.__swsetup_r
                0x00000000000351d0       0xdc /opt/gccarm/bin/../lib/gcc/arm-none-eabi/8.2.1/../../../../arm-none-eabi/lib/thumb/v7e-m+fp/hard/libc_nano.a(lib_a-wsetup.o)
                0x00000000000351d0                __swsetup_r
 .text.abort    0x00000000000352ac        0xe /opt/gccarm/bin/../lib/gcc/arm-none-eabi/8.2.1/../../../../arm-none-eabi/lib/thumb/v7e-m+fp/hard/libc_nano.a(lib_a-abort.o)
                0x00000000000352ac                abort
 *fill*         0x00000000000352ba        0x2 
 .text.__sflush_r
                0x00000000000352bc      0x10c /opt/gccarm/bin/../lib/gcc/arm-none-eabi/8.2.1/../../../../arm-none-eabi/lib/thumb/v7e-m+fp/hard/libc_nano.a(lib_a-fflush.o)
                0x00000000000352bc                __sflush_r
 .text._fflush_r
                0x00000000000353c8       0x78 /opt/gccarm/bin/../lib/gcc/arm-none-eabi/8.2.1/../../../../arm-none-eabi/lib/thumb/v7e-m+fp/hard/libc_nano.a(lib_a-fflush.o)
                0x00000000000353c8                _fflush_r
 .text.std      0x0000000000035440       0x48 /opt/gccarm/bin/../lib/gcc/arm-none-eabi/8.2.1/../../../../arm-none-eabi/lib/thumb/v7e-m+fp/hard/libc_nano.a(lib_a-findfp.o)
 .text._cleanup_r
                0x0000000000035488        0xc /opt/gccarm/bin/../lib/gcc/arm-none-eabi/8.2.1/../../../../arm-none-eabi/lib/thumb/v7e-m+fp/hard/libc_nano.a(lib_a-findfp.o)
                0x0000000000035488                _cleanup_r
 .text.__sfmoreglue
                0x0000000000035494       0x2c /opt/gccarm/bin/../lib/gcc/arm-none-eabi/8.2.1/../../../../arm-none-eabi/lib/thumb/v7e-m+fp/hard/libc_nano.a(lib_a-findfp.o)
                0x0000000000035494                __sfmoreglue
 .text.__sfp_lock_acquire
                0x00000000000354c0        0xc /opt/gccarm/bin/../lib/gcc/arm-none-eabi/8.2.1/../../../../arm-none-eabi/lib/thumb/v7e-m+fp/hard/libc_nano.a(lib_a-findfp.o)
                0x00000000000354c0                __sfp_lock_acquire
 .text.__sfp_lock_release
                0x00000000000354cc        0xc /opt/gccarm/bin/../lib/gcc/arm-none-eabi/8.2.1/../../../../arm-none-eabi/lib/thumb/v7e-m+fp/hard/libc_nano.a(lib_a-findfp.o)
                0x00000000000354cc                __sfp_lock_release
 .text.__sinit_lock_acquire
                0x00000000000354d8        0xc /opt/gccarm/bin/../lib/gcc/arm-none-eabi/8.2.1/../../../../arm-none-eabi/lib/thumb/v7e-m+fp/hard/libc_nano.a(lib_a-findfp.o)
                0x00000000000354d8                __sinit_lock_acquire
 .text.__sinit_lock_release
                0x00000000000354e4        0xc /opt/gccarm/bin/../lib/gcc/arm-none-eabi/8.2.1/../../../../arm-none-eabi/lib/thumb/v7e-m+fp/hard/libc_nano.a(lib_a-findfp.o)
                0x00000000000354e4                __sinit_lock_release
 .text.__sinit  0x00000000000354f0       0x70 /opt/gccarm/bin/../lib/gcc/arm-none-eabi/8.2.1/../../../../arm-none-eabi/lib/thumb/v7e-m+fp/hard/libc_nano.a(lib_a-findfp.o)
                0x00000000000354f0                __sinit
 .text.__sfp    0x0000000000035560       0x8c /opt/gccarm/bin/../lib/gcc/arm-none-eabi/8.2.1/../../../../arm-none-eabi/lib/thumb/v7e-m+fp/hard/libc_nano.a(lib_a-findfp.o)
                0x0000000000035560                __sfp
 .text._fwalk_reent
                0x00000000000355ec       0x3c /opt/gccarm/bin/../lib/gcc/arm-none-eabi/8.2.1/../../../../arm-none-eabi/lib/thumb/v7e-m+fp/hard/libc_nano.a(lib_a-fwalk.o)
                0x00000000000355ec                _fwalk_reent
 .text.__retarget_lock_init_recursive
                0x0000000000035628        0x2 /opt/gccarm/bin/../lib/gcc/arm-none-eabi/8.2.1/../../../../arm-none-eabi/lib/thumb/v7e-m+fp/hard/libc_nano.a(lib_a-lock.o)
                0x0000000000035628                __retarget_lock_init_recursive
 .text.__retarget_lock_acquire_recursive
                0x000000000003562a        0x2 /opt/gccarm/bin/../lib/gcc/arm-none-eabi/8.2.1/../../../../arm-none-eabi/lib/thumb/v7e-m+fp/hard/libc_nano.a(lib_a-lock.o)
                0x000000000003562a                __retarget_lock_acquire_recursive
 .text.__retarget_lock_release_recursive
                0x000000000003562c        0x2 /opt/gccarm/bin/../lib/gcc/arm-none-eabi/8.2.1/../../../../arm-none-eabi/lib/thumb/v7e-m+fp/hard/libc_nano.a(lib_a-lock.o)
                0x000000000003562c                __retarget_lock_release_recursive
 .text.__swhatbuf_r
                0x000000000003562e       0x48 /opt/gccarm/bin/../lib/gcc/arm-none-eabi/8.2.1/../../../../arm-none-eabi/lib/thumb/v7e-m+fp/hard/libc_nano.a(lib_a-makebuf.o)
                0x000000000003562e                __swhatbuf_r
 *fill*         0x0000000000035676        0x2 
 .text.__smakebuf_r
                0x0000000000035678       0x80 /opt/gccarm/bin/../lib/gcc/arm-none-eabi/8.2.1/../../../../arm-none-eabi/lib/thumb/v7e-m+fp/hard/libc_nano.a(lib_a-makebuf.o)
                0x0000000000035678                __smakebuf_r
 *fill*         0x00000000000356f8        0x8 
 .text          0x0000000000035700       0xa0 /opt/gccarm/bin/../lib/gcc/arm-none-eabi/8.2.1/../../../../arm-none-eabi/lib/thumb/v7e-m+fp/hard/libc_nano.a(lib_a-memchr.o)
                0x0000000000035700                memchr
 .text.__malloc_lock
                0x00000000000357a0        0xc /opt/gccarm/bin/../lib/gcc/arm-none-eabi/8.2.1/../../../../arm-none-eabi/lib/thumb/v7e-m+fp/hard/libc_nano.a(lib_a-mlock.o)
                0x00000000000357a0                __malloc_lock
 .text.__malloc_unlock
                0x00000000000357ac        0xc /opt/gccarm/bin/../lib/gcc/arm-none-eabi/8.2.1/../../../../arm-none-eabi/lib/thumb/v7e-m+fp/hard/libc_nano.a(lib_a-mlock.o)
                0x00000000000357ac                __malloc_unlock
 .text._raise_r
                0x00000000000357b8       0x50 /opt/gccarm/bin/../lib/gcc/arm-none-eabi/8.2.1/../../../../arm-none-eabi/lib/thumb/v7e-m+fp/hard/libc_nano.a(lib_a-signal.o)
                0x00000000000357b8                _raise_r
 .text.raise    0x0000000000035808       0x10 /opt/gccarm/bin/../lib/gcc/arm-none-eabi/8.2.1/../../../../arm-none-eabi/lib/thumb/v7e-m+fp/hard/libc_nano.a(lib_a-signal.o)
                0x0000000000035808                raise
 .text._kill_r  0x0000000000035818       0x24 /opt/gccarm/bin/../lib/gcc/arm-none-eabi/8.2.1/../../../../arm-none-eabi/lib/thumb/v7e-m+fp/hard/libc_nano.a(lib_a-signalr.o)
                0x0000000000035818                _kill_r
 .text._getpid_r
                0x000000000003583c        0x4 /opt/gccarm/bin/../lib/gcc/arm-none-eabi/8.2.1/../../../../arm-none-eabi/lib/thumb/v7e-m+fp/hard/libc_nano.a(lib_a-signalr.o)
                0x000000000003583c                _getpid_r
 .text.__sread  0x0000000000035840       0x22 /opt/gccarm/bin/../lib/gcc/arm-none-eabi/8.2.1/../../../../arm-none-eabi/lib/thumb/v7e-m+fp/hard/libc_nano.a(lib_a-stdio.o)
                0x0000000000035840                __sread