Archive member included to satisfy reference by file (symbol)

/home/herman/Desktop/nRF52840/SDK15.3/external/nrf_cc310/lib/cortex-m4/hard-float/libnrf_cc310_0.9.12.a(crys_hash.c.obj)
                              _build/nrf52840_xxaa/cc310_backend_hash.c.o (CRYS_HASH_Init)
/home/herman/Desktop/nRF52840/SDK15.3/external/nrf_cc310/lib/cortex-m4/hard-float/libnrf_cc310_0.9.12.a(crys_rnd.c.obj)
                              _build/nrf52840_xxaa/cc310_backend_rng.c.o (CRYS_RndInit)
/home/herman/Desktop/nRF52840/SDK15.3/external/nrf_cc310/lib/cortex-m4/hard-float/libnrf_cc310_0.9.12.a(hash_driver.c.obj)
                              /home/herman/Desktop/nRF52840/SDK15.3/external/nrf_cc310/lib/cortex-m4/hard-float/libnrf_cc310_0.9.12.a(crys_hash.c.obj) (InitHash)
/home/herman/Desktop/nRF52840/SDK15.3/external/nrf_cc310/lib/cortex-m4/hard-float/libnrf_cc310_0.9.12.a(crys_ecpki_build_priv.c.obj)
                              _build/nrf52840_xxaa/cc310_backend_ecc.c.o (CRYS_ECPKI_BuildPrivKey)
/home/herman/Desktop/nRF52840/SDK15.3/external/nrf_cc310/lib/cortex-m4/hard-float/libnrf_cc310_0.9.12.a(llf_rnd.c.obj)
                              /home/herman/Desktop/nRF52840/SDK15.3/external/nrf_cc310/lib/cortex-m4/hard-float/libnrf_cc310_0.9.12.a(crys_rnd.c.obj) (LLF_RND_RndCprngt)
/home/herman/Desktop/nRF52840/SDK15.3/external/nrf_cc310/lib/cortex-m4/hard-float/libnrf_cc310_0.9.12.a(crys_aesccm.c.obj)
                              _build/nrf52840_xxaa/cc310_backend_aes_aead.c.o (CC_AESCCM_Init)
/home/herman/Desktop/nRF52840/SDK15.3/external/nrf_cc310/lib/cortex-m4/hard-float/libnrf_cc310_0.9.12.a(crys_common_math.c.obj)
                              /home/herman/Desktop/nRF52840/SDK15.3/external/nrf_cc310/lib/cortex-m4/hard-float/libnrf_cc310_0.9.12.a(crys_rnd.c.obj) (CRYS_COMMON_CmpLsbUnsignedCounters)
/home/herman/Desktop/nRF52840/SDK15.3/external/nrf_cc310/lib/cortex-m4/hard-float/libnrf_cc310_0.9.12.a(crys_hmac.c.obj)
                              _build/nrf52840_xxaa/cc310_backend_hmac.c.o (CRYS_HMAC_Init)
/home/herman/Desktop/nRF52840/SDK15.3/external/nrf_cc310/lib/cortex-m4/hard-float/libnrf_cc310_0.9.12.a(sw_llf_hash_sha512.c.obj)
                              /home/herman/Desktop/nRF52840/SDK15.3/external/nrf_cc310/lib/cortex-m4/hard-float/libnrf_cc310_0.9.12.a(crys_hash.c.obj) (InitSwHash512)
/home/herman/Desktop/nRF52840/SDK15.3/external/nrf_cc310/lib/cortex-m4/hard-float/libnrf_cc310_0.9.12.a(ssi_aes.c.obj)
                              _build/nrf52840_xxaa/cc310_backend_aes.c.o (SaSi_AesInit)
/home/herman/Desktop/nRF52840/SDK15.3/external/nrf_cc310/lib/cortex-m4/hard-float/libnrf_cc310_0.9.12.a(aesccm_driver.c.obj)
                              /home/herman/Desktop/nRF52840/SDK15.3/external/nrf_cc310/lib/cortex-m4/hard-float/libnrf_cc310_0.9.12.a(crys_aesccm.c.obj) (ProcessAesCcmAdata)
/home/herman/Desktop/nRF52840/SDK15.3/external/nrf_cc310/lib/cortex-m4/hard-float/libnrf_cc310_0.9.12.a(crys_chacha_poly.c.obj)
                              _build/nrf52840_xxaa/cc310_backend_chacha_poly_aead.c.o (CRYS_CHACHA_POLY)
/home/herman/Desktop/nRF52840/SDK15.3/external/nrf_cc310/lib/cortex-m4/hard-float/libnrf_cc310_0.9.12.a(poly.c.obj)
                              /home/herman/Desktop/nRF52840/SDK15.3/external/nrf_cc310/lib/cortex-m4/hard-float/libnrf_cc310_0.9.12.a(crys_chacha_poly.c.obj) (PolyMacCalc)
/home/herman/Desktop/nRF52840/SDK15.3/external/nrf_cc310/lib/cortex-m4/hard-float/libnrf_cc310_0.9.12.a(llf_rnd_fetrng.c.obj)
                              /home/herman/Desktop/nRF52840/SDK15.3/external/nrf_cc310/lib/cortex-m4/hard-float/libnrf_cc310_0.9.12.a(crys_rnd.c.obj) (LLF_RND_GetTrngSource)
/home/herman/Desktop/nRF52840/SDK15.3/external/nrf_cc310/lib/cortex-m4/hard-float/libnrf_cc310_0.9.12.a(crys_ecpki_build_publ.c.obj)
                              _build/nrf52840_xxaa/cc310_backend_ecc.c.o (_DX_ECPKI_BuildPublKey)
/home/herman/Desktop/nRF52840/SDK15.3/external/nrf_cc310/lib/cortex-m4/hard-float/libnrf_cc310_0.9.12.a(crys_ecdsa_verify.c.obj)
                              _build/nrf52840_xxaa/cc310_backend_ecdsa.c.o (CRYS_ECDSA_Verify)
/home/herman/Desktop/nRF52840/SDK15.3/external/nrf_cc310/lib/cortex-m4/hard-float/libnrf_cc310_0.9.12.a(crys_ecdsa_sign.c.obj)
                              _build/nrf52840_xxaa/cc310_backend_ecdsa.c.o (CRYS_ECDSA_Sign)
/home/herman/Desktop/nRF52840/SDK15.3/external/nrf_cc310/lib/cortex-m4/hard-float/libnrf_cc310_0.9.12.a(crys_ecpki_kg.c.obj)
                              _build/nrf52840_xxaa/cc310_backend_ecc.c.o (CRYS_ECPKI_GenKeyPair)
/home/herman/Desktop/nRF52840/SDK15.3/external/nrf_cc310/lib/cortex-m4/hard-float/libnrf_cc310_0.9.12.a(crys_ecdh.c.obj)
                              _build/nrf52840_xxaa/cc310_backend_ecdh.c.o (CRYS_ECDH_SVDP_DH)
/home/herman/Desktop/nRF52840/SDK15.3/external/nrf_cc310/lib/cortex-m4/hard-float/libnrf_cc310_0.9.12.a(crys_ec_mont.c.obj)
                              _build/nrf52840_xxaa/cc310_backend_ecdh.c.o (CRYS_ECMONT_Scalarmult)
[...]
Memory Configuration

Name             Origin             Length             Attributes
FLASH            0x0000000000026000 0x00000000000da000 xr
RAM              0x0000000020002ba8 0x000000000003d458 xrw
*default*        0x0000000000000000 0xffffffffffffffff

Linker script and memory map


.text           0x0000000000026000    0x22650
 *(.isr_vector)
 .isr_vector    0x0000000000026000      0x200 _build/nrf52840_xxaa/gcc_startup_nrf52840.S.o
                0x0000000000026000                __isr_vector
 *(.text*)
 .text          0x0000000000026200       0x40 /opt/gccarm/bin/../lib/gcc/arm-none-eabi/8.2.1/thumb/v7e-m+fp/hard/crtbegin.o
 .text          0x0000000000026240       0x74 /opt/gccarm/bin/../lib/gcc/arm-none-eabi/8.2.1/../../../../arm-none-eabi/lib/thumb/v7e-m+fp/hard/crt0.o
                0x0000000000026240                _mainCRTStartup
                0x0000000000026240                _start
 .text          0x00000000000262b4       0x3c _build/nrf52840_xxaa/gcc_startup_nrf52840.S.o
                0x00000000000262b4                Reset_Handler
                0x00000000000262dc                NMI_Handler
                0x00000000000262de                HardFault_Handler
                0x00000000000262e0                MemoryManagement_Handler
                0x00000000000262e2                BusFault_Handler
                0x00000000000262e4                UsageFault_Handler
                0x00000000000262e6                SVC_Handler
                0x00000000000262e8                DebugMon_Handler
                0x00000000000262ea                PendSV_Handler
                0x00000000000262ec                SysTick_Handler
                0x00000000000262ee                TIMER2_IRQHandler
                0x00000000000262ee                RTC0_IRQHandler
                0x00000000000262ee                PWM1_IRQHandler
                0x00000000000262ee                RADIO_IRQHandler
                0x00000000000262ee                PDM_IRQHandler
                0x00000000000262ee                TEMP_IRQHandler
                0x00000000000262ee                QDEC_IRQHandler
                0x00000000000262ee                TIMER3_IRQHandler
                0x00000000000262ee                PWM3_IRQHandler
                0x00000000000262ee                FPU_IRQHandler
                0x00000000000262ee                USBD_IRQHandler
                0x00000000000262ee                SPIM0_SPIS0_TWIM0_TWIS0_SPI0_TWI0_IRQHandler
                0x00000000000262ee                TIMER4_IRQHandler
                0x00000000000262ee                I2S_IRQHandler
                0x00000000000262ee                SWI4_EGU4_IRQHandler
                0x00000000000262ee                TIMER0_IRQHandler
                0x00000000000262ee                UARTE1_IRQHandler
                0x00000000000262ee                TIMER1_IRQHandler
                0x00000000000262ee                SPIM3_IRQHandler
                0x00000000000262ee                PWM2_IRQHandler
                0x00000000000262ee                ECB_IRQHandler
                0x00000000000262ee                SPIM1_SPIS1_TWIM1_TWIS1_SPI1_TWI1_IRQHandler
                0x00000000000262ee                Default_Handler
                0x00000000000262ee                SAADC_IRQHandler
                0x00000000000262ee                CCM_AAR_IRQHandler
                0x00000000000262ee                WDT_IRQHandler
                0x00000000000262ee                SWI5_EGU5_IRQHandler
                0x00000000000262ee                RNG_IRQHandler
                0x00000000000262ee                PWM0_IRQHandler
                0x00000000000262ee                SWI1_EGU1_IRQHandler
                0x00000000000262ee                SPIM2_SPIS2_SPI2_IRQHandler
                0x00000000000262ee                NFCT_IRQHandler
                0x00000000000262ee                MWU_IRQHandler
                0x00000000000262ee                QSPI_IRQHandler
                0x00000000000262ee                COMP_LPCOMP_IRQHandler
 .text.nrf_log_default_backends_init
                0x00000000000262f0       0x20 _build/nrf52840_xxaa/nrf_log_default_backends.c.o
                0x00000000000262f0                nrf_log_default_backends_init
 .text.cc310_backend_enable
                0x0000000000026310       0x28 _build/nrf52840_xxaa/cc310_backend_shared.c.o
                0x0000000000026310                cc310_backend_enable
 .text.cc310_backend_disable
                0x0000000000026338       0x28 _build/nrf52840_xxaa/cc310_backend_shared.c.o
                0x0000000000026338                cc310_backend_disable
 .text.nrf_crypto_backend_cc310_rng
                0x0000000000026360       0x24 _build/nrf52840_xxaa/cc310_backend_shared.c.o
                0x0000000000026360                nrf_crypto_backend_cc310_rng
 .text.nrf_802154_clock_hfclk_stop
                0x0000000000026384        0x4 _build/nrf52840_xxaa/nrf_802154_clock_sdk.c.o
                0x0000000000026384                nrf_802154_clock_hfclk_stop
 .text.cca_configuration_update
                0x0000000000026388       0x88 _build/nrf52840_xxaa/nrf_802154_core.c.o
 .text.channel_set.part.9
                0x0000000000026410       0x1c _build/nrf52840_xxaa/nrf_802154_core.c.o
 .text.cca_init
                0x000000000002642c       0xd4 _build/nrf52840_xxaa/nrf_802154_core.c.o
 .text.ed_init  0x0000000000026500       0xec _build/nrf52840_xxaa/nrf_802154_core.c.o
 .text.rx_init.part.12
                0x00000000000265ec      0x1a0 _build/nrf52840_xxaa/nrf_802154_core.c.o
 .text.tx_init  0x000000000002678c      0x1e8 _build/nrf52840_xxaa/nrf_802154_core.c.o
 .text.current_operation_terminate.part.16
                0x0000000000026974      0x420 _build/nrf52840_xxaa/nrf_802154_core.c.o
 .text.current_operation_terminate
                0x0000000000026d94      0x40c _build/nrf52840_xxaa/nrf_802154_core.c.o
 .text.nrf_802154_rsch_crit_sect_prio_changed
                0x00000000000271a0      0x3b4 _build/nrf52840_xxaa/nrf_802154_core.c.o
                0x00000000000271a0                nrf_802154_rsch_crit_sect_prio_changed
 .text.nrf_802154_core_sleep
                0x0000000000027554       0xc8 _build/nrf52840_xxaa/nrf_802154_core.c.o
                0x0000000000027554                nrf_802154_core_sleep
 .text.nrf_802154_core_receive
                0x000000000002761c       0x80 _build/nrf52840_xxaa/nrf_802154_core.c.o
                0x000000000002761c                nrf_802154_core_receive
 .text.nrf_802154_core_transmit
                0x000000000002769c       0x98 _build/nrf52840_xxaa/nrf_802154_core.c.o
                0x000000000002769c                nrf_802154_core_transmit
 .text.nrf_802154_core_energy_detection
                0x0000000000027734       0x78 _build/nrf52840_xxaa/nrf_802154_core.c.o
                0x0000000000027734                nrf_802154_core_energy_detection
 .text.nrf_802154_core_cca
                0x00000000000277ac       0x64 _build/nrf52840_xxaa/nrf_802154_core.c.o
                0x00000000000277ac                nrf_802154_core_cca
 .text.nrf_802154_core_continuous_carrier
                0x0000000000027810       0xdc _build/nrf52840_xxaa/nrf_802154_core.c.o
                0x0000000000027810                nrf_802154_core_continuous_carrier
 .text.nrf_802154_core_notify_buffer_free
                0x00000000000278ec       0xe0 _build/nrf52840_xxaa/nrf_802154_core.c.o
                0x00000000000278ec                nrf_802154_core_notify_buffer_free
 .text.nrf_802154_core_channel_update
                0x00000000000279cc       0xd4 _build/nrf52840_xxaa/nrf_802154_core.c.o
                0x00000000000279cc                nrf_802154_core_channel_update
 .text.nrf_802154_core_cca_cfg_update
                0x0000000000027aa0       0x38 _build/nrf52840_xxaa/nrf_802154_core.c.o
                0x0000000000027aa0                nrf_802154_core_cca_cfg_update
 .text.sd_radio_request
                0x0000000000027ad8        0x4 _build/nrf52840_xxaa/nrf_raal_softdevice.c.o
 .text.nrf_raal_continuous_mode_enter
                0x0000000000027adc       0xb0 _build/nrf52840_xxaa/nrf_raal_softdevice.c.o
                0x0000000000027adc                nrf_raal_continuous_mode_enter
 .text.nrf_raal_continuous_mode_exit
                0x0000000000027b8c       0x9c _build/nrf52840_xxaa/nrf_raal_softdevice.c.o
                0x0000000000027b8c                nrf_raal_continuous_mode_exit
 .text.nrf_raal_continuous_ended
                0x0000000000027c28        0x4 _build/nrf52840_xxaa/nrf_raal_softdevice.c.o
                0x0000000000027c28                nrf_raal_continuous_ended
 .text.nrf_raal_timeslot_request
                0x0000000000027c2c       0xa0 _build/nrf52840_xxaa/nrf_raal_softdevice.c.o
                0x0000000000027c2c                nrf_raal_timeslot_request
 .text.nrf_raal_timeslot_us_left_get
                0x0000000000027ccc       0x58 _build/nrf52840_xxaa/nrf_raal_softdevice.c.o
                0x0000000000027ccc                nrf_raal_timeslot_us_left_get
 .text.nrf_log_backend_serial_put
                0x0000000000027d24       0xd4 _build/nrf52840_xxaa/nrf_log_backend_serial.c.o
                0x0000000000027d24                nrf_log_backend_serial_put
 .text.sd_ble_gattc_primary_services_discover
                0x0000000000027df8        0x4 _build/nrf52840_xxaa/ble_db_discovery.c.o
 .text.sd_ble_gattc_characteristics_discover
                0x0000000000027dfc        0x4 _build/nrf52840_xxaa/ble_db_discovery.c.o
 .text.sd_ble_gattc_descriptors_discover
                0x0000000000027e00        0x4 _build/nrf52840_xxaa/ble_db_discovery.c.o
 .text.discovery_error_evt_trigger
                0x0000000000027e04       0xd8 _build/nrf52840_xxaa/ble_db_discovery.c.o
 .text.discovery_complete_evt_trigger
                0x0000000000027edc      0x14c _build/nrf52840_xxaa/ble_db_discovery.c.o
 .text.descriptors_discover
                0x0000000000028028       0xcc _build/nrf52840_xxaa/ble_db_discovery.c.o
 .text.ble_db_discovery_init
                0x00000000000280f4       0x34 _build/nrf52840_xxaa/ble_db_discovery.c.o
                0x00000000000280f4                ble_db_discovery_init
 .text.ble_db_discovery_close
                0x0000000000028128       0x1c _build/nrf52840_xxaa/ble_db_discovery.c.o
                0x0000000000028128                ble_db_discovery_close
 .text.ble_db_discovery_evt_register
                0x0000000000028144       0xcc _build/nrf52840_xxaa/ble_db_discovery.c.o
                0x0000000000028144                ble_db_discovery_evt_register
 .text.ble_db_discovery_start
                0x0000000000028210       0x84 _build/nrf52840_xxaa/ble_db_discovery.c.o
                0x0000000000028210                ble_db_discovery_start
 .text.ble_db_discovery_on_ble_evt
                0x0000000000028294      0xa04 _build/nrf52840_xxaa/ble_db_discovery.c.o
                0x0000000000028294                ble_db_discovery_on_ble_evt
 .text.sd_ble_gap_conn_param_update
                0x0000000000028c98        0x4 _build/nrf52840_xxaa/ble_conn_params.c.o
 .text.sd_ble_gap_disconnect
                0x0000000000028c9c        0x4 _build/nrf52840_xxaa/ble_conn_params.c.o
 .text.sd_ble_gap_ppcp_set
                0x0000000000028ca0        0x4 _build/nrf52840_xxaa/ble_conn_params.c.o
 .text.sd_ble_gap_ppcp_get
                0x0000000000028ca4        0x4 _build/nrf52840_xxaa/ble_conn_params.c.o
 .text.update_timeout_handler
                0x0000000000028ca8       0x78 _build/nrf52840_xxaa/ble_conn_params.c.o
 .text.ble_evt_handler
                0x0000000000028d20      0x1ec _build/nrf52840_xxaa/ble_conn_params.c.o
 .text.ble_conn_params_init
                0x0000000000028f0c       0x78 _build/nrf52840_xxaa/ble_conn_params.c.o
                0x0000000000028f0c                ble_conn_params_init
 .text.nrf_802154_revision_has_phyend_event
                0x0000000000028f84        0x4 _build/nrf52840_xxaa/nrf_802154_revision.c.o
                0x0000000000028f84                nrf_802154_revision_has_phyend_event
 .text.nrf_802154_rssi_sample_corrected_get
                0x0000000000028f88       0x48 _build/nrf52840_xxaa/nrf_802154_rssi.c.o
                0x0000000000028f88                nrf_802154_rssi_sample_corrected_get
 .text.nrf_802154_rssi_lqi_corrected_get
                0x0000000000028fd0       0x48 _build/nrf52840_xxaa/nrf_802154_rssi.c.o
                0x0000000000028fd0                nrf_802154_rssi_lqi_corrected_get
 .text.nrf_802154_rssi_cca_ed_threshold_corrected_get
                0x0000000000029018       0x48 _build/nrf52840_xxaa/nrf_802154_rssi.c.o
                0x0000000000029018                nrf_802154_rssi_cca_ed_threshold_corrected_get
 .text.sd_ble_gap_lesc_dhkey_reply
                0x0000000000029060        0x4 _build/nrf52840_xxaa/nrf_ble_lesc.c.o
 .text.sd_ble_gap_lesc_oob_data_set
                0x0000000000029064        0x4 _build/nrf52840_xxaa/nrf_ble_lesc.c.o
 .text.nrf_ble_lesc_keypair_generate
                0x0000000000029068       0xb8 _build/nrf52840_xxaa/nrf_ble_lesc.c.o
                0x0000000000029068                nrf_ble_lesc_keypair_generate
 .text.nrf_ble_lesc_init
                0x0000000000029120       0x58 _build/nrf52840_xxaa/nrf_ble_lesc.c.o
                0x0000000000029120                nrf_ble_lesc_init
 .text.nrf_ble_lesc_public_key_get
                0x0000000000029178       0x38 _build/nrf52840_xxaa/nrf_ble_lesc.c.o
                0x0000000000029178                nrf_ble_lesc_public_key_get
 .text.nrf_ble_lesc_request_handler
                0x00000000000291b0       0xd0 _build/nrf52840_xxaa/nrf_ble_lesc.c.o
                0x00000000000291b0                nrf_ble_lesc_request_handler
 .text.nrf_ble_lesc_on_ble_evt
                0x0000000000029280      0x11c _build/nrf52840_xxaa/nrf_ble_lesc.c.o
                0x0000000000029280                nrf_ble_lesc_on_ble_evt
 .text.nrfx_gpiote_init
                0x000000000002939c       0x9c _build/nrf52840_xxaa/nrfx_gpiote.c.o
                0x000000000002939c                nrfx_gpiote_init
 .text.nrfx_gpiote_is_init
                0x0000000000029438       0x14 _build/nrf52840_xxaa/nrfx_gpiote.c.o
                0x0000000000029438                nrfx_gpiote_is_init
 .text.nrfx_gpiote_in_init
                0x000000000002944c      0x1d0 _build/nrf52840_xxaa/nrfx_gpiote.c.o
                0x000000000002944c                nrfx_gpiote_in_init
 .text.nrfx_gpiote_in_event_enable
                0x000000000002961c       0xf4 _build/nrf52840_xxaa/nrfx_gpiote.c.o
                0x000000000002961c                nrfx_gpiote_in_event_enable
 .text.nrfx_gpiote_in_is_set
                0x0000000000029710       0x20 _build/nrf52840_xxaa/nrfx_gpiote.c.o
                0x0000000000029710                nrfx_gpiote_in_is_set
 .text.GPIOTE_IRQHandler
                0x0000000000029730      0x59c _build/nrf52840_xxaa/nrfx_gpiote.c.o
                0x0000000000029730                GPIOTE_IRQHandler
 .text.overflow_counter_get
                0x0000000000029ccc       0xd0 _build/nrf52840_xxaa/nrf_802154_lp_timer_nodrv.c.o
 .text.nrf_802154_lp_timer_critical_section_enter
                0x0000000000029d9c       0x20 _build/nrf52840_xxaa/nrf_802154_lp_timer_nodrv.c.o
                0x0000000000029d9c                nrf_802154_lp_timer_critical_section_enter
 .text.nrf_802154_lp_timer_critical_section_exit
                0x0000000000029dbc       0x1c _build/nrf52840_xxaa/nrf_802154_lp_timer_nodrv.c.o
                0x0000000000029dbc                nrf_802154_lp_timer_critical_section_exit
 .text.nrf_802154_lp_timer_time_get
                0x0000000000029dd8      0x10c _build/nrf52840_xxaa/nrf_802154_lp_timer_nodrv.c.o
                0x0000000000029dd8                nrf_802154_lp_timer_time_get
 .text.nrf_802154_lp_timer_granularity_get
                0x0000000000029ee4        0x4 _build/nrf52840_xxaa/nrf_802154_lp_timer_nodrv.c.o
                0x0000000000029ee4                nrf_802154_lp_timer_granularity_get
 .text.nrf_802154_lp_timer_start
                0x0000000000029ee8      0x270 _build/nrf52840_xxaa/nrf_802154_lp_timer_nodrv.c.o
                0x0000000000029ee8                nrf_802154_lp_timer_start
 .text.nrf_802154_lp_timer_stop
                0x000000000002a158       0x28 _build/nrf52840_xxaa/nrf_802154_lp_timer_nodrv.c.o
                0x000000000002a158                nrf_802154_lp_timer_stop
 .text.nrf_802154_lp_timer_sync_start_now
                0x000000000002a180      0x1a0 _build/nrf52840_xxaa/nrf_802154_lp_timer_nodrv.c.o
                0x000000000002a180                nrf_802154_lp_timer_sync_start_now
 .text.nrf_802154_lp_timer_sync_start_at
                0x000000000002a320      0x1cc _build/nrf52840_xxaa/nrf_802154_lp_timer_nodrv.c.o
                0x000000000002a320                nrf_802154_lp_timer_sync_start_at
 .text.nrf_802154_lp_timer_sync_stop
                0x000000000002a4ec       0x28 _build/nrf52840_xxaa/nrf_802154_lp_timer_nodrv.c.o
                0x000000000002a4ec                nrf_802154_lp_timer_sync_stop
 .text.nrf_802154_lp_timer_sync_time_get
                0x000000000002a514        0xc _build/nrf52840_xxaa/nrf_802154_lp_timer_nodrv.c.o
                0x000000000002a514                nrf_802154_lp_timer_sync_time_get
 .text.RTC2_IRQHandler
                0x000000000002a520       0xd8 _build/nrf52840_xxaa/nrf_802154_lp_timer_nodrv.c.o
                0x000000000002a520                RTC2_IRQHandler
 .text.sd_ble_gatts_service_changed
                0x000000000002a5f8        0x4 _build/nrf52840_xxaa/gatts_cache_manager.c.o
 .text.sd_ble_gatts_sys_attr_set
                0x000000000002a5fc        0x4 _build/nrf52840_xxaa/gatts_cache_manager.c.o
 .text.sd_ble_gatts_sys_attr_get
                0x000000000002a600        0x4 _build/nrf52840_xxaa/gatts_cache_manager.c.o
 .text.sd_ble_gatts_initial_user_handle_get
                0x000000000002a604        0x4 _build/nrf52840_xxaa/gatts_cache_manager.c.o
 .text.service_changed_pending_set
                0x000000000002a608       0xac _build/nrf52840_xxaa/gatts_cache_manager.c.o
 .text.gscm_pdb_evt_handler
                0x000000000002a6b4       0x18 _build/nrf52840_xxaa/gatts_cache_manager.c.o
                0x000000000002a6b4                gscm_pdb_evt_handler
 .text.gscm_init
                0x000000000002a6cc       0x10 _build/nrf52840_xxaa/gatts_cache_manager.c.o
                0x000000000002a6cc                gscm_init
 .text.gscm_local_db_cache_update
                0x000000000002a6dc       0xe4 _build/nrf52840_xxaa/gatts_cache_manager.c.o
                0x000000000002a6dc                gscm_local_db_cache_update
 .text.gscm_local_db_cache_apply
                0x000000000002a7c0       0xac _build/nrf52840_xxaa/gatts_cache_manager.c.o
                0x000000000002a7c0                gscm_local_db_cache_apply
 .text.gscm_service_changed_ind_needed
                0x000000000002a86c       0x2c _build/nrf52840_xxaa/gatts_cache_manager.c.o
                0x000000000002a86c                gscm_service_changed_ind_needed
 .text.gscm_service_changed_ind_send
                0x000000000002a898       0x5c _build/nrf52840_xxaa/gatts_cache_manager.c.o
                0x000000000002a898                gscm_service_changed_ind_send
 .text.gscm_db_change_notification_done
                0x000000000002a8f4       0x24 _build/nrf52840_xxaa/gatts_cache_manager.c.o
                0x000000000002a8f4                gscm_db_change_notification_done
 .text.nrf_atflags_set
                0x000000000002a918       0x14 _build/nrf52840_xxaa/nrf_atflags.c.o
                0x000000000002a918                nrf_atflags_set
 .text.nrf_atflags_fetch_set
                0x000000000002a92c       0x20 _build/nrf52840_xxaa/nrf_atflags.c.o
                0x000000000002a92c                nrf_atflags_fetch_set
 .text.nrf_atflags_clear
                0x000000000002a94c       0x14 _build/nrf52840_xxaa/nrf_atflags.c.o
                0x000000000002a94c                nrf_atflags_clear
 .text.nrf_atflags_get
                0x000000000002a960       0x14 _build/nrf52840_xxaa/nrf_atflags.c.o
                0x000000000002a960                nrf_atflags_get
 .text.nrf_atflags_find_and_set_flag
                0x000000000002a974       0x90 _build/nrf52840_xxaa/nrf_atflags.c.o
                0x000000000002a974                nrf_atflags_find_and_set_flag
 .text.nrf_802154_buffer_free_raw.part.0
                0x000000000002aa04       0x1c _build/nrf52840_xxaa/nrf_802154.c.o
 .text.nrf_802154_received_timestamp_raw
                0x000000000002aa20       0x30 _build/nrf52840_xxaa/nrf_802154.c.o
                0x000000000002aa20                nrf_802154_received_timestamp_raw
 .text.nrf_802154_received_raw
                0x000000000002aa50       0x38 _build/nrf52840_xxaa/nrf_802154.c.o
                0x000000000002aa50                nrf_802154_received_raw
 .text.nrf_802154_receive_failed
                0x000000000002aa88        0x4 _build/nrf52840_xxaa/nrf_802154.c.o
                0x000000000002aa88                nrf_802154_receive_failed
 .text.nrf_802154_transmitted_timestamp_raw
                0x000000000002aa8c       0x34 _build/nrf52840_xxaa/nrf_802154.c.o
                0x000000000002aa8c                nrf_802154_transmitted_timestamp_raw
 .text.nrf_802154_transmitted_raw
                0x000000000002aac0       0x38 _build/nrf52840_xxaa/nrf_802154.c.o
                0x000000000002aac0                nrf_802154_transmitted_raw
 .text.nrf_802154_transmit_failed
                0x000000000002aaf8        0x4 _build/nrf52840_xxaa/nrf_802154.c.o
                0x000000000002aaf8                nrf_802154_transmit_failed
 .text.nrf_802154_energy_detected
                0x000000000002aafc        0x4 _build/nrf52840_xxaa/nrf_802154.c.o
                0x000000000002aafc                nrf_802154_energy_detected
 .text.nrf_802154_energy_detection_failed
                0x000000000002ab00        0x4 _build/nrf52840_xxaa/nrf_802154.c.o
                0x000000000002ab00                nrf_802154_energy_detection_failed
 .text.nrf_802154_cca_done
                0x000000000002ab04        0x4 _build/nrf52840_xxaa/nrf_802154.c.o
                0x000000000002ab04                nrf_802154_cca_done
 .text.nrf_802154_cca_failed
                0x000000000002ab08        0x4 _build/nrf52840_xxaa/nrf_802154.c.o
                0x000000000002ab08                nrf_802154_cca_failed
 .text.SystemInit
                0x000000000002ab0c      0x1c4 _build/nrf52840_xxaa/system_nrf52840.c.o
                0x000000000002ab0c                SystemInit
 .text.sd_softdevice_enable
                0x000000000002acd0        0x4 _build/nrf52840_xxaa/nrf_sdh.c.o
 .text.sd_softdevice_disable
                0x000000000002acd4        0x4 _build/nrf52840_xxaa/nrf_sdh.c.o
 .text.nrf_sdh_enable_request
                0x000000000002acd8      0x120 _build/nrf52840_xxaa/nrf_sdh.c.o
                0x000000000002acd8                nrf_sdh_enable_request
 .text.nrf_sdh_disable_request
                0x000000000002adf8       0xe4 _build/nrf52840_xxaa/nrf_sdh.c.o
                0x000000000002adf8                nrf_sdh_disable_request
 .text.nrf_sdh_request_continue
                0x000000000002aedc       0x20 _build/nrf52840_xxaa/nrf_sdh.c.o
                0x000000000002aedc                nrf_sdh_request_continue
 .text.nrf_sdh_is_enabled
                0x000000000002aefc        0xc _build/nrf52840_xxaa/nrf_sdh.c.o
                0x000000000002aefc                nrf_sdh_is_enabled
 .text.SWI2_EGU2_IRQHandler
                0x000000000002af08       0x2c _build/nrf52840_xxaa/nrf_sdh.c.o
                0x000000000002af08                SWI2_EGU2_IRQHandler
 .text.page_scan
                0x000000000002af34       0xdc _build/nrf52840_xxaa/fds.c.o
 .text.gc_record_find_next
                0x000000000002b010       0xf0 _build/nrf52840_xxaa/fds.c.o
 .text.record_find_by_desc
                0x000000000002b100       0xf0 _build/nrf52840_xxaa/fds.c.o
 .text.queue_process
                0x000000000002b1f0      0x894 _build/nrf52840_xxaa/fds.c.o
 .text.fs_event_handler
                0x000000000002ba84        0x8 _build/nrf52840_xxaa/fds.c.o
 .text.fds_register
                0x000000000002ba8c       0x2c _build/nrf52840_xxaa/fds.c.o
                0x000000000002ba8c                fds_register
 .text.fds_init
                0x000000000002bab8      0x2a4 _build/nrf52840_xxaa/fds.c.o
                0x000000000002bab8                fds_init
 .text.fds_record_open
                0x000000000002bd5c       0x50 _build/nrf52840_xxaa/fds.c.o
                0x000000000002bd5c                fds_record_open
 .text.fds_record_close
                0x000000000002bdac       0x4c _build/nrf52840_xxaa/fds.c.o
                0x000000000002bdac                fds_record_close
 .text.fds_record_write
                0x000000000002bdf8      0x138 _build/nrf52840_xxaa/fds.c.o
                0x000000000002bdf8                fds_record_write
 .text.fds_record_update
                0x000000000002bf30      0x140 _build/nrf52840_xxaa/fds.c.o
                0x000000000002bf30                fds_record_update
 .text.fds_file_delete
                0x000000000002c070       0x70 _build/nrf52840_xxaa/fds.c.o
                0x000000000002c070                fds_file_delete
 .text.fds_gc   0x000000000002c0e0       0x6c _build/nrf52840_xxaa/fds.c.o
                0x000000000002c0e0                fds_gc
 .text.fds_record_find
                0x000000000002c14c       0xf0 _build/nrf52840_xxaa/fds.c.o
                0x000000000002c14c                fds_record_find
 .text.fds_record_find_by_key
                0x000000000002c23c       0xe4 _build/nrf52840_xxaa/fds.c.o
                0x000000000002c23c                fds_record_find_by_key
 .text.fds_record_find_in_file
                0x000000000002c320       0xe4 _build/nrf52840_xxaa/fds.c.o
                0x000000000002c320                fds_record_find_in_file
 .text.fds_record_id_from_desc
                0x000000000002c404       0x10 _build/nrf52840_xxaa/fds.c.o
                0x000000000002c404                fds_record_id_from_desc
 .text.alert_timer_handler
                0x000000000002c414        0x8 _build/nrf52840_xxaa/bsp.c.o
 .text.bsp_button_event_handler
                0x000000000002c41c       0xa4 _build/nrf52840_xxaa/bsp.c.o
 .text.button_timer_handler
                0x000000000002c4c0       0x30 _build/nrf52840_xxaa/bsp.c.o
 .text.bsp_led_indication
                0x000000000002c4f0      0x31c _build/nrf52840_xxaa/bsp.c.o
 .text.leds_timer_handler
                0x000000000002c80c       0x1c _build/nrf52840_xxaa/bsp.c.o
 .text.bsp_button_is_pressed
                0x000000000002c828        0xc _build/nrf52840_xxaa/bsp.c.o
                0x000000000002c828                bsp_button_is_pressed
 .text.bsp_indication_set
                0x000000000002c834       0x18 _build/nrf52840_xxaa/bsp.c.o
                0x000000000002c834                bsp_indication_set
 .text.bsp_init
                0x000000000002c84c       0xc0 _build/nrf52840_xxaa/bsp.c.o
                0x000000000002c84c                bsp_init
 .text.bsp_event_to_button_action_assign
                0x000000000002c90c       0x58 _build/nrf52840_xxaa/bsp.c.o
                0x000000000002c90c                bsp_event_to_button_action_assign
 .text.nrf_section_iter_init
                0x000000000002c964       0x14 _build/nrf52840_xxaa/nrf_section_iter.c.o
                0x000000000002c964                nrf_section_iter_init
 .text.nrf_section_iter_next
                0x000000000002c978       0x18 _build/nrf52840_xxaa/nrf_section_iter.c.o
                0x000000000002c978                nrf_section_iter_next
 .text.sd_app_evt_wait
                0x000000000002c990        0x4 _build/nrf52840_xxaa/nrf_pwr_mgmt.c.o
 .text.nrf_pwr_mgmt_init
                0x000000000002c994       0x2c _build/nrf52840_xxaa/nrf_pwr_mgmt.c.o
                0x000000000002c994                nrf_pwr_mgmt_init
 .text.nrf_pwr_mgmt_run
                0x000000000002c9c0       0x54 _build/nrf52840_xxaa/nrf_pwr_mgmt.c.o
                0x000000000002c9c0                nrf_pwr_mgmt_run
 .text.nrf_memobj_pool_init
                0x000000000002ca14        0x4 _build/nrf52840_xxaa/nrf_memobj.c.o
                0x000000000002ca14                nrf_memobj_pool_init
 .text.nrf_memobj_alloc
                0x000000000002ca18       0x98 _build/nrf52840_xxaa/nrf_memobj.c.o
                0x000000000002ca18                nrf_memobj_alloc
 .text.nrf_memobj_get
                0x000000000002cab0        0x8 _build/nrf52840_xxaa/nrf_memobj.c.o
                0x000000000002cab0                nrf_memobj_get
 .text.nrf_memobj_put
                0x000000000002cab8       0x58 _build/nrf52840_xxaa/nrf_memobj.c.o
                0x000000000002cab8                nrf_memobj_put
 .text.nrf_memobj_write
                0x000000000002cb10       0x68 _build/nrf52840_xxaa/nrf_memobj.c.o
                0x000000000002cb10                nrf_memobj_write
 .text.nrf_memobj_read
                0x000000000002cb78       0x68 _build/nrf52840_xxaa/nrf_memobj.c.o
                0x000000000002cb78                nrf_memobj_read
 .text.assert_interrupt_status.part.0
                0x000000000002cbe0       0x1c _build/nrf52840_xxaa/nrf_802154_request_swi.c.o
 .text.nrf_802154_request_transmit
                0x000000000002cbfc       0x6c _build/nrf52840_xxaa/nrf_802154_request_swi.c.o
                0x000000000002cbfc                nrf_802154_request_transmit
 .text.nrf_802154_request_buffer_free
                0x000000000002cc68       0x40 _build/nrf52840_xxaa/nrf_802154_request_swi.c.o
                0x000000000002cc68                nrf_802154_request_buffer_free
 .text.nrf_802154_delayed_trx_abort
                0x000000000002cca8       0x30 _build/nrf52840_xxaa/nrf_802154_delayed_trx.c.o
                0x000000000002cca8                nrf_802154_delayed_trx_abort
 .text.sd_ble_gatts_rw_authorize_reply
                0x000000000002ccd8        0x4 _build/nrf52840_xxaa/nrf_ble_qwr.c.o
 .text.sd_ble_user_mem_reply
                0x000000000002ccdc        0x4 _build/nrf52840_xxaa/nrf_ble_qwr.c.o
 .text.nrf_ble_qwr_init
                0x000000000002cce0       0x24 _build/nrf52840_xxaa/nrf_ble_qwr.c.o
                0x000000000002cce0                nrf_ble_qwr_init
 .text.nrf_ble_qwr_conn_handle_assign
                0x000000000002cd04       0x18 _build/nrf52840_xxaa/nrf_ble_qwr.c.o
                0x000000000002cd04                nrf_ble_qwr_conn_handle_assign
 .text.nrf_ble_qwr_on_ble_evt
                0x000000000002cd1c       0xf0 _build/nrf52840_xxaa/nrf_ble_qwr.c.o
                0x000000000002cd1c                nrf_ble_qwr_on_ble_evt
 .text.sd_flash_write
                0x000000000002ce0c        0x4 _build/nrf52840_xxaa/nrf_fstorage_sd.c.o
 .text.sd_flash_page_erase
                0x000000000002ce10        0x4 _build/nrf52840_xxaa/nrf_fstorage_sd.c.o
 .text.rmap     0x000000000002ce14        0x4 _build/nrf52840_xxaa/nrf_fstorage_sd.c.o
 .text.wmap     0x000000000002ce18        0x4 _build/nrf52840_xxaa/nrf_fstorage_sd.c.o
 .text.is_busy  0x000000000002ce1c       0x10 _build/nrf52840_xxaa/nrf_fstorage_sd.c.o
 .text.nrf_fstorage_sdh_req_handler
                0x000000000002ce2c       0x14 _build/nrf52840_xxaa/nrf_fstorage_sd.c.o
                0x000000000002ce2c                nrf_fstorage_sdh_req_handler
 .text.read     0x000000000002ce40       0x10 _build/nrf52840_xxaa/nrf_fstorage_sd.c.o
 .text.uninit   0x000000000002ce50       0x20 _build/nrf52840_xxaa/nrf_fstorage_sd.c.o
 .text.init     0x000000000002ce70       0x3c _build/nrf52840_xxaa/nrf_fstorage_sd.c.o
 .text.queue_process
                0x000000000002ceac      0x188 _build/nrf52840_xxaa/nrf_fstorage_sd.c.o
 .text.nrf_fstorage_sdh_state_handler
                0x000000000002d034       0x24 _build/nrf52840_xxaa/nrf_fstorage_sd.c.o
                0x000000000002d034                nrf_fstorage_sdh_state_handler
 .text.erase    0x000000000002d058       0x70 _build/nrf52840_xxaa/nrf_fstorage_sd.c.o
 .text.write    0x000000000002d0c8       0x70 _build/nrf52840_xxaa/nrf_fstorage_sd.c.o
 .text.nrf_fstorage_sys_evt_handler
                0x000000000002d138       0xe8 _build/nrf52840_xxaa/nrf_fstorage_sd.c.o
                0x000000000002d138                nrf_fstorage_sys_evt_handler
 .text.nrfx_clock_init
                0x000000000002d220       0x18 _build/nrf52840_xxaa/nrfx_clock.c.o
                0x000000000002d220                nrfx_clock_init
 .text.nrfx_clock_enable
                0x000000000002d238       0x24 _build/nrf52840_xxaa/nrfx_clock.c.o
                0x000000000002d238                nrfx_clock_enable
 .text.nrfx_clock_lfclk_stop
                0x000000000002d25c       0x18 _build/nrf52840_xxaa/nrfx_clock.c.o
                0x000000000002d25c                nrfx_clock_lfclk_stop
 .text.nrfx_clock_hfclk_stop
                0x000000000002d274       0x28 _build/nrf52840_xxaa/nrfx_clock.c.o
                0x000000000002d274                nrfx_clock_hfclk_stop
 .text.POWER_CLOCK_IRQHandler
                0x000000000002d29c       0x64 _build/nrf52840_xxaa/nrfx_clock.c.o
                0x000000000002d29c                POWER_CLOCK_IRQHandler
 .text.UARTE0_UART0_IRQHandler
                0x000000000002d300        0xc _build/nrf52840_xxaa/nrfx_prs.c.o
                0x000000000002d300                UARTE0_UART0_IRQHandler
 .text.nrfx_prs_acquire
                0x000000000002d30c       0x50 _build/nrf52840_xxaa/nrfx_prs.c.o
                0x000000000002d30c                nrfx_prs_acquire
 .text.nrfx_prs_release
                0x000000000002d35c       0x18 _build/nrf52840_xxaa/nrfx_prs.c.o
                0x000000000002d35c                nrfx_prs_release
 .text.nrf_ringbuf_init
                0x000000000002d374       0x1c _build/nrf52840_xxaa/nrf_ringbuf.c.o
                0x000000000002d374                nrf_ringbuf_init
 .text.ble_evt_handler
                0x000000000002d390       0x24 _build/nrf52840_xxaa/peer_manager.c.o
 .text.pm_peer_ranks_get.part.4
                0x000000000002d3b4       0xf0 _build/nrf52840_xxaa/peer_manager.c.o
 .text.pm_pdb_evt_handler
                0x000000000002d4a4      0x258 _build/nrf52840_xxaa/peer_manager.c.o
                0x000000000002d4a4                pm_pdb_evt_handler
 .text.pm_sm_evt_handler
                0x000000000002d6fc       0x2c _build/nrf52840_xxaa/peer_manager.c.o
                0x000000000002d6fc                pm_sm_evt_handler
 .text.pm_gcm_evt_handler
                0x000000000002d728       0x28 _build/nrf52840_xxaa/peer_manager.c.o
                0x000000000002d728                pm_gcm_evt_handler
 .text.pm_gscm_evt_handler
                0x000000000002d750       0x28 _build/nrf52840_xxaa/peer_manager.c.o
                0x000000000002d750                pm_gscm_evt_handler
 .text.pm_im_evt_handler
                0x000000000002d778       0x28 _build/nrf52840_xxaa/peer_manager.c.o
                0x000000000002d778                pm_im_evt_handler
 .text.pm_init  0x000000000002d7a0       0xe8 _build/nrf52840_xxaa/peer_manager.c.o
                0x000000000002d7a0                pm_init
 .text.pm_register
                0x000000000002d888       0x38 _build/nrf52840_xxaa/peer_manager.c.o
                0x000000000002d888                pm_register
 .text.pm_sec_params_set
                0x000000000002d8c0       0x14 _build/nrf52840_xxaa/peer_manager.c.o
                0x000000000002d8c0                pm_sec_params_set
 .text.pm_conn_secure
                0x000000000002d8d4       0x1c _build/nrf52840_xxaa/peer_manager.c.o
                0x000000000002d8d4                pm_conn_secure
 .text.pm_conn_sec_status_get
                0x000000000002d8f0       0x70 _build/nrf52840_xxaa/peer_manager.c.o
                0x000000000002d8f0                pm_conn_sec_status_get
 .text.pm_peer_delete
                0x000000000002d960       0x14 _build/nrf52840_xxaa/peer_manager.c.o
                0x000000000002d960                pm_peer_delete
 .text.pm_peers_delete
                0x000000000002d974       0xd4 _build/nrf52840_xxaa/peer_manager.c.o
                0x000000000002d974                pm_peers_delete
 .text.pm_peer_ranks_get
                0x000000000002da48       0x1c _build/nrf52840_xxaa/peer_manager.c.o
                0x000000000002da48                pm_peer_ranks_get
 .text.pm_peer_rank_highest
                0x000000000002da64      0x148 _build/nrf52840_xxaa/peer_manager.c.o
                0x000000000002da64                pm_peer_rank_highest
 .text.nrf_fstorage_init
                0x000000000002dbac       0x5c _build/nrf52840_xxaa/nrf_fstorage.c.o
                0x000000000002dbac                nrf_fstorage_init
 .text.nrf_fstorage_write
                0x000000000002dc08      0x13c _build/nrf52840_xxaa/nrf_fstorage.c.o
                0x000000000002dc08                nrf_fstorage_write
 .text.nrf_fstorage_erase
                0x000000000002dd44       0xf4 _build/nrf52840_xxaa/nrf_fstorage.c.o
                0x000000000002dd44                nrf_fstorage_erase
 .text.result_get
                0x000000000002de38      0x174 _build/nrf52840_xxaa/cc310_backend_rng.c.o
 .text.nrf_crypto_rng_backend_init
                0x000000000002dfac       0x58 _build/nrf52840_xxaa/cc310_backend_rng.c.o
                0x000000000002dfac                nrf_crypto_rng_backend_init
 .text.nrf_crypto_rng_backend_vector_generate
                0x000000000002e004      0x300 _build/nrf52840_xxaa/cc310_backend_rng.c.o
                0x000000000002e004                nrf_crypto_rng_backend_vector_generate
 .text.nrf_crypto_rng_backend_reseed
                0x000000000002e304       0x7c _build/nrf52840_xxaa/cc310_backend_rng.c.o
                0x000000000002e304                nrf_crypto_rng_backend_reseed
 .text.nrf_mem_init
                0x000000000002e380       0x38 _build/nrf52840_xxaa/mem_manager.c.o
                0x000000000002e380                nrf_mem_init
 .text.nrf_malloc
                0x000000000002e3b8       0xac _build/nrf52840_xxaa/mem_manager.c.o
                0x000000000002e3b8                nrf_malloc
 .text.uart_evt_handler
                0x000000000002e464        0xc _build/nrf52840_xxaa/nrf_log_backend_uart.c.o
 .text.nrf_log_backend_uart_flush
                0x000000000002e470        0x4 _build/nrf52840_xxaa/nrf_log_backend_uart.c.o
 .text.nrf_log_backend_uart_put
                0x000000000002e474       0x20 _build/nrf52840_xxaa/nrf_log_backend_uart.c.o
 .text.serial_tx
                0x000000000002e494       0x54 _build/nrf52840_xxaa/nrf_log_backend_uart.c.o
 .text.nrf_log_backend_uart_panic_set
                0x000000000002e4e8       0x6c _build/nrf52840_xxaa/nrf_log_backend_uart.c.o
 .text.nrf_log_backend_uart_init
                0x000000000002e554       0x54 _build/nrf52840_xxaa/nrf_log_backend_uart.c.o
                0x000000000002e554                nrf_log_backend_uart_init
 .text.app_error_handler
                0x000000000002e5a8       0x1c _build/nrf52840_xxaa/app_error_handler_gcc.c.o
                0x000000000002e5a8                app_error_handler
 .text.sd_clock_hfclk_release
                0x000000000002e5c4        0x4 _build/nrf52840_xxaa/nrf_drv_clock.c.o
 .text.clock_irq_handler
                0x000000000002e5c8       0x44 _build/nrf52840_xxaa/nrf_drv_clock.c.o
 .text.soc_evt_handler
                0x000000000002e60c       0x28 _build/nrf52840_xxaa/nrf_drv_clock.c.o
 .text.sd_state_evt_handler
                0x000000000002e634       0xa4 _build/nrf52840_xxaa/nrf_drv_clock.c.o
 .text.nrf_drv_clock_hfclk_release
                0x000000000002e6d8       0x5c _build/nrf52840_xxaa/nrf_drv_clock.c.o
                0x000000000002e6d8                nrf_drv_clock_hfclk_release
 .text.unsigned_print
                0x000000000002e734      0x158 _build/nrf52840_xxaa/nrf_fprintf_format.c.o
 .text.nrf_fprintf_fmt
                0x000000000002e88c      0x73c _build/nrf52840_xxaa/nrf_fprintf_format.c.o
                0x000000000002e88c                nrf_fprintf_fmt
 .text.nrfx_uarte_0_irq_handler
                0x000000000002efc8      0x124 _build/nrf52840_xxaa/nrfx_uarte.c.o
                0x000000000002efc8                nrfx_uarte_0_irq_handler
 .text.nrfx_uarte_init
                0x000000000002f0ec      0x204 _build/nrf52840_xxaa/nrfx_uarte.c.o
                0x000000000002f0ec                nrfx_uarte_init
 .text.nrfx_uarte_uninit
                0x000000000002f2f0      0x100 _build/nrf52840_xxaa/nrfx_uarte.c.o
                0x000000000002f2f0                nrfx_uarte_uninit
 .text.nrfx_uarte_tx
                0x000000000002f3f0       0xa4 _build/nrf52840_xxaa/nrfx_uarte.c.o
                0x000000000002f3f0                nrfx_uarte_tx
 .text.cc310_backend_uninit
                0x000000000002f494       0x28 _build/nrf52840_xxaa/cc310_backend_init.c.o
 .text.cc310_backend_init
                0x000000000002f4bc       0x34 _build/nrf52840_xxaa/cc310_backend_init.c.o
 .text.nrfx_uart_0_irq_handler
                0x000000000002f4f0      0x1c0 _build/nrf52840_xxaa/nrfx_uart.c.o
                0x000000000002f4f0                nrfx_uart_0_irq_handler
 .text.nrfx_uart_init
                0x000000000002f6b0      0x1e0 _build/nrf52840_xxaa/nrfx_uart.c.o
                0x000000000002f6b0                nrfx_uart_init
 .text.nrfx_uart_uninit
                0x000000000002f890       0xfc _build/nrf52840_xxaa/nrfx_uart.c.o
                0x000000000002f890                nrfx_uart_uninit
 .text.nrfx_uart_tx
                0x000000000002f98c       0xcc _build/nrf52840_xxaa/nrfx_uart.c.o
                0x000000000002f98c                nrfx_uart_tx
 .text.nrf_crypto_ecdh_compute
                0x000000000002fa58       0xa0 _build/nrf52840_xxaa/nrf_crypto_ecdh.c.o
                0x000000000002fa58                nrf_crypto_ecdh_compute
 .text.timer_remove
                0x000000000002faf8       0xe8 _build/nrf52840_xxaa/nrf_802154_timer_sched.c.o
 .text.nrf_802154_timer_sched_time_get
                0x000000000002fbe0        0x4 _build/nrf52840_xxaa/nrf_802154_timer_sched.c.o
                0x000000000002fbe0                nrf_802154_timer_sched_time_get
 .text.nrf_802154_timer_sched_granularity_get
                0x000000000002fbe4        0x4 _build/nrf52840_xxaa/nrf_802154_timer_sched.c.o
                0x000000000002fbe4                nrf_802154_timer_sched_granularity_get
 .text.nrf_802154_timer_sched_time_is_in_future
                0x000000000002fbe8       0x10 _build/nrf52840_xxaa/nrf_802154_timer_sched.c.o
                0x000000000002fbe8                nrf_802154_timer_sched_time_is_in_future
 .text.nrf_802154_timer_sched_add
                0x000000000002fbf8      0x1e8 _build/nrf52840_xxaa/nrf_802154_timer_sched.c.o
                0x000000000002fbf8                nrf_802154_timer_sched_add
 .text.nrf_802154_timer_sched_remove
                0x000000000002fde0      0x14c _build/nrf52840_xxaa/nrf_802154_timer_sched.c.o
                0x000000000002fde0                nrf_802154_timer_sched_remove
 .text.nrf_802154_lp_timer_fired
                0x000000000002ff2c       0xc8 _build/nrf52840_xxaa/nrf_802154_timer_sched.c.o
                0x000000000002ff2c                nrf_802154_lp_timer_fired
 .text.sd_ble_gattc_char_value_by_uuid_read
                0x000000000002fff4        0x4 _build/nrf52840_xxaa/gatt_cache_manager.c.o
 .text.sd_ble_gattc_read
                0x000000000002fff8        0x4 _build/nrf52840_xxaa/gatt_cache_manager.c.o
 .text.sd_ble_gatts_value_get
                0x000000000002fffc        0x4 _build/nrf52840_xxaa/gatt_cache_manager.c.o
 .text.sd_ble_gatts_initial_user_handle_get
                0x0000000000030000        0x4 _build/nrf52840_xxaa/gatt_cache_manager.c.o
 .text.car_update_pending_handle
                0x0000000000030004       0x4c _build/nrf52840_xxaa/gatt_cache_manager.c.o
 .text.local_db_apply_in_evt
                0x0000000000030050       0xfc _build/nrf52840_xxaa/gatt_cache_manager.c.o
 .text.sc_send_pending_handle
                0x000000000003014c      0x184 _build/nrf52840_xxaa/gatt_cache_manager.c.o
 .text.db_update_pending_handle
                0x00000000000302d0      0x10c _build/nrf52840_xxaa/gatt_cache_manager.c.o
 .text.apply_pending_handle
                0x00000000000303dc       0xfc _build/nrf52840_xxaa/gatt_cache_manager.c.o
 .text.gcm_im_evt_handler
                0x00000000000304d8       0x84 _build/nrf52840_xxaa/gatt_cache_manager.c.o
                0x00000000000304d8                gcm_im_evt_handler
 .text.gcm_pdb_evt_handler
                0x000000000003055c       0xec _build/nrf52840_xxaa/gatt_cache_manager.c.o
                0x000000000003055c                gcm_pdb_evt_handler
 .text.gcm_init
                0x0000000000030648       0xc4 _build/nrf52840_xxaa/gatt_cache_manager.c.o
                0x0000000000030648                gcm_init
 .text.gcm_ble_evt_handler
                0x000000000003070c      0x2ec _build/nrf52840_xxaa/gatt_cache_manager.c.o
                0x000000000003070c                gcm_ble_evt_handler
 .text.nrf_crypto_backend_cc310_ecdh_compute
                0x00000000000309f8       0xa4 _build/nrf52840_xxaa/cc310_backend_ecdh.c.o
                0x00000000000309f8                nrf_crypto_backend_cc310_ecdh_compute
 .text.nrf_crypto_backend_cc310_curve25519_ecdh_compute
                0x0000000000030a9c       0x68 _build/nrf52840_xxaa/cc310_backend_ecdh.c.o
                0x0000000000030a9c                nrf_crypto_backend_cc310_curve25519_ecdh_compute
 .text.prefix_process
                0x0000000000030b04       0x80 _build/nrf52840_xxaa/nrf_log_str_formatter.c.o
 .text.nrf_log_std_entry_process
                0x0000000000030b84       0xec _build/nrf52840_xxaa/nrf_log_str_formatter.c.o
                0x0000000000030b84                nrf_log_std_entry_process
 .text.nrf_log_hexdump_entry_process
                0x0000000000030c70       0xfc _build/nrf52840_xxaa/nrf_log_str_formatter.c.o
                0x0000000000030c70                nrf_log_hexdump_entry_process
 .text.app_error_save_and_stop
                0x0000000000030d6c       0x60 _build/nrf52840_xxaa/app_error.c.o
                0x0000000000030d6c                app_error_save_and_stop
 .text.RTC1_IRQHandler
                0x0000000000030dcc       0xa0 _build/nrf52840_xxaa/app_timer.c.o
                0x0000000000030dcc                RTC1_IRQHandler
 .text.SWI0_EGU0_IRQHandler
                0x0000000000030e6c      0x3e4 _build/nrf52840_xxaa/app_timer.c.o
                0x0000000000030e6c                SWI0_EGU0_IRQHandler
 .text.app_timer_init
                0x0000000000031250       0xa8 _build/nrf52840_xxaa/app_timer.c.o
                0x0000000000031250                app_timer_init
 .text.app_timer_create
                0x00000000000312f8       0x24 _build/nrf52840_xxaa/app_timer.c.o
                0x00000000000312f8                app_timer_create
 .text.app_timer_start
                0x000000000003131c       0xac _build/nrf52840_xxaa/app_timer.c.o
                0x000000000003131c                app_timer_start
 .text.app_timer_stop
                0x00000000000313c8       0x74 _build/nrf52840_xxaa/app_timer.c.o
                0x00000000000313c8                app_timer_stop
 .text.app_timer_stop_all
                0x000000000003143c       0x6c _build/nrf52840_xxaa/app_timer.c.o
                0x000000000003143c                app_timer_stop_all
 .text.app_timer_cnt_get
                0x00000000000314a8        0xc _build/nrf52840_xxaa/app_timer.c.o
                0x00000000000314a8                app_timer_cnt_get
 .text.app_timer_cnt_diff_compute
                0x00000000000314b4        0x8 _build/nrf52840_xxaa/app_timer.c.o
                0x00000000000314b4                app_timer_cnt_diff_compute
 .text.uarte_evt_handler
                0x00000000000314bc       0x34 _build/nrf52840_xxaa/nrf_drv_uart.c.o
 .text.uart_evt_handler
                0x00000000000314f0       0x34 _build/nrf52840_xxaa/nrf_drv_uart.c.o
 .text.nrf_drv_uart_init
                0x0000000000031524       0x88 _build/nrf52840_xxaa/nrf_drv_uart.c.o
                0x0000000000031524                nrf_drv_uart_init
 .text.nrf_802154_core_hooks_terminate
                0x00000000000315ac       0x2c _build/nrf52840_xxaa/nrf_802154_core_hooks.c.o
                0x00000000000315ac                nrf_802154_core_hooks_terminate
 .text.nrf_802154_core_hooks_tx_failed
                0x00000000000315d8       0x2c _build/nrf52840_xxaa/nrf_802154_core_hooks.c.o
                0x00000000000315d8                nrf_802154_core_hooks_tx_failed
 .text.sd_ble_gap_addr_get
                0x0000000000031604        0x4 _build/nrf52840_xxaa/ble_advdata.c.o
 .text.sd_ble_gap_appearance_get
                0x0000000000031608        0x4 _build/nrf52840_xxaa/ble_advdata.c.o
 .text.sd_ble_gap_device_name_get
                0x000000000003160c        0x4 _build/nrf52840_xxaa/ble_advdata.c.o
 .text.sd_ble_uuid_encode
                0x0000000000031610        0x4 _build/nrf52840_xxaa/ble_advdata.c.o
 .text.uuid_list_sized_encode.isra.0
                0x0000000000031614       0xc4 _build/nrf52840_xxaa/ble_advdata.c.o
 .text.ble_advdata_encode
                0x00000000000316d8      0x410 _build/nrf52840_xxaa/ble_advdata.c.o
                0x00000000000316d8                ble_advdata_encode
 .text.ble_advdata_parse
                0x0000000000031ae8       0x4c _build/nrf52840_xxaa/ble_advdata.c.o
                0x0000000000031ae8                ble_advdata_parse
 .text.blacklisted_peers_state_transition_handle
                0x0000000000031b34      0x428 _build/nrf52840_xxaa/auth_status_tracker.c.o
 .text.ast_init
                0x0000000000031f5c       0x14 _build/nrf52840_xxaa/auth_status_tracker.c.o
                0x0000000000031f5c                ast_init
 .text.ast_auth_error_notify
                0x0000000000031f70      0x868 _build/nrf52840_xxaa/auth_status_tracker.c.o
                0x0000000000031f70                ast_auth_error_notify
 .text.ast_peer_blacklisted
                0x00000000000327d8      0x19c _build/nrf52840_xxaa/auth_status_tracker.c.o
                0x00000000000327d8                ast_peer_blacklisted
 .text.ble_evt_handler
                0x0000000000032974      0x12c _build/nrf52840_xxaa/ble_conn_state.c.o
 .text.ble_conn_state_valid
                0x0000000000032aa0       0x14 _build/nrf52840_xxaa/ble_conn_state.c.o
                0x0000000000032aa0                ble_conn_state_valid
 .text.ble_conn_state_role
                0x0000000000032ab4       0x34 _build/nrf52840_xxaa/ble_conn_state.c.o
                0x0000000000032ab4                ble_conn_state_role
 .text.ble_conn_state_status
                0x0000000000032ae8       0x34 _build/nrf52840_xxaa/ble_conn_state.c.o
                0x0000000000032ae8                ble_conn_state_status
 .text.ble_conn_state_encrypted
                0x0000000000032b1c       0x30 _build/nrf52840_xxaa/ble_conn_state.c.o
                0x0000000000032b1c                ble_conn_state_encrypted
 .text.ble_conn_state_mitm_protected
                0x0000000000032b4c       0x30 _build/nrf52840_xxaa/ble_conn_state.c.o
                0x0000000000032b4c                ble_conn_state_mitm_protected
 .text.ble_conn_state_user_flag_acquire
                0x0000000000032b7c       0x14 _build/nrf52840_xxaa/ble_conn_state.c.o
                0x0000000000032b7c                ble_conn_state_user_flag_acquire
 .text.ble_conn_state_user_flag_get
                0x0000000000032b90       0x38 _build/nrf52840_xxaa/ble_conn_state.c.o
                0x0000000000032b90                ble_conn_state_user_flag_get
 .text.ble_conn_state_user_flag_set
                0x0000000000032bc8       0x44 _build/nrf52840_xxaa/ble_conn_state.c.o
                0x0000000000032bc8                ble_conn_state_user_flag_set
 .text.ble_conn_state_for_each_set_user_flag
                0x0000000000032c0c       0x58 _build/nrf52840_xxaa/ble_conn_state.c.o
                0x0000000000032c0c                ble_conn_state_for_each_set_user_flag
 .text.nrf_802154_notify_received
                0x0000000000032c64        0x4 _build/nrf52840_xxaa/nrf_802154_notification_swi.c.o
                0x0000000000032c64                nrf_802154_notify_received
 .text.nrf_802154_notify_receive_failed
                0x0000000000032c68        0x4 _build/nrf52840_xxaa/nrf_802154_notification_swi.c.o
                0x0000000000032c68                nrf_802154_notify_receive_failed
 .text.nrf_802154_notify_transmit_failed
                0x0000000000032c6c        0x4 _build/nrf52840_xxaa/nrf_802154_notification_swi.c.o
                0x0000000000032c6c                nrf_802154_notify_transmit_failed
 .text.nrf_802154_notify_energy_detection_failed
                0x0000000000032c70        0x4 _build/nrf52840_xxaa/nrf_802154_notification_swi.c.o
                0x0000000000032c70                nrf_802154_notify_energy_detection_failed
 .text.nrf_802154_notify_cca_failed
                0x0000000000032c74        0x4 _build/nrf52840_xxaa/nrf_802154_notification_swi.c.o
                0x0000000000032c74                nrf_802154_notify_cca_failed
 .text.sd_ble_gap_disconnect
                0x0000000000032c78        0x4 _build/nrf52840_xxaa/peer_manager_handler.c.o
 .text.pm_handler_on_pm_evt
                0x0000000000032c7c      0x324 _build/nrf52840_xxaa/peer_manager_handler.c.o
                0x0000000000032c7c                pm_handler_on_pm_evt
 .text.pm_handler_flash_clean
                0x0000000000032fa0      0x3b4 _build/nrf52840_xxaa/peer_manager_handler.c.o
                0x0000000000032fa0                pm_handler_flash_clean
 .text.nrf_802154_rx_buffer_free_find
                0x0000000000033354       0xb0 _build/nrf52840_xxaa/nrf_802154_rx_buffer.c.o
                0x0000000000033354                nrf_802154_rx_buffer_free_find
 .text.nrf_802154_rsch_crit_sect_prio_request
                0x0000000000033404        0x4 _build/nrf52840_xxaa/nrf_802154_rsch_crit_sect.c.o
                0x0000000000033404                nrf_802154_rsch_crit_sect_prio_request
 .text.nrf_802154_rsch_continuous_prio_changed
                0x0000000000033408       0x44 _build/nrf52840_xxaa/nrf_802154_rsch_crit_sect.c.o
                0x0000000000033408                nrf_802154_rsch_continuous_prio_changed
 .text.nrf_802154_critical_section_rsch_enter
                0x000000000003344c        0x4 _build/nrf52840_xxaa/nrf_802154_rsch_crit_sect.c.o
                0x000000000003344c                nrf_802154_critical_section_rsch_enter
 .text.nrf_802154_critical_section_rsch_exit
                0x0000000000033450       0x20 _build/nrf52840_xxaa/nrf_802154_rsch_crit_sect.c.o
                0x0000000000033450                nrf_802154_critical_section_rsch_exit
 .text.nrf_802154_critical_section_rsch_event_is_pending
                0x0000000000033470       0x10 _build/nrf52840_xxaa/nrf_802154_rsch_crit_sect.c.o
                0x0000000000033470                nrf_802154_critical_section_rsch_event_is_pending
 .text.nrf_802154_pib_channel_get
                0x0000000000033480        0xc _build/nrf52840_xxaa/nrf_802154_pib.c.o
                0x0000000000033480                nrf_802154_pib_channel_get
 .text.nrf_802154_pib_tx_power_get
                0x000000000003348c        0xc _build/nrf52840_xxaa/nrf_802154_pib.c.o
                0x000000000003348c                nrf_802154_pib_tx_power_get
 .text.nrf_802154_pib_cca_cfg_get
                0x0000000000033498        0xc _build/nrf52840_xxaa/nrf_802154_pib.c.o
                0x0000000000033498                nrf_802154_pib_cca_cfg_get
 .text.sd_ecb_block_encrypt
                0x00000000000334a4        0x4 _build/nrf52840_xxaa/id_manager.c.o
 .text.im_ble_evt_handler
                0x00000000000334a8      0x1dc _build/nrf52840_xxaa/id_manager.c.o
                0x00000000000334a8                im_ble_evt_handler
 .text.im_is_duplicate_bonding_data
                0x0000000000033684      0x12c _build/nrf52840_xxaa/id_manager.c.o
                0x0000000000033684                im_is_duplicate_bonding_data
 .text.im_find_duplicate_bonding_data
                0x00000000000337b0       0x40 _build/nrf52840_xxaa/id_manager.c.o
                0x00000000000337b0                im_find_duplicate_bonding_data
 .text.im_peer_id_get_by_conn_handle
                0x00000000000337f0       0x2c _build/nrf52840_xxaa/id_manager.c.o
                0x00000000000337f0                im_peer_id_get_by_conn_handle
 .text.im_ble_addr_get
                0x000000000003381c       0x3c _build/nrf52840_xxaa/id_manager.c.o
                0x000000000003381c                im_ble_addr_get
 .text.im_master_ids_compare
                0x0000000000033858       0x44 _build/nrf52840_xxaa/id_manager.c.o
                0x0000000000033858                im_master_ids_compare
 .text.im_peer_id_get_by_master_id
                0x000000000003389c       0xf4 _build/nrf52840_xxaa/id_manager.c.o
                0x000000000003389c                im_peer_id_get_by_master_id
 .text.im_conn_handle_get
                0x0000000000033990       0x40 _build/nrf52840_xxaa/id_manager.c.o
                0x0000000000033990                im_conn_handle_get
 .text.im_new_peer_id
                0x00000000000339d0       0x14 _build/nrf52840_xxaa/id_manager.c.o
                0x00000000000339d0                im_new_peer_id
 .text.im_peer_free
                0x00000000000339e4       0x54 _build/nrf52840_xxaa/id_manager.c.o
                0x00000000000339e4                im_peer_free
 .text.nrf_atomic_u32_fetch_store
                0x0000000000033a38       0x14 _build/nrf52840_xxaa/nrf_atomic.c.o
                0x0000000000033a38                nrf_atomic_u32_fetch_store
 .text.nrf_atomic_u32_fetch_or
                0x0000000000033a4c       0x18 _build/nrf52840_xxaa/nrf_atomic.c.o
                0x0000000000033a4c                nrf_atomic_u32_fetch_or
 .text.nrf_atomic_u32_or
                0x0000000000033a64       0x18 _build/nrf52840_xxaa/nrf_atomic.c.o
                0x0000000000033a64                nrf_atomic_u32_or
 .text.nrf_atomic_u32_and
                0x0000000000033a7c       0x18 _build/nrf52840_xxaa/nrf_atomic.c.o
                0x0000000000033a7c                nrf_atomic_u32_and
 .text.nrf_atomic_u32_fetch_add
                0x0000000000033a94       0x18 _build/nrf52840_xxaa/nrf_atomic.c.o
                0x0000000000033a94                nrf_atomic_u32_fetch_add
 .text.nrf_atomic_u32_add
                0x0000000000033aac       0x18 _build/nrf52840_xxaa/nrf_atomic.c.o
                0x0000000000033aac                nrf_atomic_u32_add
 .text.nrf_atomic_u32_sub
                0x0000000000033ac4       0x18 _build/nrf52840_xxaa/nrf_atomic.c.o
                0x0000000000033ac4                nrf_atomic_u32_sub
 .text.nrf_atomic_flag_set_fetch
                0x0000000000033adc       0x18 _build/nrf52840_xxaa/nrf_atomic.c.o
                0x0000000000033adc                nrf_atomic_flag_set_fetch
 .text.nrf_atomic_flag_set
                0x0000000000033af4       0x18 _build/nrf52840_xxaa/nrf_atomic.c.o
                0x0000000000033af4                nrf_atomic_flag_set
 .text.nrf_atomic_flag_clear_fetch
                0x0000000000033b0c       0x18 _build/nrf52840_xxaa/nrf_atomic.c.o
                0x0000000000033b0c                nrf_atomic_flag_clear_fetch
 .text.nrf_crypto_init
                0x0000000000033b24       0x3c _build/nrf52840_xxaa/nrf_crypto_init.c.o
                0x0000000000033b24                nrf_crypto_init
 .text.nrf_crypto_is_initializing
                0x0000000000033b60       0x20 _build/nrf52840_xxaa/nrf_crypto_init.c.o
                0x0000000000033b60                nrf_crypto_is_initializing
 .text.nrf_802154_rsch_continuous_mode_priority_set
                0x0000000000033b80      0x194 _build/nrf52840_xxaa/nrf_802154_rsch.c.o
                0x0000000000033b80                nrf_802154_rsch_continuous_mode_priority_set
 .text.nrf_802154_rsch_continuous_ended
                0x0000000000033d14        0x4 _build/nrf52840_xxaa/nrf_802154_rsch.c.o
                0x0000000000033d14                nrf_802154_rsch_continuous_ended
 .text.nrf_802154_rsch_timeslot_request
                0x0000000000033d18        0x4 _build/nrf52840_xxaa/nrf_802154_rsch.c.o
                0x0000000000033d18                nrf_802154_rsch_timeslot_request
 .text.nrf_802154_rsch_prec_is_approved
                0x0000000000033d1c       0x34 _build/nrf52840_xxaa/nrf_802154_rsch.c.o
                0x0000000000033d1c                nrf_802154_rsch_prec_is_approved
 .text.nrf_802154_rsch_timeslot_us_left_get
                0x0000000000033d50        0x4 _build/nrf52840_xxaa/nrf_802154_rsch.c.o
                0x0000000000033d50                nrf_802154_rsch_timeslot_us_left_get
 .text.frame_transmit
                0x0000000000033d54       0xa4 _build/nrf52840_xxaa/nrf_802154_csma_ca.c.o
 .text.notify_busy_channel
                0x0000000000033df8       0x20 _build/nrf52840_xxaa/nrf_802154_csma_ca.c.o
 .text.nrf_802154_csma_ca_abort
                0x0000000000033e18       0x30 _build/nrf52840_xxaa/nrf_802154_csma_ca.c.o
                0x0000000000033e18                nrf_802154_csma_ca_abort
 .text.nrf_802154_csma_ca_tx_failed_hook
                0x0000000000033e48       0x88 _build/nrf52840_xxaa/nrf_802154_csma_ca.c.o
                0x0000000000033e48                nrf_802154_csma_ca_tx_failed_hook
 .text.sd_ble_enable
                0x0000000000033ed0        0x4 _build/nrf52840_xxaa/nrf_sdh_ble.c.o
 .text.sd_ble_cfg_set
                0x0000000000033ed4        0x4 _build/nrf52840_xxaa/nrf_sdh_ble.c.o
 .text.sd_ble_evt_get
                0x0000000000033ed8        0x4 _build/nrf52840_xxaa/nrf_sdh_ble.c.o
 .text.nrf_sdh_ble_evts_poll.part.1
                0x0000000000033edc       0x5c _build/nrf52840_xxaa/nrf_sdh_ble.c.o
 .text.nrf_sdh_ble_evts_poll
                0x0000000000033f38       0x10 _build/nrf52840_xxaa/nrf_sdh_ble.c.o
 .text.nrf_sdh_ble_default_cfg_set
                0x0000000000033f48      0x1b8 _build/nrf52840_xxaa/nrf_sdh_ble.c.o
                0x0000000000033f48                nrf_sdh_ble_default_cfg_set
 .text.nrf_sdh_ble_enable
                0x0000000000034100       0x9c _build/nrf52840_xxaa/nrf_sdh_ble.c.o
                0x0000000000034100                nrf_sdh_ble_enable
 .text.nrf_802154_hp_timer_start
                0x000000000003419c        0x4 _build/nrf52840_xxaa/nrf_802154_hp_timer.c.o
                0x000000000003419c                nrf_802154_hp_timer_start
 .text.nrf_802154_hp_timer_stop
                0x00000000000341a0        0x4 _build/nrf52840_xxaa/nrf_802154_hp_timer.c.o
                0x00000000000341a0                nrf_802154_hp_timer_stop
 .text.nrf_802154_hp_timer_sync_prepare
                0x00000000000341a4       0x24 _build/nrf52840_xxaa/nrf_802154_hp_timer.c.o
                0x00000000000341a4                nrf_802154_hp_timer_sync_prepare
 .text.nrf_802154_hp_timer_sync_time_get
                0x00000000000341c8       0x3c _build/nrf52840_xxaa/nrf_802154_hp_timer.c.o
                0x00000000000341c8                nrf_802154_hp_timer_sync_time_get
 .text.nrf_802154_hp_timer_timestamp_task_get
                0x0000000000034204        0x8 _build/nrf52840_xxaa/nrf_802154_hp_timer.c.o
                0x0000000000034204                nrf_802154_hp_timer_timestamp_task_get
 .text.nrf_802154_hp_timer_timestamp_get
                0x000000000003420c        0xc _build/nrf52840_xxaa/nrf_802154_hp_timer.c.o
                0x000000000003420c                nrf_802154_hp_timer_timestamp_get
 .text.bsp_board_led_state_get
                0x0000000000034218       0x28 _build/nrf52840_xxaa/boards.c.o
                0x0000000000034218                bsp_board_led_state_get
 .text.bsp_board_led_on
                0x0000000000034240       0x24 _build/nrf52840_xxaa/boards.c.o
                0x0000000000034240                bsp_board_led_on
 .text.bsp_board_led_off
                0x0000000000034264       0x24 _build/nrf52840_xxaa/boards.c.o
                0x0000000000034264                bsp_board_led_off
 .text.bsp_board_leds_off
                0x0000000000034288       0x2c _build/nrf52840_xxaa/boards.c.o
                0x0000000000034288                bsp_board_leds_off
 .text.bsp_board_leds_on
                0x00000000000342b4       0x2c _build/nrf52840_xxaa/boards.c.o
                0x00000000000342b4                bsp_board_leds_on
 .text.bsp_board_led_invert
                0x00000000000342e0       0x34 _build/nrf52840_xxaa/boards.c.o
                0x00000000000342e0                bsp_board_led_invert
 .text.bsp_board_button_state_get
                0x0000000000034314       0x28 _build/nrf52840_xxaa/boards.c.o
                0x0000000000034314                bsp_board_button_state_get
 .text.bsp_board_pin_to_button_idx
                0x000000000003433c       0x24 _build/nrf52840_xxaa/boards.c.o
                0x000000000003433c                bsp_board_pin_to_button_idx
 .text.bsp_board_init
                0x0000000000034360       0x5c _build/nrf52840_xxaa/boards.c.o
                0x0000000000034360                bsp_board_init
 .text.nrf_log_init
                0x00000000000343bc       0x40 _build/nrf52840_xxaa/nrf_log_frontend.c.o
                0x00000000000343bc                nrf_log_init
 .text.nrf_log_module_name_get
                0x00000000000343fc       0x58 _build/nrf52840_xxaa/nrf_log_frontend.c.o
                0x00000000000343fc                nrf_log_module_name_get
 .text.nrf_log_color_id_get
                0x0000000000034454       0x2c _build/nrf52840_xxaa/nrf_log_frontend.c.o
                0x0000000000034454                nrf_log_color_id_get
 .text.nrf_log_frontend_dequeue
                0x0000000000034480      0x428 _build/nrf52840_xxaa/nrf_log_frontend.c.o
                0x0000000000034480                nrf_log_frontend_dequeue
 .text.nrf_log_frontend_std_0
                0x00000000000348a8      0x1b0 _build/nrf52840_xxaa/nrf_log_frontend.c.o
                0x00000000000348a8                nrf_log_frontend_std_0
 .text.nrf_log_frontend_hexdump
                0x0000000000034a58      0x22c _build/nrf52840_xxaa/nrf_log_frontend.c.o
                0x0000000000034a58                nrf_log_frontend_hexdump
 .text.nrf_log_frontend_std_1
                0x0000000000034c84      0x1c0 _build/nrf52840_xxaa/nrf_log_frontend.c.o
                0x0000000000034c84                nrf_log_frontend_std_1
 .text.nrf_log_frontend_std_2
                0x0000000000034e44      0x1d0 _build/nrf52840_xxaa/nrf_log_frontend.c.o
                0x0000000000034e44                nrf_log_frontend_std_2
 .text.nrf_log_frontend_std_3
                0x0000000000035014      0x1dc _build/nrf52840_xxaa/nrf_log_frontend.c.o
                0x0000000000035014                nrf_log_frontend_std_3
 .text.nrf_log_frontend_std_4
                0x00000000000351f0      0x1f0 _build/nrf52840_xxaa/nrf_log_frontend.c.o
                0x00000000000351f0                nrf_log_frontend_std_4
 .text.nrf_log_frontend_std_5
                0x00000000000353e0      0x20c _build/nrf52840_xxaa/nrf_log_frontend.c.o
                0x00000000000353e0                nrf_log_frontend_std_5
 .text.nrf_log_backend_add
                0x00000000000355ec       0x74 _build/nrf52840_xxaa/nrf_log_frontend.c.o
                0x00000000000355ec                nrf_log_backend_add
 .text.nrf_log_panic
                0x0000000000035660       0x2c _build/nrf52840_xxaa/nrf_log_frontend.c.o
                0x0000000000035660                nrf_log_panic
 .text.nrf_atfifo_init
                0x000000000003568c       0x30 _build/nrf52840_xxaa/nrf_atfifo.c.o
                0x000000000003568c                nrf_atfifo_init
 .text.nrf_atfifo_clear
                0x00000000000356bc       0x44 _build/nrf52840_xxaa/nrf_atfifo.c.o
                0x00000000000356bc                nrf_atfifo_clear
 .text.nrf_atfifo_item_alloc
                0x0000000000035700       0x5c _build/nrf52840_xxaa/nrf_atfifo.c.o
                0x0000000000035700                nrf_atfifo_item_alloc
 .text.nrf_atfifo_item_put
                0x000000000003575c       0x20 _build/nrf52840_xxaa/nrf_atfifo.c.o
                0x000000000003575c                nrf_atfifo_item_put
 .text.nrf_atfifo_item_get
                0x000000000003577c       0x60 _build/nrf52840_xxaa/nrf_atfifo.c.o
                0x000000000003577c                nrf_atfifo_item_get
 .text.nrf_atfifo_item_free
                0x00000000000357dc       0x20 _build/nrf52840_xxaa/nrf_atfifo.c.o
                0x00000000000357dc                nrf_atfifo_item_free
 .text.nrf_crypto_backend_cc310_ecc_error_convert
                0x00000000000357fc       0x48 _build/nrf52840_xxaa/cc310_backend_ecc.c.o
                0x00000000000357fc                nrf_crypto_backend_cc310_ecc_error_convert
 .text.nrf_crypto_backend_cc310_ecc_public_key_convert
                0x0000000000035844       0xdc _build/nrf52840_xxaa/cc310_backend_ecc.c.o
                0x0000000000035844                nrf_crypto_backend_cc310_ecc_public_key_convert
 .text.nrf_crypto_backend_cc310_key_pair_generate
                0x0000000000035920       0xb8 _build/nrf52840_xxaa/cc310_backend_ecc.c.o
                0x0000000000035920                nrf_crypto_backend_cc310_key_pair_generate
 .text.nrf_crypto_backend_cc310_public_key_from_raw
                0x00000000000359d8       0x14 _build/nrf52840_xxaa/cc310_backend_ecc.c.o
                0x00000000000359d8                nrf_crypto_backend_cc310_public_key_from_raw
 .text.nrf_crypto_backend_cc310_public_key_to_raw
                0x00000000000359ec       0xd4 _build/nrf52840_xxaa/cc310_backend_ecc.c.o
                0x00000000000359ec                nrf_crypto_backend_cc310_public_key_to_raw
 .text.nrf_crypto_backend_cc310_curve25519_key_pair_generate
                0x0000000000035ac0       0xb0 _build/nrf52840_xxaa/cc310_backend_ecc.c.o
                0x0000000000035ac0                nrf_crypto_backend_cc310_curve25519_key_pair_generate
 .text.nrf_crypto_backend_cc310_curve25519_key_from_raw
                0x0000000000035b70       0x10 _build/nrf52840_xxaa/cc310_backend_ecc.c.o
                0x0000000000035b70                nrf_crypto_backend_cc310_curve25519_key_from_raw
 .text.nrf_crypto_backend_cc310_curve25519_key_to_raw
                0x0000000000035b80       0x14 _build/nrf52840_xxaa/cc310_backend_ecc.c.o
                0x0000000000035b80                nrf_crypto_backend_cc310_curve25519_key_to_raw
 .text.nrf_crypto_backend_cc310_ed25519_key_pair_generate
                0x0000000000035b94       0xb4 _build/nrf52840_xxaa/cc310_backend_ecc.c.o
                0x0000000000035b94                nrf_crypto_backend_cc310_ed25519_key_pair_generate
 .text.nrf_crypto_backend_cc310_ed25519_public_key_from_raw
                0x0000000000035c48       0x10 _build/nrf52840_xxaa/cc310_backend_ecc.c.o
                0x0000000000035c48                nrf_crypto_backend_cc310_ed25519_public_key_from_raw
 .text.nrf_crypto_backend_cc310_ed25519_public_key_to_raw
                0x0000000000035c58       0x14 _build/nrf52840_xxaa/cc310_backend_ecc.c.o
                0x0000000000035c58                nrf_crypto_backend_cc310_ed25519_public_key_to_raw
 .text.pm_buffer_init
                0x0000000000035c6c       0x2c _build/nrf52840_xxaa/pm_buffer.c.o
                0x0000000000035c6c                pm_buffer_init
 .text.pm_buffer_block_acquire
                0x0000000000035c98       0x98 _build/nrf52840_xxaa/pm_buffer.c.o
                0x0000000000035c98                pm_buffer_block_acquire
 .text.pm_buffer_ptr_get
                0x0000000000035d30       0x34 _build/nrf52840_xxaa/pm_buffer.c.o
                0x0000000000035d30                pm_buffer_ptr_get
 .text.pm_buffer_release
                0x0000000000035d64       0x38 _build/nrf52840_xxaa/pm_buffer.c.o
                0x0000000000035d64                pm_buffer_release
 .text.nrf_802154_swi_notify_received
                0x0000000000035d9c       0x7c _build/nrf52840_xxaa/nrf_802154_swi.c.o
                0x0000000000035d9c                nrf_802154_swi_notify_received
 .text.nrf_802154_swi_notify_receive_failed
                0x0000000000035e18       0x6c _build/nrf52840_xxaa/nrf_802154_swi.c.o
                0x0000000000035e18                nrf_802154_swi_notify_receive_failed
 .text.nrf_802154_swi_notify_transmit_failed
                0x0000000000035e84       0x70 _build/nrf52840_xxaa/nrf_802154_swi.c.o
                0x0000000000035e84                nrf_802154_swi_notify_transmit_failed
 .text.nrf_802154_swi_notify_energy_detection_failed
                0x0000000000035ef4       0x6c _build/nrf52840_xxaa/nrf_802154_swi.c.o
                0x0000000000035ef4                nrf_802154_swi_notify_energy_detection_failed
 .text.nrf_802154_swi_notify_cca_failed
                0x0000000000035f60       0x6c _build/nrf52840_xxaa/nrf_802154_swi.c.o
                0x0000000000035f60                nrf_802154_swi_notify_cca_failed
 .text.nrf_802154_swi_transmit
                0x0000000000035fcc       0xa0 _build/nrf52840_xxaa/nrf_802154_swi.c.o
                0x0000000000035fcc                nrf_802154_swi_transmit
 .text.nrf_802154_swi_buffer_free
                0x000000000003606c       0x7c _build/nrf52840_xxaa/nrf_802154_swi.c.o
                0x000000000003606c                nrf_802154_swi_buffer_free
 .text.SWI3_EGU3_IRQHandler
                0x00000000000360e8      0x250 _build/nrf52840_xxaa/nrf_802154_swi.c.o
                0x00000000000360e8                SWI3_EGU3_IRQHandler
 .text.nrf_crypto_internal_ecc_key_input_check
                0x0000000000036338       0x18 _build/nrf52840_xxaa/nrf_crypto_ecc.c.o
                0x0000000000036338                nrf_crypto_internal_ecc_key_input_check
 .text.nrf_crypto_internal_ecc_raw_output_prepare
                0x0000000000036350       0x1c _build/nrf52840_xxaa/nrf_crypto_ecc.c.o
                0x0000000000036350                nrf_crypto_internal_ecc_raw_output_prepare
 .text.nrf_crypto_ecc_key_pair_generate
                0x000000000003636c       0x78 _build/nrf52840_xxaa/nrf_crypto_ecc.c.o
                0x000000000003636c                nrf_crypto_ecc_key_pair_generate
 .text.nrf_crypto_ecc_public_key_from_raw
                0x00000000000363e4       0x54 _build/nrf52840_xxaa/nrf_crypto_ecc.c.o
                0x00000000000363e4                nrf_crypto_ecc_public_key_from_raw
 .text.nrf_crypto_ecc_public_key_to_raw
                0x0000000000036438       0x54 _build/nrf52840_xxaa/nrf_crypto_ecc.c.o
                0x0000000000036438                nrf_crypto_ecc_public_key_to_raw
 .text.nrf_crypto_ecc_byte_order_invert
                0x000000000003648c       0x80 _build/nrf52840_xxaa/nrf_crypto_ecc.c.o
                0x000000000003648c                nrf_crypto_ecc_byte_order_invert
 .text.peer_data_delete_process
                0x000000000003650c       0xc0 _build/nrf52840_xxaa/peer_data_storage.c.o
 .text.fds_evt_handler
                0x00000000000365cc      0x118 _build/nrf52840_xxaa/peer_data_storage.c.o
 .text.pds_init
                0x00000000000366e4       0xac _build/nrf52840_xxaa/peer_data_storage.c.o
                0x00000000000366e4                pds_init
 .text.pds_peer_data_read
                0x0000000000036790       0x8c _build/nrf52840_xxaa/peer_data_storage.c.o
                0x0000000000036790                pds_peer_data_read
 .text.pds_peer_data_iterate_prepare
                0x000000000003681c       0x10 _build/nrf52840_xxaa/peer_data_storage.c.o
                0x000000000003681c                pds_peer_data_iterate_prepare
 .text.pds_peer_data_iterate
                0x000000000003682c       0x5c _build/nrf52840_xxaa/peer_data_storage.c.o
                0x000000000003682c                pds_peer_data_iterate
 .text.pds_peer_data_store
                0x0000000000036888       0xcc _build/nrf52840_xxaa/peer_data_storage.c.o
                0x0000000000036888                pds_peer_data_store
 .text.pds_peer_id_allocate
                0x0000000000036954        0x8 _build/nrf52840_xxaa/peer_data_storage.c.o
                0x0000000000036954                pds_peer_id_allocate
 .text.pds_peer_id_free
                0x000000000003695c       0x18 _build/nrf52840_xxaa/peer_data_storage.c.o
                0x000000000003695c                pds_peer_id_free
 .text.pds_peer_id_is_allocated
                0x0000000000036974        0x4 _build/nrf52840_xxaa/peer_data_storage.c.o
                0x0000000000036974                pds_peer_id_is_allocated
 .text.pds_next_peer_id_get
                0x0000000000036978        0x4 _build/nrf52840_xxaa/peer_data_storage.c.o
                0x0000000000036978                pds_next_peer_id_get
 .text.pds_next_deleted_peer_id_get
                0x000000000003697c        0x4 _build/nrf52840_xxaa/peer_data_storage.c.o
                0x000000000003697c                pds_next_deleted_peer_id_get
 .text.nrf_crypto_rng_init
                0x0000000000036980       0x98 _build/nrf52840_xxaa/nrf_crypto_rng.c.o
                0x0000000000036980                nrf_crypto_rng_init
 .text.nrf_crypto_rng_reseed
                0x0000000000036a18       0x7c _build/nrf52840_xxaa/nrf_crypto_rng.c.o
                0x0000000000036a18                nrf_crypto_rng_reseed
 .text.nrf_crypto_rng_vector_generate
                0x0000000000036a94       0x68 _build/nrf52840_xxaa/nrf_crypto_rng.c.o
                0x0000000000036a94                nrf_crypto_rng_vector_generate
 .text.nrf_crypto_rng_vector_generate_no_mutex
                0x0000000000036afc       0x68 _build/nrf52840_xxaa/nrf_crypto_rng.c.o
                0x0000000000036afc                nrf_crypto_rng_vector_generate_no_mutex
 .text.nrf_802154_temperature_get
                0x0000000000036b64        0x4 _build/nrf52840_xxaa/nrf_802154_temperature_none.c.o
                0x0000000000036b64                nrf_802154_temperature_get
 .text.detection_delay_timeout_handler
                0x0000000000036b68      0x120 _build/nrf52840_xxaa/app_button.c.o
 .text.gpiote_event_handler
                0x0000000000036c88       0x9c _build/nrf52840_xxaa/app_button.c.o
 .text.app_button_init
                0x0000000000036d24       0xb0 _build/nrf52840_xxaa/app_button.c.o
                0x0000000000036d24                app_button_init
 .text.app_button_enable
                0x0000000000036dd4       0x2c _build/nrf52840_xxaa/app_button.c.o
                0x0000000000036dd4                app_button_enable
 .text.sd_ble_gap_adv_set_configure
                0x0000000000036e00        0x4 _build/nrf52840_xxaa/ble_advertising.c.o
 .text.sd_ble_gap_adv_start
                0x0000000000036e04        0x4 _build/nrf52840_xxaa/ble_advertising.c.o
 .text.sd_ble_gap_adv_stop
                0x0000000000036e08        0x4 _build/nrf52840_xxaa/ble_advertising.c.o
 .text.ble_advertising_start.part.4
                0x0000000000036e0c      0x2f4 _build/nrf52840_xxaa/ble_advertising.c.o
 .text.ble_advertising_on_ble_evt
                0x0000000000037100       0x88 _build/nrf52840_xxaa/ble_advertising.c.o
                0x0000000000037100                ble_advertising_on_ble_evt
 .text.ble_advertising_on_sys_evt
                0x0000000000037188        0x4 _build/nrf52840_xxaa/ble_advertising.c.o
                0x0000000000037188                ble_advertising_on_sys_evt
 .text.ble_advertising_restart_without_whitelist
                0x000000000003718c       0x60 _build/nrf52840_xxaa/ble_advertising.c.o
                0x000000000003718c                ble_advertising_restart_without_whitelist
 .text.write_buf_store
                0x00000000000371ec      0x108 _build/nrf52840_xxaa/peer_database.c.o
                0x00000000000371ec                write_buf_store
 .text.pdb_pds_evt_handler
                0x00000000000372f4      0x1f8 _build/nrf52840_xxaa/peer_database.c.o
                0x00000000000372f4                pdb_pds_evt_handler
 .text.pdb_init
                0x00000000000374ec       0xb8 _build/nrf52840_xxaa/peer_database.c.o
                0x00000000000374ec                pdb_init
 .text.pdb_peer_free
                0x00000000000375a4      0x1a0 _build/nrf52840_xxaa/peer_database.c.o
                0x00000000000375a4                pdb_peer_free
 .text.pdb_peer_data_ptr_get
                0x0000000000037744        0x8 _build/nrf52840_xxaa/peer_database.c.o
                0x0000000000037744                pdb_peer_data_ptr_get
 .text.pdb_write_buf_get
                0x000000000003774c      0x1e4 _build/nrf52840_xxaa/peer_database.c.o
                0x000000000003774c                pdb_write_buf_get
 .text.pdb_write_buf_release
                0x0000000000037930       0xc8 _build/nrf52840_xxaa/peer_database.c.o
                0x0000000000037930                pdb_write_buf_release
 .text.pdb_write_buf_store
                0x00000000000379f8       0xa0 _build/nrf52840_xxaa/peer_database.c.o
                0x00000000000379f8                pdb_write_buf_store
 .text.sd_ble_gap_authenticate
                0x0000000000037a98        0x4 _build/nrf52840_xxaa/security_dispatcher.c.o
 .text.sd_ble_gap_sec_params_reply
                0x0000000000037a9c        0x4 _build/nrf52840_xxaa/security_dispatcher.c.o
 .text.sd_ble_gap_sec_info_reply
                0x0000000000037aa0        0x4 _build/nrf52840_xxaa/security_dispatcher.c.o
 .text.smd_init
                0x0000000000037aa4       0x94 _build/nrf52840_xxaa/security_dispatcher.c.o
                0x0000000000037aa4                smd_init
 .text.smd_params_reply
                0x0000000000037b38      0x1b8 _build/nrf52840_xxaa/security_dispatcher.c.o
                0x0000000000037b38                smd_params_reply
 .text.smd_link_secure
                0x0000000000037cf0       0x2c _build/nrf52840_xxaa/security_dispatcher.c.o
                0x0000000000037cf0                smd_link_secure
 .text.smd_ble_evt_handler
                0x0000000000037d1c      0x870 _build/nrf52840_xxaa/security_dispatcher.c.o
                0x0000000000037d1c                smd_ble_evt_handler
 .text.events_send_from_err_code.part.1
                0x000000000003858c       0xbc _build/nrf52840_xxaa/security_manager.c.o
 .text.link_secure
                0x0000000000038648      0x130 _build/nrf52840_xxaa/security_manager.c.o
 .text.link_secure_pending_handle
                0x0000000000038778       0x30 _build/nrf52840_xxaa/security_manager.c.o
 .text.smd_params_reply_perform
                0x00000000000387a8       0xb4 _build/nrf52840_xxaa/security_manager.c.o
 .text.params_reply_pending_handle
                0x000000000003885c        0x8 _build/nrf52840_xxaa/security_manager.c.o
 .text.sm_smd_evt_handler
                0x0000000000038864       0x58 _build/nrf52840_xxaa/security_manager.c.o
                0x0000000000038864                sm_smd_evt_handler
 .text.sm_pdb_evt_handler
                0x00000000000388bc       0x48 _build/nrf52840_xxaa/security_manager.c.o
                0x00000000000388bc                sm_pdb_evt_handler
 .text.sm_init  0x0000000000038904       0x98 _build/nrf52840_xxaa/security_manager.c.o
                0x0000000000038904                sm_init
 .text.sm_ble_evt_handler
                0x000000000003899c       0x3c _build/nrf52840_xxaa/security_manager.c.o
                0x000000000003899c                sm_ble_evt_handler
 .text.sm_sec_params_set
                0x00000000000389d8       0x88 _build/nrf52840_xxaa/security_manager.c.o
                0x00000000000389d8                sm_sec_params_set
 .text.sm_link_secure
                0x0000000000038a60       0xfc _build/nrf52840_xxaa/security_manager.c.o
                0x0000000000038a60                sm_link_secure
 .text.nrf_802154_timer_coord_start
                0x0000000000038b5c       0x1c _build/nrf52840_xxaa/nrf_802154_timer_coord.c.o
                0x0000000000038b5c                nrf_802154_timer_coord_start
 .text.nrf_802154_timer_coord_stop
                0x0000000000038b78       0x10 _build/nrf52840_xxaa/nrf_802154_timer_coord.c.o
                0x0000000000038b78                nrf_802154_timer_coord_stop
 .text.nrf_802154_timer_coord_timestamp_prepare
                0x0000000000038b88       0x28 _build/nrf52840_xxaa/nrf_802154_timer_coord.c.o
                0x0000000000038b88                nrf_802154_timer_coord_timestamp_prepare
 .text.nrf_802154_timer_coord_timestamp_get
                0x0000000000038bb0       0xd4 _build/nrf52840_xxaa/nrf_802154_timer_coord.c.o
                0x0000000000038bb0                nrf_802154_timer_coord_timestamp_get
 .text.nrf_802154_lp_timer_synchronized
                0x0000000000038c84       0xcc _build/nrf52840_xxaa/nrf_802154_timer_coord.c.o
                0x0000000000038c84                nrf_802154_lp_timer_synchronized
 .text.nrf_strerror_get
                0x0000000000038d50       0x88 _build/nrf52840_xxaa/nrf_strerror.c.o
                0x0000000000038d50                nrf_strerror_get
 .text.sd_ble_gap_data_length_update
                0x0000000000038dd8        0x4 _build/nrf52840_xxaa/nrf_ble_gatt.c.o
 .text.sd_ble_gattc_exchange_mtu_request
                0x0000000000038ddc        0x4 _build/nrf52840_xxaa/nrf_ble_gatt.c.o
 .text.sd_ble_gatts_exchange_mtu_reply
                0x0000000000038de0        0x4 _build/nrf52840_xxaa/nrf_ble_gatt.c.o
 .text.data_length_update.constprop.6
                0x0000000000038de4       0x8c _build/nrf52840_xxaa/nrf_ble_gatt.c.o
 .text.nrf_ble_gatt_init
                0x0000000000038e70       0x30 _build/nrf52840_xxaa/nrf_ble_gatt.c.o
                0x0000000000038e70                nrf_ble_gatt_init
 .text.nrf_ble_gatt_on_ble_evt
                0x0000000000038ea0      0x1b8 _build/nrf52840_xxaa/nrf_ble_gatt.c.o
                0x0000000000038ea0                nrf_ble_gatt_on_ble_evt
 .text.nrf_balloc_init
                0x0000000000039058       0x38 _build/nrf52840_xxaa/nrf_balloc.c.o
                0x0000000000039058                nrf_balloc_init
 .text.nrf_balloc_alloc
                0x0000000000039090       0x50 _build/nrf52840_xxaa/nrf_balloc.c.o
                0x0000000000039090                nrf_balloc_alloc
 .text.nrf_balloc_free
                0x00000000000390e0       0x38 _build/nrf52840_xxaa/nrf_balloc.c.o
                0x00000000000390e0                nrf_balloc_free
 .text.nrf_fprintf_buffer_flush
                0x0000000000039118       0x18 _build/nrf52840_xxaa/nrf_fprintf.c.o
                0x0000000000039118                nrf_fprintf_buffer_flush
 .text.nrf_fprintf
                0x0000000000039130       0x20 _build/nrf52840_xxaa/nrf_fprintf.c.o
                0x0000000000039130                nrf_fprintf
 .text.app_util_critical_region_enter
                0x0000000000039150       0x4c _build/nrf52840_xxaa/app_util_platform.c.o
                0x0000000000039150                app_util_critical_region_enter
 .text.app_util_critical_region_exit
                0x000000000003919c       0x30 _build/nrf52840_xxaa/app_util_platform.c.o
                0x000000000003919c                app_util_critical_region_exit
 .text.nrf_802154_critical_section_active_vector_priority_get.part.0
                0x00000000000391cc       0x1c _build/nrf52840_xxaa/nrf_802154_critical_section.c.o
 .text.nrf_802154_critical_section_enter
                0x00000000000391e8       0xc8 _build/nrf52840_xxaa/nrf_802154_critical_section.c.o
                0x00000000000391e8                nrf_802154_critical_section_enter
 .text.nrf_802154_critical_section_exit
                0x00000000000392b0      0x188 _build/nrf52840_xxaa/nrf_802154_critical_section.c.o
                0x00000000000392b0                nrf_802154_critical_section_exit
 .text.nrf_802154_critical_section_nesting_allow
                0x0000000000039438       0x8c _build/nrf52840_xxaa/nrf_802154_critical_section.c.o
                0x0000000000039438                nrf_802154_critical_section_nesting_allow
 .text.nrf_802154_critical_section_nesting_deny
                0x00000000000394c4       0x4c _build/nrf52840_xxaa/nrf_802154_critical_section.c.o
                0x00000000000394c4                nrf_802154_critical_section_nesting_deny
 .text.nrf_802154_critical_section_active_vector_priority_get
                0x0000000000039510       0x48 _build/nrf52840_xxaa/nrf_802154_critical_section.c.o
                0x0000000000039510                nrf_802154_critical_section_active_vector_priority_get
 .text.ble_evt_handler
                0x0000000000039558       0xac _build/nrf52840_xxaa/bsp_btn_ble.c.o
 .text.bsp_btn_ble_init
                0x0000000000039604       0x6c _build/nrf52840_xxaa/bsp_btn_ble.c.o
                0x0000000000039604                bsp_btn_ble_init
 .text.nrf_802154_ack_timeout_abort
                0x0000000000039670       0x38 _build/nrf52840_xxaa/nrf_802154_precise_ack_timeout.c.o
                0x0000000000039670                nrf_802154_ack_timeout_abort
 .text.nrf_802154_ack_timeout_tx_failed_hook
                0x00000000000396a8       0x48 _build/nrf52840_xxaa/nrf_802154_precise_ack_timeout.c.o
                0x00000000000396a8                nrf_802154_ack_timeout_tx_failed_hook
 .text.app_sched_init
                0x00000000000396f0       0x50 _build/nrf52840_xxaa/app_scheduler.c.o
                0x00000000000396f0                app_sched_init
 .text.app_sched_event_put
                0x0000000000039740       0xd8 _build/nrf52840_xxaa/app_scheduler.c.o
                0x0000000000039740                app_sched_event_put
 .text.app_sched_execute
                0x0000000000039818       0x8c _build/nrf52840_xxaa/app_scheduler.c.o
                0x0000000000039818                app_sched_execute
 .text.peer_id_init
                0x00000000000398a4       0x10 _build/nrf52840_xxaa/peer_id.c.o
                0x00000000000398a4                peer_id_init
 .text.peer_id_allocate
                0x00000000000398b4       0x40 _build/nrf52840_xxaa/peer_id.c.o
                0x00000000000398b4                peer_id_allocate
 .text.peer_id_delete
                0x00000000000398f4       0x28 _build/nrf52840_xxaa/peer_id.c.o
                0x00000000000398f4                peer_id_delete
 .text.peer_id_free
                0x000000000003991c       0x28 _build/nrf52840_xxaa/peer_id.c.o
                0x000000000003991c                peer_id_free
 .text.peer_id_is_allocated
                0x0000000000039944       0x14 _build/nrf52840_xxaa/peer_id.c.o
                0x0000000000039944                peer_id_is_allocated
 .text.peer_id_get_next_used
                0x0000000000039958       0x7c _build/nrf52840_xxaa/peer_id.c.o
                0x0000000000039958                peer_id_get_next_used
 .text.peer_id_get_next_deleted
                0x00000000000399d4       0x40 _build/nrf52840_xxaa/peer_id.c.o
                0x00000000000399d4                peer_id_get_next_deleted
 .text.ble_srv_is_notification_enabled
                0x0000000000039a14        0x8 _build/nrf52840_xxaa/ble_srv_common.c.o
                0x0000000000039a14                ble_srv_is_notification_enabled
 .text.app_error_fault_handler
                0x0000000000039a1c       0xe4 _build/nrf52840_xxaa/app_error_weak.c.o
                0x0000000000039a1c                app_error_fault_handler
 .text.sd_power_system_off
                0x0000000000039b00        0x4 _build/nrf52840_xxaa/bulksrv.c.o
 .text.sd_ble_gap_adv_set_configure
                0x0000000000039b04        0x4 _build/nrf52840_xxaa/bulksrv.c.o
 .text.sd_ble_gap_adv_start
                0x0000000000039b08        0x4 _build/nrf52840_xxaa/bulksrv.c.o
 .text.sd_ble_gap_adv_stop
                0x0000000000039b0c        0x4 _build/nrf52840_xxaa/bulksrv.c.o
 .text.sd_ble_gap_disconnect
                0x0000000000039b10        0x4 _build/nrf52840_xxaa/bulksrv.c.o
 .text.sd_ble_gap_appearance_set
                0x0000000000039b14        0x4 _build/nrf52840_xxaa/bulksrv.c.o
 .text.sd_ble_gap_ppcp_set
                0x0000000000039b18        0x4 _build/nrf52840_xxaa/bulksrv.c.o
 .text.sd_ble_gap_device_name_set
                0x0000000000039b1c        0x4 _build/nrf52840_xxaa/bulksrv.c.o
 .text.sd_ble_gap_phy_update
                0x0000000000039b20        0x4 _build/nrf52840_xxaa/bulksrv.c.o
 .text.sd_ble_gattc_write
                0x0000000000039b24        0x4 _build/nrf52840_xxaa/bulksrv.c.o
 .text.sd_ble_uuid_vs_add
                0x0000000000039b28        0x4 _build/nrf52840_xxaa/bulksrv.c.o
 .text.transfer_data
                0x0000000000039b2c       0x78 _build/nrf52840_xxaa/bulksrv.c.o
                0x0000000000039b2c                transfer_data
 .text.readstart
                0x0000000000039ba4       0x60 _build/nrf52840_xxaa/bulksrv.c.o
                0x0000000000039ba4                readstart
 .text.reader_timeout_handler
                0x0000000000039c04       0x6c _build/nrf52840_xxaa/bulksrv.c.o
                0x0000000000039c04                reader_timeout_handler
 .text.nrf_qwr_error_handler
                0x0000000000039c70       0x10 _build/nrf52840_xxaa/bulksrv.c.o
 .text.conn_params_error_handler
                0x0000000000039c80       0x10 _build/nrf52840_xxaa/bulksrv.c.o
 .text.services_init
                0x0000000000039c90      0x13c _build/nrf52840_xxaa/bulksrv.c.o
 .text.app_restart
                0x0000000000039dcc       0x50 _build/nrf52840_xxaa/bulksrv.c.o
                0x0000000000039dcc                app_restart
 .text.on_conn_params_evt
                0x0000000000039e1c       0x14 _build/nrf52840_xxaa/bulksrv.c.o
 .text.gatt_evt_handler
                0x0000000000039e30       0x78 _build/nrf52840_xxaa/bulksrv.c.o
 .text.db_disc_handler
                0x0000000000039ea8      0x204 _build/nrf52840_xxaa/bulksrv.c.o
 .text.bsp_event_handler
                0x000000000003a0ac       0x9c _build/nrf52840_xxaa/bulksrv.c.o
                0x000000000003a0ac                bsp_event_handler
 .text.pm_evt_handler