Archive member included to satisfy reference by file (symbol)

/opt/gccarm/bin/../lib/gcc/arm-none-eabi/8.2.1/thumb/v7e-m+fp/hard/libgcc.a(_aeabi_ldivmod.o)
                              _build/nrf52840_xxaa/bsp.c.o (__aeabi_ldivmod)
/opt/gccarm/bin/../lib/gcc/arm-none-eabi/8.2.1/thumb/v7e-m+fp/hard/libgcc.a(_aeabi_uldivmod.o)
                              _build/nrf52840_xxaa/bsp.c.o (__aeabi_uldivmod)
/opt/gccarm/bin/../lib/gcc/arm-none-eabi/8.2.1/thumb/v7e-m+fp/hard/libgcc.a(_udivmoddi4.o)
                              /opt/gccarm/bin/../lib/gcc/arm-none-eabi/8.2.1/thumb/v7e-m+fp/hard/libgcc.a(_aeabi_ldivmod.o) (__udivmoddi4)
/opt/gccarm/bin/../lib/gcc/arm-none-eabi/8.2.1/thumb/v7e-m+fp/hard/libgcc.a(_dvmd_tls.o)
                              /opt/gccarm/bin/../lib/gcc/arm-none-eabi/8.2.1/thumb/v7e-m+fp/hard/libgcc.a(_aeabi_ldivmod.o) (__aeabi_ldiv0)
/opt/gccarm/bin/../lib/gcc/arm-none-eabi/8.2.1/../../../../arm-none-eabi/lib/thumb/v7e-m+fp/hard/libg_nano.a(lib_a-ctype_.o)
                              _build/nrf52840_xxaa/nrf_log_str_formatter.c.o (_ctype_)
/opt/gccarm/bin/../lib/gcc/arm-none-eabi/8.2.1/../../../../arm-none-eabi/lib/thumb/v7e-m+fp/hard/libg_nano.a(lib_a-exit.o)
                              /opt/gccarm/bin/../lib/gcc/arm-none-eabi/8.2.1/../../../../arm-none-eabi/lib/thumb/v7e-m+fp/hard/crt0.o (exit)
/opt/gccarm/bin/../lib/gcc/arm-none-eabi/8.2.1/../../../../arm-none-eabi/lib/thumb/v7e-m+fp/hard/libg_nano.a(lib_a-impure.o)
                              /opt/gccarm/bin/../lib/gcc/arm-none-eabi/8.2.1/../../../../arm-none-eabi/lib/thumb/v7e-m+fp/hard/libg_nano.a(lib_a-exit.o) (_global_impure_ptr)
/opt/gccarm/bin/../lib/gcc/arm-none-eabi/8.2.1/../../../../arm-none-eabi/lib/thumb/v7e-m+fp/hard/libg_nano.a(lib_a-init.o)
                              /opt/gccarm/bin/../lib/gcc/arm-none-eabi/8.2.1/../../../../arm-none-eabi/lib/thumb/v7e-m+fp/hard/crt0.o (__libc_init_array)
/opt/gccarm/bin/../lib/gcc/arm-none-eabi/8.2.1/../../../../arm-none-eabi/lib/thumb/v7e-m+fp/hard/libg_nano.a(lib_a-memcmp.o)
                              _build/nrf52840_xxaa/clockapi.c.o (memcmp)
/opt/gccarm/bin/../lib/gcc/arm-none-eabi/8.2.1/../../../../arm-none-eabi/lib/thumb/v7e-m+fp/hard/libg_nano.a(lib_a-memcpy-stub.o)
                              _build/nrf52840_xxaa/SEGGER_RTT.c.o (memcpy)
/opt/gccarm/bin/../lib/gcc/arm-none-eabi/8.2.1/../../../../arm-none-eabi/lib/thumb/v7e-m+fp/hard/libg_nano.a(lib_a-memset.o)
                              /opt/gccarm/bin/../lib/gcc/arm-none-eabi/8.2.1/../../../../arm-none-eabi/lib/thumb/v7e-m+fp/hard/crt0.o (memset)
/opt/gccarm/bin/../lib/gcc/arm-none-eabi/8.2.1/../../../../arm-none-eabi/lib/thumb/v7e-m+fp/hard/libg_nano.a(lib_a-strcpy.o)
                              _build/nrf52840_xxaa/SEGGER_RTT.c.o (strcpy)
/opt/gccarm/bin/../lib/gcc/arm-none-eabi/8.2.1/../../../../arm-none-eabi/lib/thumb/v7e-m+fp/hard/libg_nano.a(lib_a-strlen.o)
                              _build/nrf52840_xxaa/nrf_fprintf_format.c.o (strlen)
/opt/gccarm/bin/../lib/gcc/arm-none-eabi/8.2.1/../../../../arm-none-eabi/lib/thumb/v7e-m+fp/hard/libnosys.a(_exit.o)
                              /opt/gccarm/bin/../lib/gcc/arm-none-eabi/8.2.1/../../../../arm-none-eabi/lib/thumb/v7e-m+fp/hard/libg_nano.a(lib_a-exit.o) (_exit)

Allocating common symbols
Common symbol       size              file

buflen              0x1               _build/nrf52840_xxaa/setclock.c.o
nrf_drv_uart_use_easy_dma
                    0x2               _build/nrf52840_xxaa/nrf_drv_uart.c.o
clock_buffer        0x4               _build/nrf52840_xxaa/clockapi.c.o
err_code            0x4               _build/nrf52840_xxaa/setclock.c.o
buffer              0xa               _build/nrf52840_xxaa/setclock.c.o
newclock            0x4               _build/nrf52840_xxaa/setclock.c.o
ds3231clock         0x6               _build/nrf52840_xxaa/clockapi.c.o
ds3231clock_raw     0x7               _build/nrf52840_xxaa/clockapi.c.o
fresh_epoch_clock   0x4               _build/nrf52840_xxaa/clockapi.c.o
show                0x1               _build/nrf52840_xxaa/setclock.c.o
_SEGGER_RTT         0x78              _build/nrf52840_xxaa/SEGGER_RTT.c.o

Discarded input sections

 .text          0x0000000000000000        0x0 /opt/gccarm/bin/../lib/gcc/arm-none-eabi/8.2.1/thumb/v7e-m+fp/hard/crti.o
 .data          0x0000000000000000        0x0 /opt/gccarm/bin/../lib/gcc/arm-none-eabi/8.2.1/thumb/v7e-m+fp/hard/crti.o
 .bss           0x0000000000000000        0x0 /opt/gccarm/bin/../lib/gcc/arm-none-eabi/8.2.1/thumb/v7e-m+fp/hard/crti.o
 .data          0x0000000000000000        0x4 /opt/gccarm/bin/../lib/gcc/arm-none-eabi/8.2.1/thumb/v7e-m+fp/hard/crtbegin.o
 .data          0x0000000000000000        0x0 /opt/gccarm/bin/../lib/gcc/arm-none-eabi/8.2.1/../../../../arm-none-eabi/lib/thumb/v7e-m+fp/hard/crt0.o
 .bss           0x0000000000000000        0x0 /opt/gccarm/bin/../lib/gcc/arm-none-eabi/8.2.1/../../../../arm-none-eabi/lib/thumb/v7e-m+fp/hard/crt0.o
[...]
Memory Configuration

Name             Origin             Length             Attributes
FLASH            0x0000000000000000 0x0000000000100000 xr
RAM              0x0000000020000000 0x0000000000040000 xrw
*default*        0x0000000000000000 0xffffffffffffffff

Linker script and memory map


.text           0x0000000000000000     0x650c
 *(.isr_vector)
 .isr_vector    0x0000000000000000      0x200 _build/nrf52840_xxaa/gcc_startup_nrf52840.S.o
                0x0000000000000000                __isr_vector
 *(.text*)
 .text          0x0000000000000200       0x40 /opt/gccarm/bin/../lib/gcc/arm-none-eabi/8.2.1/thumb/v7e-m+fp/hard/crtbegin.o
 .text          0x0000000000000240       0x74 /opt/gccarm/bin/../lib/gcc/arm-none-eabi/8.2.1/../../../../arm-none-eabi/lib/thumb/v7e-m+fp/hard/crt0.o
                0x0000000000000240                _mainCRTStartup
                0x0000000000000240                _start
 .text          0x00000000000002b4       0x3c _build/nrf52840_xxaa/gcc_startup_nrf52840.S.o
                0x00000000000002b4                Reset_Handler
                0x00000000000002dc                NMI_Handler
                0x00000000000002de                HardFault_Handler
                0x00000000000002e0                MemoryManagement_Handler
                0x00000000000002e2                BusFault_Handler
                0x00000000000002e4                UsageFault_Handler
                0x00000000000002e6                SVC_Handler
                0x00000000000002e8                DebugMon_Handler
                0x00000000000002ea                PendSV_Handler
                0x00000000000002ec                SysTick_Handler
                0x00000000000002ee                TIMER2_IRQHandler
                0x00000000000002ee                RTC0_IRQHandler
                0x00000000000002ee                SWI2_EGU2_IRQHandler
                0x00000000000002ee                GPIOTE_IRQHandler
                0x00000000000002ee                PWM1_IRQHandler
                0x00000000000002ee                RADIO_IRQHandler
                0x00000000000002ee                PDM_IRQHandler
                0x00000000000002ee                TEMP_IRQHandler
                0x00000000000002ee                QDEC_IRQHandler
                0x00000000000002ee                TIMER3_IRQHandler
                0x00000000000002ee                PWM3_IRQHandler
                0x00000000000002ee                FPU_IRQHandler
                0x00000000000002ee                USBD_IRQHandler
                0x00000000000002ee                SPIM0_SPIS0_TWIM0_TWIS0_SPI0_TWI0_IRQHandler
                0x00000000000002ee                TIMER4_IRQHandler
                0x00000000000002ee                CRYPTOCELL_IRQHandler
                0x00000000000002ee                I2S_IRQHandler
                0x00000000000002ee                SWI4_EGU4_IRQHandler
                0x00000000000002ee                TIMER0_IRQHandler
                0x00000000000002ee                UARTE1_IRQHandler
                0x00000000000002ee                TIMER1_IRQHandler
                0x00000000000002ee                SPIM3_IRQHandler
                0x00000000000002ee                PWM2_IRQHandler
                0x00000000000002ee                ECB_IRQHandler
                0x00000000000002ee                Default_Handler
                0x00000000000002ee                SAADC_IRQHandler
                0x00000000000002ee                CCM_AAR_IRQHandler
                0x00000000000002ee                WDT_IRQHandler
                0x00000000000002ee                SWI5_EGU5_IRQHandler
                0x00000000000002ee                RTC2_IRQHandler
                0x00000000000002ee                PWM0_IRQHandler
                0x00000000000002ee                SWI3_EGU3_IRQHandler
                0x00000000000002ee                SWI1_EGU1_IRQHandler
                0x00000000000002ee                SPIM2_SPIS2_SPI2_IRQHandler
                0x00000000000002ee                NFCT_IRQHandler
                0x00000000000002ee                MWU_IRQHandler
                0x00000000000002ee                QSPI_IRQHandler
                0x00000000000002ee                COMP_LPCOMP_IRQHandler
 .text.prefix_process
                0x00000000000002f0       0x80 _build/nrf52840_xxaa/nrf_log_str_formatter.c.o
 .text.nrf_log_std_entry_process
                0x0000000000000370       0xec _build/nrf52840_xxaa/nrf_log_str_formatter.c.o
                0x0000000000000370                nrf_log_std_entry_process
 .text.nrf_log_hexdump_entry_process
                0x000000000000045c       0xfc _build/nrf52840_xxaa/nrf_log_str_formatter.c.o
                0x000000000000045c                nrf_log_hexdump_entry_process
 .text.app_error_save_and_stop
                0x0000000000000558       0x60 _build/nrf52840_xxaa/app_error.c.o
                0x0000000000000558                app_error_save_and_stop
 .text.nrf_section_iter_init
                0x00000000000005b8       0x14 _build/nrf52840_xxaa/nrf_section_iter.c.o
                0x00000000000005b8                nrf_section_iter_init
 .text.timeout_handler_scheduled_exec
                0x00000000000005cc       0x24 _build/nrf52840_xxaa/app_timer.c.o
 .text.RTC1_IRQHandler
                0x00000000000005f0       0xd4 _build/nrf52840_xxaa/app_timer.c.o
                0x00000000000005f0                RTC1_IRQHandler
 .text.SWI0_EGU0_IRQHandler
                0x00000000000006c4      0x3e4 _build/nrf52840_xxaa/app_timer.c.o
                0x00000000000006c4                SWI0_EGU0_IRQHandler
 .text.app_timer_init
                0x0000000000000aa8       0xa8 _build/nrf52840_xxaa/app_timer.c.o
                0x0000000000000aa8                app_timer_init
 .text.app_timer_create
                0x0000000000000b50       0x24 _build/nrf52840_xxaa/app_timer.c.o
                0x0000000000000b50                app_timer_create
 .text.app_timer_start
                0x0000000000000b74       0x9c _build/nrf52840_xxaa/app_timer.c.o
                0x0000000000000b74                app_timer_start
 .text.nrf_log_default_backends_init
                0x0000000000000c10       0x20 _build/nrf52840_xxaa/nrf_log_default_backends.c.o
                0x0000000000000c10                nrf_log_default_backends_init
 .text.uart_event_handler
                0x0000000000000c30      0x114 _build/nrf52840_xxaa/app_uart_fifo.c.o
 .text.app_uart_init
                0x0000000000000d44       0xf4 _build/nrf52840_xxaa/app_uart_fifo.c.o
                0x0000000000000d44                app_uart_init
 .text.app_uart_flush
                0x0000000000000e38       0x20 _build/nrf52840_xxaa/app_uart_fifo.c.o
                0x0000000000000e38                app_uart_flush
 .text.app_uart_get
                0x0000000000000e58       0x64 _build/nrf52840_xxaa/app_uart_fifo.c.o
                0x0000000000000e58                app_uart_get
 .text.app_uart_put
                0x0000000000000ebc       0x74 _build/nrf52840_xxaa/app_uart_fifo.c.o
                0x0000000000000ebc                app_uart_put
 .text.unsigned_print
                0x0000000000000f30      0x110 _build/nrf52840_xxaa/nrf_fprintf_format.c.o
 .text.nrf_fprintf_fmt
                0x0000000000001040      0x5ec _build/nrf52840_xxaa/nrf_fprintf_format.c.o
                0x0000000000001040                nrf_fprintf_fmt
 .text.bsp_board_led_on
                0x000000000000162c       0x24 _build/nrf52840_xxaa/boards.c.o
                0x000000000000162c                bsp_board_led_on
 .text.bsp_board_led_off
                0x0000000000001650       0x24 _build/nrf52840_xxaa/boards.c.o
                0x0000000000001650                bsp_board_led_off
 .text.bsp_board_led_invert
                0x0000000000001674       0x34 _build/nrf52840_xxaa/boards.c.o
                0x0000000000001674                bsp_board_led_invert
 .text.bsp_board_init
                0x00000000000016a8       0x6c _build/nrf52840_xxaa/boards.c.o
                0x00000000000016a8                bsp_board_init
 .text.SEGGER_RTT_WriteNoLock
                0x0000000000001714      0x17c _build/nrf52840_xxaa/SEGGER_RTT.c.o
                0x0000000000001714                SEGGER_RTT_WriteNoLock
 .text.SEGGER_RTT_Init
                0x0000000000001890       0x60 _build/nrf52840_xxaa/SEGGER_RTT.c.o
                0x0000000000001890                SEGGER_RTT_Init
 .text.nrf_log_backend_rtt_flush
                0x00000000000018f0        0x4 _build/nrf52840_xxaa/nrf_log_backend_rtt.c.o
 .text.nrf_log_backend_rtt_put
                0x00000000000018f4       0x20 _build/nrf52840_xxaa/nrf_log_backend_rtt.c.o
 .text.serial_tx
                0x0000000000001914       0x54 _build/nrf52840_xxaa/nrf_log_backend_rtt.c.o
 .text.nrf_log_backend_rtt_panic_set
                0x0000000000001968        0x4 _build/nrf52840_xxaa/nrf_log_backend_rtt.c.o
 .text.nrf_log_backend_rtt_init
                0x000000000000196c        0x4 _build/nrf52840_xxaa/nrf_log_backend_rtt.c.o
                0x000000000000196c                nrf_log_backend_rtt_init
 .text.nrf_memobj_pool_init
                0x0000000000001970        0x4 _build/nrf52840_xxaa/nrf_memobj.c.o
                0x0000000000001970                nrf_memobj_pool_init
 .text.nrf_memobj_alloc
                0x0000000000001974       0x98 _build/nrf52840_xxaa/nrf_memobj.c.o
                0x0000000000001974                nrf_memobj_alloc
 .text.nrf_memobj_get
                0x0000000000001a0c        0x8 _build/nrf52840_xxaa/nrf_memobj.c.o
                0x0000000000001a0c                nrf_memobj_get
 .text.nrf_memobj_put
                0x0000000000001a14       0x58 _build/nrf52840_xxaa/nrf_memobj.c.o
                0x0000000000001a14                nrf_memobj_put
 .text.nrf_memobj_write
                0x0000000000001a6c       0x68 _build/nrf52840_xxaa/nrf_memobj.c.o
                0x0000000000001a6c                nrf_memobj_write
 .text.nrf_memobj_read
                0x0000000000001ad4       0x68 _build/nrf52840_xxaa/nrf_memobj.c.o
                0x0000000000001ad4                nrf_memobj_read
 .text.nrf_balloc_init
                0x0000000000001b3c       0x38 _build/nrf52840_xxaa/nrf_balloc.c.o
                0x0000000000001b3c                nrf_balloc_init
 .text.nrf_balloc_alloc
                0x0000000000001b74       0x4c _build/nrf52840_xxaa/nrf_balloc.c.o
                0x0000000000001b74                nrf_balloc_alloc
 .text.nrf_balloc_free
                0x0000000000001bc0       0x2c _build/nrf52840_xxaa/nrf_balloc.c.o
                0x0000000000001bc0                nrf_balloc_free
 .text.uarte_evt_handler
                0x0000000000001bec       0x34 _build/nrf52840_xxaa/nrf_drv_uart.c.o
 .text.uart_evt_handler
                0x0000000000001c20       0x34 _build/nrf52840_xxaa/nrf_drv_uart.c.o
 .text.nrf_drv_uart_init
                0x0000000000001c54       0x88 _build/nrf52840_xxaa/nrf_drv_uart.c.o
                0x0000000000001c54                nrf_drv_uart_init
 .text.nrf_log_backend_serial_put
                0x0000000000001cdc       0xd4 _build/nrf52840_xxaa/nrf_log_backend_serial.c.o
                0x0000000000001cdc                nrf_log_backend_serial_put
 .text.nrf_atomic_u32_fetch_store
                0x0000000000001db0       0x14 _build/nrf52840_xxaa/nrf_atomic.c.o
                0x0000000000001db0                nrf_atomic_u32_fetch_store
 .text.nrf_atomic_u32_store
                0x0000000000001dc4       0x14 _build/nrf52840_xxaa/nrf_atomic.c.o
                0x0000000000001dc4                nrf_atomic_u32_store
 .text.nrf_atomic_u32_add
                0x0000000000001dd8       0x18 _build/nrf52840_xxaa/nrf_atomic.c.o
                0x0000000000001dd8                nrf_atomic_u32_add
 .text.nrf_atomic_u32_sub
                0x0000000000001df0       0x18 _build/nrf52840_xxaa/nrf_atomic.c.o
                0x0000000000001df0                nrf_atomic_u32_sub
 .text.nrf_atomic_flag_set
                0x0000000000001e08       0x18 _build/nrf52840_xxaa/nrf_atomic.c.o
                0x0000000000001e08                nrf_atomic_flag_set
 .text.nrf_atomic_flag_clear_fetch
                0x0000000000001e20       0x18 _build/nrf52840_xxaa/nrf_atomic.c.o
                0x0000000000001e20                nrf_atomic_flag_clear_fetch
 .text.nrfx_clock_init
                0x0000000000001e38       0x18 _build/nrf52840_xxaa/nrfx_clock.c.o
                0x0000000000001e38                nrfx_clock_init
 .text.nrfx_clock_enable
                0x0000000000001e50       0x24 _build/nrf52840_xxaa/nrfx_clock.c.o
                0x0000000000001e50                nrfx_clock_enable
 .text.nrfx_clock_lfclk_start
                0x0000000000001e74       0x30 _build/nrf52840_xxaa/nrfx_clock.c.o
                0x0000000000001e74                nrfx_clock_lfclk_start
 .text.POWER_CLOCK_IRQHandler
                0x0000000000001ea4       0x64 _build/nrf52840_xxaa/nrfx_clock.c.o
                0x0000000000001ea4                POWER_CLOCK_IRQHandler
 .text.UARTE0_UART0_IRQHandler
                0x0000000000001f08        0xc _build/nrf52840_xxaa/nrfx_prs.c.o
                0x0000000000001f08                UARTE0_UART0_IRQHandler
 .text.nrfx_prs_acquire
                0x0000000000001f14       0x3c _build/nrf52840_xxaa/nrfx_prs.c.o
                0x0000000000001f14                nrfx_prs_acquire
 .text.nrf_ringbuf_init
                0x0000000000001f50       0x1c _build/nrf52840_xxaa/nrf_ringbuf.c.o
                0x0000000000001f50                nrf_ringbuf_init
 .text.nrfx_rng_init
                0x0000000000001f6c       0x60 _build/nrf52840_xxaa/nrfx_rng.c.o
                0x0000000000001f6c                nrfx_rng_init
 .text.nrfx_rng_start
                0x0000000000001fcc       0x24 _build/nrf52840_xxaa/nrfx_rng.c.o
                0x0000000000001fcc                nrfx_rng_start
 .text.nrfx_rng_stop
                0x0000000000001ff0       0x18 _build/nrf52840_xxaa/nrfx_rng.c.o
                0x0000000000001ff0                nrfx_rng_stop
 .text.RNG_IRQHandler
                0x0000000000002008       0x2c _build/nrf52840_xxaa/nrfx_rng.c.o
                0x0000000000002008                RNG_IRQHandler
 .text.nrfx_rng_handler
                0x0000000000002034       0x30 _build/nrf52840_xxaa/nrf_drv_rng.c.o
 .text.nrf_drv_rng_init
                0x0000000000002064       0x48 _build/nrf52840_xxaa/nrf_drv_rng.c.o
                0x0000000000002064                nrf_drv_rng_init
 .text.twi_evt_handler
                0x00000000000020ac       0x40 _build/nrf52840_xxaa/nrf_drv_twi.c.o
 .text.nrf_drv_twi_init
                0x00000000000020ec      0x18c _build/nrf52840_xxaa/nrf_drv_twi.c.o
                0x00000000000020ec                nrf_drv_twi_init
 .text.nrf_fprintf_buffer_flush
                0x0000000000002278       0x18 _build/nrf52840_xxaa/nrf_fprintf.c.o
                0x0000000000002278                nrf_fprintf_buffer_flush
 .text.nrf_fprintf
                0x0000000000002290       0x20 _build/nrf52840_xxaa/nrf_fprintf.c.o
                0x0000000000002290                nrf_fprintf
 .text.twi_rx_start_transfer
                0x00000000000022b0      0x1e8 _build/nrf52840_xxaa/nrfx_twi.c.o
 .text.twi_tx_start_transfer
                0x0000000000002498      0x214 _build/nrf52840_xxaa/nrfx_twi.c.o
 .text.SPIM1_SPIS1_TWIM1_TWIS1_SPI1_TWI1_IRQHandler
                0x00000000000026ac      0x1d0 _build/nrf52840_xxaa/nrfx_twi.c.o
                0x00000000000026ac                SPIM1_SPIS1_TWIM1_TWIS1_SPI1_TWI1_IRQHandler
 .text.nrfx_twi_init
                0x000000000000287c      0x11c _build/nrf52840_xxaa/nrfx_twi.c.o
                0x000000000000287c                nrfx_twi_init
 .text.nrfx_twi_enable
                0x0000000000002998       0x20 _build/nrf52840_xxaa/nrfx_twi.c.o
                0x0000000000002998                nrfx_twi_enable
 .text.nrfx_twi_tx
                0x00000000000029b8       0xbc _build/nrf52840_xxaa/nrfx_twi.c.o
                0x00000000000029b8                nrfx_twi_tx
 .text.nrfx_twi_rx
                0x0000000000002a74       0xb8 _build/nrf52840_xxaa/nrfx_twi.c.o
                0x0000000000002a74                nrfx_twi_rx
 .text.app_util_critical_region_enter
                0x0000000000002b2c       0x10 _build/nrf52840_xxaa/app_util_platform.c.o
                0x0000000000002b2c                app_util_critical_region_enter
 .text.app_util_critical_region_exit
                0x0000000000002b3c       0x14 _build/nrf52840_xxaa/app_util_platform.c.o
                0x0000000000002b3c                app_util_critical_region_exit
 .text.nrf_strerror_get
                0x0000000000002b50       0x88 _build/nrf52840_xxaa/nrf_strerror.c.o
                0x0000000000002b50                nrf_strerror_get
 .text.app_error_handler
                0x0000000000002bd8       0x1c _build/nrf52840_xxaa/app_error_handler_gcc.c.o
                0x0000000000002bd8                app_error_handler
 .text.nrf_log_init
                0x0000000000002bf4       0x40 _build/nrf52840_xxaa/nrf_log_frontend.c.o
                0x0000000000002bf4                nrf_log_init
 .text.nrf_log_module_name_get
                0x0000000000002c34       0x58 _build/nrf52840_xxaa/nrf_log_frontend.c.o
                0x0000000000002c34                nrf_log_module_name_get
 .text.nrf_log_color_id_get
                0x0000000000002c8c       0x2c _build/nrf52840_xxaa/nrf_log_frontend.c.o
                0x0000000000002c8c                nrf_log_color_id_get
 .text.nrf_log_frontend_dequeue
                0x0000000000002cb8      0x41c _build/nrf52840_xxaa/nrf_log_frontend.c.o
                0x0000000000002cb8                nrf_log_frontend_dequeue
 .text.nrf_log_frontend_std_0
                0x00000000000030d4      0x1a8 _build/nrf52840_xxaa/nrf_log_frontend.c.o
                0x00000000000030d4                nrf_log_frontend_std_0
 .text.nrf_log_frontend_std_1
                0x000000000000327c      0x1b4 _build/nrf52840_xxaa/nrf_log_frontend.c.o
                0x000000000000327c                nrf_log_frontend_std_1
 .text.nrf_log_frontend_std_2
                0x0000000000003430      0x1c4 _build/nrf52840_xxaa/nrf_log_frontend.c.o
                0x0000000000003430                nrf_log_frontend_std_2
 .text.nrf_log_frontend_std_5
                0x00000000000035f4      0x200 _build/nrf52840_xxaa/nrf_log_frontend.c.o
                0x00000000000035f4                nrf_log_frontend_std_5
 .text.nrf_log_backend_add
                0x00000000000037f4       0x74 _build/nrf52840_xxaa/nrf_log_frontend.c.o
                0x00000000000037f4                nrf_log_backend_add
 .text.nrf_log_panic
                0x0000000000003868       0x2c _build/nrf52840_xxaa/nrf_log_frontend.c.o
                0x0000000000003868                nrf_log_panic
 .text.clock_irq_handler
                0x0000000000003894       0x44 _build/nrf52840_xxaa/nrf_drv_clock.c.o
 .text.nrf_drv_clock_init
                0x00000000000038d8       0x34 _build/nrf52840_xxaa/nrf_drv_clock.c.o
                0x00000000000038d8                nrf_drv_clock_init
 .text.nrf_drv_clock_lfclk_request
                0x000000000000390c       0x5c _build/nrf52840_xxaa/nrf_drv_clock.c.o
                0x000000000000390c                nrf_drv_clock_lfclk_request
 .text.app_sched_init
                0x0000000000003968       0x50 _build/nrf52840_xxaa/app_scheduler.c.o
                0x0000000000003968                app_sched_init
 .text.app_sched_event_put
                0x00000000000039b8       0xc4 _build/nrf52840_xxaa/app_scheduler.c.o
                0x00000000000039b8                app_sched_event_put
 .text.app_sched_execute
                0x0000000000003a7c       0x8c _build/nrf52840_xxaa/app_scheduler.c.o
                0x0000000000003a7c                app_sched_execute
 .text.nrf_pwr_mgmt_init
                0x0000000000003b08       0x2c _build/nrf52840_xxaa/nrf_pwr_mgmt.c.o
                0x0000000000003b08                nrf_pwr_mgmt_init
 .text.nrf_pwr_mgmt_run
                0x0000000000003b34       0x34 _build/nrf52840_xxaa/nrf_pwr_mgmt.c.o
                0x0000000000003b34                nrf_pwr_mgmt_run
 .text.app_fifo_init
                0x0000000000003b68       0x20 _build/nrf52840_xxaa/app_fifo.c.o
                0x0000000000003b68                app_fifo_init
 .text.app_fifo_put
                0x0000000000003b88       0x30 _build/nrf52840_xxaa/app_fifo.c.o
                0x0000000000003b88                app_fifo_put
 .text.app_fifo_get
                0x0000000000003bb8       0x2c _build/nrf52840_xxaa/app_fifo.c.o
                0x0000000000003bb8                app_fifo_get
 .text.app_fifo_flush
                0x0000000000003be4        0xc _build/nrf52840_xxaa/app_fifo.c.o
                0x0000000000003be4                app_fifo_flush
 .text.nrfx_uarte_0_irq_handler
                0x0000000000003bf0      0x124 _build/nrf52840_xxaa/nrfx_uarte.c.o
                0x0000000000003bf0                nrfx_uarte_0_irq_handler
 .text.nrfx_uarte_init
                0x0000000000003d14      0x204 _build/nrf52840_xxaa/nrfx_uarte.c.o
                0x0000000000003d14                nrfx_uarte_init
 .text.nrfx_uarte_tx
                0x0000000000003f18       0xa4 _build/nrf52840_xxaa/nrfx_uarte.c.o
                0x0000000000003f18                nrfx_uarte_tx
 .text.nrfx_uarte_tx_in_progress
                0x0000000000003fbc       0x1c _build/nrf52840_xxaa/nrfx_uarte.c.o
                0x0000000000003fbc                nrfx_uarte_tx_in_progress
 .text.nrfx_uarte_rx
                0x0000000000003fd8      0x12c _build/nrf52840_xxaa/nrfx_uarte.c.o
                0x0000000000003fd8                nrfx_uarte_rx
 .text.nrf_queue_is_full
                0x0000000000004104       0x1c _build/nrf52840_xxaa/nrf_queue.c.o
                0x0000000000004104                nrf_queue_is_full
 .text.nrf_queue_push
                0x0000000000004120       0xd0 _build/nrf52840_xxaa/nrf_queue.c.o
                0x0000000000004120                nrf_queue_push
 .text.nrfx_uart_0_irq_handler
                0x00000000000041f0      0x1c0 _build/nrf52840_xxaa/nrfx_uart.c.o
                0x00000000000041f0                nrfx_uart_0_irq_handler
 .text.nrfx_uart_init
                0x00000000000043b0      0x1e0 _build/nrf52840_xxaa/nrfx_uart.c.o
                0x00000000000043b0                nrfx_uart_init
 .text.nrfx_uart_tx
                0x0000000000004590       0xcc _build/nrf52840_xxaa/nrfx_uart.c.o
                0x0000000000004590                nrfx_uart_tx
 .text.nrfx_uart_tx_in_progress
                0x000000000000465c       0x18 _build/nrf52840_xxaa/nrfx_uart.c.o
                0x000000000000465c                nrfx_uart_tx_in_progress
 .text.nrfx_uart_rx
                0x0000000000004674      0x140 _build/nrf52840_xxaa/nrfx_uart.c.o
                0x0000000000004674                nrfx_uart_rx
 .text.SystemInit
                0x00000000000047b4      0x1c4 _build/nrf52840_xxaa/system_nrf52840.c.o
                0x00000000000047b4                SystemInit
 .text.ds3231_read_phase1
                0x0000000000004978       0x38 _build/nrf52840_xxaa/clockapi.c.o
                0x0000000000004978                ds3231_read_phase1
 .text.ds3231_read_init
                0x00000000000049b0       0x48 _build/nrf52840_xxaa/clockapi.c.o
                0x00000000000049b0                ds3231_read_init
 .text.ds3231_write_phase4
                0x00000000000049f8       0x1c _build/nrf52840_xxaa/clockapi.c.o
                0x00000000000049f8                ds3231_write_phase4
 .text.ds3231_write_init
                0x0000000000004a14       0x58 _build/nrf52840_xxaa/clockapi.c.o
                0x0000000000004a14                ds3231_write_init
 .text.twi_handler
                0x0000000000004a6c       0x40 _build/nrf52840_xxaa/clockapi.c.o
                0x0000000000004a6c                twi_handler
 .text.second_tick_handler
                0x0000000000004aac       0x40 _build/nrf52840_xxaa/clockapi.c.o
 .text.clock_fromepoch
                0x0000000000004aec       0xfc _build/nrf52840_xxaa/clockapi.c.o
                0x0000000000004aec                clock_fromepoch
 .text.ds3231_raw_normal
                0x0000000000004be8       0x80 _build/nrf52840_xxaa/clockapi.c.o
                0x0000000000004be8                ds3231_raw_normal
 .text.ds3231_read_phase2
                0x0000000000004c68       0xb8 _build/nrf52840_xxaa/clockapi.c.o
                0x0000000000004c68                ds3231_read_phase2
 .text.ds3231_normal_raw
                0x0000000000004d20       0xa4 _build/nrf52840_xxaa/clockapi.c.o
                0x0000000000004d20                ds3231_normal_raw
 .text.get_clock
                0x0000000000004dc4        0xc _build/nrf52840_xxaa/clockapi.c.o
                0x0000000000004dc4                get_clock
 .text.message_clock_set
                0x0000000000004dd0       0x64 _build/nrf52840_xxaa/clockapi.c.o
                0x0000000000004dd0                message_clock_set
 .text.clockapi_init
                0x0000000000004e34       0x9c _build/nrf52840_xxaa/clockapi.c.o
                0x0000000000004e34                clockapi_init
 .text.app_error_fault_handler
                0x0000000000004ed0       0xb0 _build/nrf52840_xxaa/app_error_weak.c.o
                0x0000000000004ed0                app_error_fault_handler
 .text.showdigit
                0x0000000000004f80       0x3c _build/nrf52840_xxaa/setclock.c.o
                0x0000000000004f80                showdigit
 .text.blink_timeout_handler
                0x0000000000004fbc       0x10 _build/nrf52840_xxaa/setclock.c.o
                0x0000000000004fbc                blink_timeout_handler
 .text.gen_timeout_handler
                0x0000000000004fcc       0x10 _build/nrf52840_xxaa/setclock.c.o
                0x0000000000004fcc                gen_timeout_handler
 .text.uart_error_handle
                0x0000000000004fdc       0x24 _build/nrf52840_xxaa/setclock.c.o
                0x0000000000004fdc                uart_error_handle
 .text.gatherdigits
                0x0000000000005000      0x278 _build/nrf52840_xxaa/setclock.c.o
                0x0000000000005000                gatherdigits
 .text.buffclock
                0x0000000000005278       0xd8 _build/nrf52840_xxaa/setclock.c.o
                0x0000000000005278                buffclock
 .text.auxiliary_tick_handler
                0x0000000000005350       0x10 _build/nrf52840_xxaa/setclock.c.o
                0x0000000000005350                auxiliary_tick_handler
 .text.initialize
                0x0000000000005360      0x184 _build/nrf52840_xxaa/setclock.c.o
                0x0000000000005360                initialize
 .text.startup.main
                0x00000000000054e4       0x18 _build/nrf52840_xxaa/setclock.c.o
                0x00000000000054e4                main
 .text.exit     0x00000000000054fc       0x28 /opt/gccarm/bin/../lib/gcc/arm-none-eabi/8.2.1/../../../../arm-none-eabi/lib/thumb/v7e-m+fp/hard/libg_nano.a(lib_a-exit.o)
                0x00000000000054fc                exit
 .text.__libc_init_array
                0x0000000000005524       0x48 /opt/gccarm/bin/../lib/gcc/arm-none-eabi/8.2.1/../../../../arm-none-eabi/lib/thumb/v7e-m+fp/hard/libg_nano.a(lib_a-init.o)
                0x0000000000005524                __libc_init_array
 .text.memcmp   0x000000000000556c       0x1c /opt/gccarm/bin/../lib/gcc/arm-none-eabi/8.2.1/../../../../arm-none-eabi/lib/thumb/v7e-m+fp/hard/libg_nano.a(lib_a-memcmp.o)
                0x000000000000556c                memcmp
 .text.memcpy   0x0000000000005588       0x1c /opt/gccarm/bin/../lib/gcc/arm-none-eabi/8.2.1/../../../../arm-none-eabi/lib/thumb/v7e-m+fp/hard/libg_nano.a(lib_a-memcpy-stub.o)
                0x0000000000005588                memcpy
 .text.memset   0x00000000000055a4       0x10 /opt/gccarm/bin/../lib/gcc/arm-none-eabi/8.2.1/../../../../arm-none-eabi/lib/thumb/v7e-m+fp/hard/libg_nano.a(lib_a-memset.o)
                0x00000000000055a4                memset
 .text.strcpy   0x00000000000055b4       0x10 /opt/gccarm/bin/../lib/gcc/arm-none-eabi/8.2.1/../../../../arm-none-eabi/lib/thumb/v7e-m+fp/hard/libg_nano.a(lib_a-strcpy.o)
                0x00000000000055b4                strcpy
 .text          0x00000000000055c4       0x10 /opt/gccarm/bin/../lib/gcc/arm-none-eabi/8.2.1/../../../../arm-none-eabi/lib/thumb/v7e-m+fp/hard/libg_nano.a(lib_a-strlen.o)
                0x00000000000055c4                strlen
 .text._exit    0x00000000000055d4        0x4 /opt/gccarm/bin/../lib/gcc/arm-none-eabi/8.2.1/../../../../arm-none-eabi/lib/thumb/v7e-m+fp/hard/libnosys.a(_exit.o)
                0x00000000000055d4                _exit
 *(.init)
 .init          0x00000000000055d8        0x4 /opt/gccarm/bin/../lib/gcc/arm-none-eabi/8.2.1/thumb/v7e-m+fp/hard/crti.o
                0x00000000000055d8                _init
 .init          0x00000000000055dc        0x8 /opt/gccarm/bin/../lib/gcc/arm-none-eabi/8.2.1/thumb/v7e-m+fp/hard/crtn.o
 *(.fini)
 .fini          0x00000000000055e4        0x4 /opt/gccarm/bin/../lib/gcc/arm-none-eabi/8.2.1/thumb/v7e-m+fp/hard/crti.o
                0x00000000000055e4                _fini
 .fini          0x00000000000055e8        0x8 /opt/gccarm/bin/../lib/gcc/arm-none-eabi/8.2.1/thumb/v7e-m+fp/hard/crtn.o
 *crtbegin.o(.ctors)
 *crtbegin?.o(.ctors)
 *(EXCLUDE_FILE(*crtend.o *crtend?.o) .ctors)
 *(SORT_BY_NAME(.ctors.*))
 *(.ctors)
 *crtbegin.o(.dtors)
 *crtbegin?.o(.dtors)
 *(EXCLUDE_FILE(*crtend.o *crtend?.o) .dtors)
 *(SORT_BY_NAME(.dtors.*))
 *(.dtors)
 *(.rodata*)
 .rodata.m_colors
                0x00000000000055f0       0x24 _build/nrf52840_xxaa/nrf_log_str_formatter.c.o
 .rodata.nrf_log_hexdump_entry_process.str1.4
                0x0000000000005614       0x13 _build/nrf52840_xxaa/nrf_log_str_formatter.c.o
                                         0x16 (size before relaxing)
 *fill*         0x0000000000005627        0x1 
 .rodata.nrf_log_std_entry_process.str1.4
                0x0000000000005628        0x3 _build/nrf52840_xxaa/nrf_log_str_formatter.c.o
 *fill*         0x000000000000562b        0x1 
 .rodata.prefix_process.str1.4
                0x000000000000562c       0x36 _build/nrf52840_xxaa/nrf_log_str_formatter.c.o
 *fill*         0x0000000000005662        0x2 
 .rodata.severity_names
                0x0000000000005664       0x14 _build/nrf52840_xxaa/nrf_log_str_formatter.c.o
 .rodata.str1.4
                0x0000000000005678       0x56 _build/nrf52840_xxaa/nrf_log_str_formatter.c.o
 *fill*         0x00000000000056ce        0x2 
 .rodata.delay_machine_code.8641
                0x00000000000056d0        0x6 _build/nrf52840_xxaa/app_timer.c.o
 *fill*         0x00000000000056d6        0x2 
 .rodata.timeout_handler_scheduled_exec.str1.4
                0x00000000000056d8       0x4d _build/nrf52840_xxaa/app_timer.c.o
 *fill*         0x0000000000005725        0x3 
 .rodata.str1.4
                0x0000000000005728       0x10 _build/nrf52840_xxaa/nrf_log_default_backends.c.o
 .rodata        0x0000000000005738       0x20 _build/nrf52840_xxaa/app_uart_fifo.c.o
 .rodata.app_uart_get.str1.4
                0x0000000000005758       0x50 _build/nrf52840_xxaa/app_uart_fifo.c.o
 .rodata._aV2C.7726
                0x00000000000057a8       0x10 _build/nrf52840_xxaa/nrf_fprintf_format.c.o
 .rodata.m_board_led_list
                0x00000000000057b8        0x4 _build/nrf52840_xxaa/boards.c.o
 .rodata.SEGGER_RTT_ReadNoLock.str1.4
                0x00000000000057bc       0x17 _build/nrf52840_xxaa/SEGGER_RTT.c.o
 *fill*         0x00000000000057d3        0xd 
 .rodata.delay_machine_code.8915
                0x00000000000057e0        0x6 _build/nrf52840_xxaa/nrf_log_backend_rtt.c.o
 *fill*         0x00000000000057e6        0x2 
 .rodata.nrf_log_backend_rtt_api
                0x00000000000057e8        0xc _build/nrf52840_xxaa/nrf_log_backend_rtt.c.o
                0x00000000000057e8                nrf_log_backend_rtt_api
 .rodata.str1.4
                0x00000000000057f4        0x6 _build/nrf52840_xxaa/nrfx_clock.c.o
 *fill*         0x00000000000057fa        0x2 
 .rodata.str1.4
                0x00000000000057fc        0x4 _build/nrf52840_xxaa/nrfx_prs.c.o
 .rodata.str1.4
                0x0000000000005800        0x4 _build/nrf52840_xxaa/nrfx_rng.c.o
 .rodata.m_default_config
                0x0000000000005804        0x2 _build/nrf52840_xxaa/nrf_drv_rng.c.o
 *fill*         0x0000000000005806        0x2 
 .rodata.str1.4
                0x0000000000005808        0x4 _build/nrf52840_xxaa/nrf_drv_rng.c.o
 *fill*         0x000000000000580c        0x4 
 .rodata.delay_machine_code.8239
                0x0000000000005810        0x6 _build/nrf52840_xxaa/nrf_drv_twi.c.o
 *fill*         0x0000000000005816        0x2 
 .rodata.str1.4
                0x0000000000005818        0x4 _build/nrf52840_xxaa/nrfx_twi.c.o
 .rodata.m_unknown_str
                0x000000000000581c       0x13 _build/nrf52840_xxaa/nrf_strerror.c.o
 *fill*         0x000000000000582f        0x1 
 .rodata.nrf_strerror_array
                0x0000000000005830      0x118 _build/nrf52840_xxaa/nrf_strerror.c.o
 .rodata.str1.4
                0x0000000000005948      0x3bd _build/nrf52840_xxaa/nrf_strerror.c.o
 *fill*         0x0000000000005d05        0x3 
 .rodata.m_log_push_ringbuf
                0x0000000000005d08        0xc _build/nrf52840_xxaa/nrf_log_frontend.c.o
 .rodata.nrf_log_frontend_dequeue.str1.4
                0x0000000000005d14       0x11 _build/nrf52840_xxaa/nrf_log_frontend.c.o
 *fill*         0x0000000000005d25        0x3 
 .rodata.str1.4
                0x0000000000005d28        0x4 _build/nrf52840_xxaa/nrf_log_frontend.c.o
 .rodata.str1.4
                0x0000000000005d2c        0x6 _build/nrf52840_xxaa/nrf_drv_clock.c.o
 *fill*         0x0000000000005d32        0x2 
 .rodata.pwr_mgmt_data
                0x0000000000005d34        0xc _build/nrf52840_xxaa/nrf_pwr_mgmt.c.o
 .rodata.str1.4
                0x0000000000005d40        0x9 _build/nrf52840_xxaa/nrf_pwr_mgmt.c.o
 *fill*         0x0000000000005d49        0x3 
 .rodata.str1.4
                0x0000000000005d4c        0x6 _build/nrf52840_xxaa/nrfx_uarte.c.o
 *fill*         0x0000000000005d52        0x2 
 .rodata.str1.4
                0x0000000000005d54        0x5 _build/nrf52840_xxaa/nrfx_uart.c.o
 *fill*         0x0000000000005d59        0x3 
 .rodata.depoch
                0x0000000000005d5c      0x5e8 _build/nrf52840_xxaa/clockapi.c.o
                0x0000000000005d5c                depoch
 .rodata.ds3231_read_phase1.str1.4
                0x0000000000006344        0xb _build/nrf52840_xxaa/clockapi.c.o
 *fill*         0x000000000000634f        0x1 
 .rodata.m_twi  0x0000000000006350       0x10 _build/nrf52840_xxaa/clockapi.c.o
 .rodata.second_tick_id
                0x0000000000006360        0x4 _build/nrf52840_xxaa/clockapi.c.o
 .rodata.app_error_fault_handler.str1.4
                0x0000000000006364       0x70 _build/nrf52840_xxaa/app_error_weak.c.o
 .rodata        0x00000000000063d4       0x18 _build/nrf52840_xxaa/setclock.c.o
 .rodata.blink_timer_id
                0x00000000000063ec        0x4 _build/nrf52840_xxaa/setclock.c.o
 .rodata.gen_timer_id
                0x00000000000063f0        0x4 _build/nrf52840_xxaa/setclock.c.o
 .rodata.uart_error_handle.str1.4
                0x00000000000063f4        0xc _build/nrf52840_xxaa/setclock.c.o
                                          0xb (size before relaxing)
 .rodata._ctype_
                0x0000000000006400      0x101 /opt/gccarm/bin/../lib/gcc/arm-none-eabi/8.2.1/../../../../arm-none-eabi/lib/thumb/v7e-m+fp/hard/libg_nano.a(lib_a-ctype_.o)
                0x0000000000006400                _ctype_
 *fill*         0x0000000000006501        0x3 
 .rodata._global_impure_ptr
                0x0000000000006504        0x4 /opt/gccarm/bin/../lib/gcc/arm-none-eabi/8.2.1/../../../../arm-none-eabi/lib/thumb/v7e-m+fp/hard/libg_nano.a(lib_a-impure.o)
                0x0000000000006504                _global_impure_ptr
 *(.eh_frame*)
 .eh_frame      0x0000000000006508        0x0 /opt/gccarm/bin/../lib/gcc/arm-none-eabi/8.2.1/thumb/v7e-m+fp/hard/crtbegin.o
 .eh_frame      0x0000000000006508        0x4 /opt/gccarm/bin/../lib/gcc/arm-none-eabi/8.2.1/thumb/v7e-m+fp/hard/crtend.o

.glue_7         0x000000000000650c        0x0
 .glue_7        0x000000000000650c        0x0 linker stubs

.glue_7t        0x000000000000650c        0x0
 .glue_7t       0x000000000000650c        0x0 linker stubs

.vfp11_veneer   0x000000000000650c        0x0
 .vfp11_veneer  0x000000000000650c        0x0 linker stubs

.v4_bx          0x000000000000650c        0x0
 .v4_bx         0x000000000000650c        0x0 linker stubs

.iplt           0x000000000000650c        0x0
 .iplt          0x000000000000650c        0x0 /opt/gccarm/bin/../lib/gcc/arm-none-eabi/8.2.1/thumb/v7e-m+fp/hard/crtbegin.o

.mem_section_dummy_rom

.log_const_data
                0x000000000000650c       0x50
                0x000000000000650c                PROVIDE (__start_log_const_data = .)
 *(SORT_BY_NAME(.log_const_data*))
 .log_const_data_CLOCK
                0x000000000000650c        0x8 _build/nrf52840_xxaa/nrfx_clock.c.o
                0x000000000000650c                m_nrf_log_CLOCK_logs_data_const
 .log_const_data_PRS
                0x0000000000006514        0x8 _build/nrf52840_xxaa/nrfx_prs.c.o
                0x0000000000006514                m_nrf_log_PRS_logs_data_const
 .log_const_data_RNG
                0x000000000000651c        0x8 _build/nrf52840_xxaa/nrfx_rng.c.o
                0x000000000000651c                m_nrf_log_RNG_logs_data_const
 .log_const_data_TWI
                0x0000000000006524        0x8 _build/nrf52840_xxaa/nrfx_twi.c.o
                0x0000000000006524                m_nrf_log_TWI_logs_data_const
 .log_const_data_UART
                0x000000000000652c        0x8 _build/nrf52840_xxaa/nrfx_uart.c.o
                0x000000000000652c                m_nrf_log_UART_logs_data_const
 .log_const_data_UARTE
                0x0000000000006534        0x8 _build/nrf52840_xxaa/nrfx_uarte.c.o
                0x0000000000006534                m_nrf_log_UARTE_logs_data_const
 .log_const_data_app
                0x000000000000653c        0x8 _build/nrf52840_xxaa/nrf_log_frontend.c.o
                0x000000000000653c                m_nrf_log_app_logs_data_const
 .log_const_data_clock
                0x0000000000006544        0x8 _build/nrf52840_xxaa/nrf_drv_clock.c.o
                0x0000000000006544                m_nrf_log_clock_logs_data_const
 .log_const_data_pwr_mgmt
                0x000000000000654c        0x8 _build/nrf52840_xxaa/nrf_pwr_mgmt.c.o
                0x000000000000654c                m_nrf_log_pwr_mgmt_logs_data_const
 .log_const_data_rng
                0x0000000000006554        0x8 _build/nrf52840_xxaa/nrf_drv_rng.c.o
                0x0000000000006554                m_nrf_log_rng_logs_data_const
                0x000000000000655c                PROVIDE (__stop_log_const_data = .)

.log_backends   0x000000000000655c       0x10
                [!provide]                        PROVIDE (__start_log_backends = .)
 *(SORT_BY_NAME(.log_backends*))
 .log_backends  0x000000000000655c       0x10 _build/nrf52840_xxaa/nrf_log_default_backends.c.o
                [!provide]                        PROVIDE (__stop_log_backends = .)

.nrf_balloc     0x000000000000656c       0x14
                [!provide]                        PROVIDE (__start_nrf_balloc = .)
 *(.nrf_balloc)
 .nrf_balloc    0x000000000000656c       0x14 _build/nrf52840_xxaa/nrf_log_frontend.c.o
                0x000000000000656c                log_mempool
                [!provide]                        PROVIDE (__stop_nrf_balloc = .)

.nrf_queue      0x0000000000006580       0x14
 .nrf_queue     0x0000000000006580       0x14 _build/nrf52840_xxaa/nrf_drv_rng.c.o
                0x0000000000006580                m_rand_pool

.pwr_mgmt_data  0x0000000000006594        0x0
                0x0000000000006594                PROVIDE (__start_pwr_mgmt_data = .)
 *(SORT_BY_NAME(.pwr_mgmt_data*))
                0x0000000000006594                PROVIDE (__stop_pwr_mgmt_data = .)

.ARM.extab
 *(.ARM.extab* .gnu.linkonce.armextab.*)
                0x0000000000006594                __exidx_start = .

.ARM.exidx      0x0000000000006594        0x8
 *(.ARM.exidx* .gnu.linkonce.armexidx.*)
 .ARM.exidx     0x0000000000006594        0x8 /opt/gccarm/bin/../lib/gcc/arm-none-eabi/8.2.1/../../../../arm-none-eabi/lib/thumb/v7e-m+fp/hard/crt0.o
                0x000000000000659c                __exidx_end = .
                0x000000000000659c                __etext = .

.rel.dyn        0x000000000000659c        0x0
 .rel.iplt      0x000000000000659c        0x0 /opt/gccarm/bin/../lib/gcc/arm-none-eabi/8.2.1/thumb/v7e-m+fp/hard/crtbegin.o

.data           0x0000000020000000       0x88 load address 0x000000000000659c
                0x0000000020000000                __data_start__ = .
 *(vtable)
 *(.data*)
 .data.log_backend_cb_rtt_log_backend
                0x0000000020000000        0x8 _build/nrf52840_xxaa/nrf_log_default_backends.c.o
 .data.app_uart_inst
                0x0000000020000008       0x14 _build/nrf52840_xxaa/app_uart_fifo.c.o
 .data.SystemCoreClock
                0x000000002000001c        0x4 _build/nrf52840_xxaa/system_nrf52840.c.o
                0x000000002000001c                SystemCoreClock
 .data.impure_data
                0x0000000020000020       0x60 /opt/gccarm/bin/../lib/gcc/arm-none-eabi/8.2.1/../../../../arm-none-eabi/lib/thumb/v7e-m+fp/hard/libg_nano.a(lib_a-impure.o)
                0x0000000020000080                . = ALIGN (0x4)
                0x0000000020000080                PROVIDE (__preinit_array_start = .)
 *(.preinit_array)
                0x0000000020000080                PROVIDE (__preinit_array_end = .)
                0x0000000020000080                . = ALIGN (0x4)
                0x0000000020000080                PROVIDE (__init_array_start = .)
 *(SORT_BY_NAME(.init_array.*))
 *(.init_array)
 .init_array    0x0000000020000080        0x4 /opt/gccarm/bin/../lib/gcc/arm-none-eabi/8.2.1/thumb/v7e-m+fp/hard/crtbegin.o
                0x0000000020000084                PROVIDE (__init_array_end = .)
                0x0000000020000084                . = ALIGN (0x4)
                [!provide]                        PROVIDE (__fini_array_start = .)
 *(SORT_BY_NAME(.fini_array.*))
 *(.fini_array)
 .fini_array    0x0000000020000084        0x4 /opt/gccarm/bin/../lib/gcc/arm-none-eabi/8.2.1/thumb/v7e-m+fp/hard/crtbegin.o
                [!provide]                        PROVIDE (__fini_array_end = .)
 *(.jcr*)
                0x0000000020000088                . = ALIGN (0x4)
                0x0000000020000088                __data_end__ = .
LOAD /opt/gccarm/bin/../lib/gcc/arm-none-eabi/8.2.1/thumb/v7e-m+fp/hard/crti.o
LOAD /opt/gccarm/bin/../lib/gcc/arm-none-eabi/8.2.1/thumb/v7e-m+fp/hard/crtbegin.o
LOAD /opt/gccarm/bin/../lib/gcc/arm-none-eabi/8.2.1/../../../../arm-none-eabi/lib/thumb/v7e-m+fp/hard/crt0.o
LOAD _build/nrf52840_xxaa/gcc_startup_nrf52840.S.o
LOAD _build/nrf52840_xxaa/bsp.c.o
LOAD _build/nrf52840_xxaa/nrf_log_str_formatter.c.o
LOAD _build/nrf52840_xxaa/app_error.c.o
LOAD _build/nrf52840_xxaa/nrf_section_iter.c.o
LOAD _build/nrf52840_xxaa/app_timer.c.o
LOAD _build/nrf52840_xxaa/nrf_log_default_backends.c.o
LOAD _build/nrf52840_xxaa/app_uart_fifo.c.o
LOAD _build/nrf52840_xxaa/nrf_fprintf_format.c.o
LOAD _build/nrf52840_xxaa/boards.c.o
LOAD _build/nrf52840_xxaa/SEGGER_RTT.c.o
LOAD _build/nrf52840_xxaa/nrf_log_backend_rtt.c.o
LOAD _build/nrf52840_xxaa/nrf_memobj.c.o
LOAD _build/nrf52840_xxaa/nrfx_twim.c.o
LOAD _build/nrf52840_xxaa/SEGGER_RTT_printf.c.o
LOAD _build/nrf52840_xxaa/nrf_balloc.c.o
LOAD _build/nrf52840_xxaa/nrf_drv_uart.c.o
LOAD _build/nrf52840_xxaa/nrf_log_backend_serial.c.o
LOAD _build/nrf52840_xxaa/nrf_atomic.c.o
LOAD _build/nrf52840_xxaa/nrfx_clock.c.o
LOAD _build/nrf52840_xxaa/nrfx_prs.c.o
LOAD _build/nrf52840_xxaa/nrf_ringbuf.c.o
LOAD _build/nrf52840_xxaa/nrfx_rng.c.o
LOAD _build/nrf52840_xxaa/nrfx_systick.c.o
LOAD _build/nrf52840_xxaa/nrf_drv_rng.c.o
LOAD _build/nrf52840_xxaa/nrfx_atomic.c.o
LOAD _build/nrf52840_xxaa/nrf_cli.c.o
LOAD _build/nrf52840_xxaa/nrf_drv_twi.c.o
LOAD _build/nrf52840_xxaa/nrf_fprintf.c.o
LOAD _build/nrf52840_xxaa/app_button.c.o
LOAD _build/nrf52840_xxaa/nrfx_twi.c.o
LOAD _build/nrf52840_xxaa/app_util_platform.c.o
LOAD _build/nrf52840_xxaa/nrf_strerror.c.o
LOAD _build/nrf52840_xxaa/app_error_handler_gcc.c.o
LOAD _build/nrf52840_xxaa/nrf_log_frontend.c.o
LOAD _build/nrf52840_xxaa/nrf_assert.c.o
LOAD _build/nrf52840_xxaa/nrf_drv_clock.c.o
LOAD _build/nrf52840_xxaa/app_scheduler.c.o
LOAD _build/nrf52840_xxaa/nrf_pwr_mgmt.c.o
LOAD _build/nrf52840_xxaa/app_fifo.c.o
LOAD _build/nrf52840_xxaa/nrfx_uarte.c.o
LOAD _build/nrf52840_xxaa/nrf_queue.c.o
LOAD _build/nrf52840_xxaa/nrfx_uart.c.o
LOAD _build/nrf52840_xxaa/system_nrf52840.c.o
LOAD _build/nrf52840_xxaa/nrf_sdh.c.o
LOAD _build/nrf52840_xxaa/clockapi.c.o
LOAD _build/nrf52840_xxaa/app_error_weak.c.o
LOAD _build/nrf52840_xxaa/setclock.c.o
START GROUP
LOAD /opt/gccarm/bin/../lib/gcc/arm-none-eabi/8.2.1/thumb/v7e-m+fp/hard/libgcc.a
LOAD /opt/gccarm/bin/../lib/gcc/arm-none-eabi/8.2.1/../../../../arm-none-eabi/lib/thumb/v7e-m+fp/hard/libg_nano.a
LOAD /opt/gccarm/bin/../lib/gcc/arm-none-eabi/8.2.1/../../../../arm-none-eabi/lib/thumb/v7e-m+fp/hard/libc_nano.a
END GROUP
START GROUP
LOAD /opt/gccarm/bin/../lib/gcc/arm-none-eabi/8.2.1/thumb/v7e-m+fp/hard/libgcc.a
LOAD /opt/gccarm/bin/../lib/gcc/arm-none-eabi/8.2.1/../../../../arm-none-eabi/lib/thumb/v7e-m+fp/hard/libc_nano.a
END GROUP
LOAD /opt/gccarm/bin/../lib/gcc/arm-none-eabi/8.2.1/thumb/v7e-m+fp/hard/crtend.o
LOAD /opt/gccarm/bin/../lib/gcc/arm-none-eabi/8.2.1/thumb/v7e-m+fp/hard/crtn.o
START GROUP
LOAD /opt/gccarm/bin/../lib/gcc/arm-none-eabi/8.2.1/thumb/v7e-m+fp/hard/libgcc.a
LOAD /opt/gccarm/bin/../lib/gcc/arm-none-eabi/8.2.1/../../../../arm-none-eabi/lib/thumb/v7e-m+fp/hard/libc.a
LOAD /opt/gccarm/bin/../lib/gcc/arm-none-eabi/8.2.1/../../../../arm-none-eabi/lib/thumb/v7e-m+fp/hard/libnosys.a
END GROUP

.igot.plt       0x0000000020000088        0x0 load address 0x0000000000006624
 .igot.plt      0x0000000020000088        0x0 /opt/gccarm/bin/../lib/gcc/arm-none-eabi/8.2.1/thumb/v7e-m+fp/hard/crtbegin.o
                0x0000000020000088                . = ALIGN (0x4)

.mem_section_dummy_ram

.log_dynamic_data
                0x0000000020000088        0x0
                0x0000000020000088                PROVIDE (__start_log_dynamic_data = .)
 *(SORT_BY_NAME(.log_dynamic_data*))
                [!provide]                        PROVIDE (__stop_log_dynamic_data = .)

.log_filter_data
                0x0000000020000088        0x0
                [!provide]                        PROVIDE (__start_log_filter_data = .)
 *(SORT_BY_NAME(.log_filter_data*))
                [!provide]                        PROVIDE (__stop_log_filter_data = .)

.bss            0x0000000020000088      0xe90 load address 0x0000000000006628
                0x0000000020000088                . = ALIGN (0x4)
                0x0000000020000088                __bss_start__ = .
 *(.bss*)
 .bss           0x0000000020000088       0x1c /opt/gccarm/bin/../lib/gcc/arm-none-eabi/8.2.1/thumb/v7e-m+fp/hard/crtbegin.o
 .bss.m_error_data.8095
                0x00000000200000a4       0x20 _build/nrf52840_xxaa/app_error.c.o
 .bss.m_op_queue
                0x00000000200000c4      0x10c _build/nrf52840_xxaa/app_timer.c.o
 .bss.m_rtc1_reset
                0x00000000200001d0        0x1 _build/nrf52840_xxaa/app_timer.c.o
 .bss.m_rtc1_running
                0x00000000200001d1        0x1 _build/nrf52840_xxaa/app_timer.c.o
 *fill*         0x00000000200001d2        0x2 
 .bss.m_ticks_elapsed
                0x00000000200001d4        0x8 _build/nrf52840_xxaa/app_timer.c.o
 .bss.m_ticks_elapsed_q_read_ind
                0x00000000200001dc        0x1 _build/nrf52840_xxaa/app_timer.c.o
 .bss.m_ticks_elapsed_q_write_ind
                0x00000000200001dd        0x1 _build/nrf52840_xxaa/app_timer.c.o
 *fill*         0x00000000200001de        0x2 
 .bss.m_ticks_latest
                0x00000000200001e0        0x4 _build/nrf52840_xxaa/app_timer.c.o
 .bss.mp_timer_id_head
                0x00000000200001e4        0x4 _build/nrf52840_xxaa/app_timer.c.o
 .bss.m_event_handler
                0x00000000200001e8        0x4 _build/nrf52840_xxaa/app_uart_fifo.c.o
 .bss.m_rx_fifo
                0x00000000200001ec       0x10 _build/nrf52840_xxaa/app_uart_fifo.c.o
 .bss.m_rx_ovf  0x00000000200001fc        0x1 _build/nrf52840_xxaa/app_uart_fifo.c.o
 *fill*         0x00000000200001fd        0x3 
 .bss.m_tx_fifo
                0x0000000020000200       0x10 _build/nrf52840_xxaa/app_uart_fifo.c.o
 .bss.rx_buffer
                0x0000000020000210        0x1 _build/nrf52840_xxaa/app_uart_fifo.c.o
 *fill*         0x0000000020000211        0x3 
 .bss.tx_buffer
                0x0000000020000214        0x1 _build/nrf52840_xxaa/app_uart_fifo.c.o
 *fill*         0x0000000020000215        0x3 
 .bss._acDownBuffer
                0x0000000020000218       0x10 _build/nrf52840_xxaa/SEGGER_RTT.c.o
 .bss._acUpBuffer
                0x0000000020000228      0x200 _build/nrf52840_xxaa/SEGGER_RTT.c.o
 .bss.m_host_present
                0x0000000020000428        0x1 _build/nrf52840_xxaa/nrf_log_backend_rtt.c.o
 *fill*         0x0000000020000429        0x3 
 .bss.m_string_buff
                0x000000002000042c       0x40 _build/nrf52840_xxaa/nrf_log_backend_rtt.c.o
 .bss.m_contexts
                0x000000002000046c        0x8 _build/nrf52840_xxaa/nrf_drv_uart.c.o
 .bss.m_handlers
                0x0000000020000474        0x8 _build/nrf52840_xxaa/nrf_drv_uart.c.o
 .bss.m_clock_cb
                0x000000002000047c        0x8 _build/nrf52840_xxaa/nrfx_clock.c.o
 .bss.m_prs_box_4
                0x0000000020000484        0x8 _build/nrf52840_xxaa/nrfx_prs.c.o
 .bss.m_rng_hndl
                0x000000002000048c        0x4 _build/nrf52840_xxaa/nrfx_rng.c.o
 .bss.m_rng_state
                0x0000000020000490        0x1 _build/nrf52840_xxaa/nrfx_rng.c.o
 *fill*         0x0000000020000491        0x3 
 .bss.m_rand_pool_nrf_queue_buffer
                0x0000000020000494       0x41 _build/nrf52840_xxaa/nrf_drv_rng.c.o
 *fill*         0x00000000200004d5        0x3 
 .bss.m_rand_pool_nrf_queue_cb
                0x00000000200004d8        0xc _build/nrf52840_xxaa/nrf_drv_rng.c.o
 .bss.m_rng_cb  0x00000000200004e4        0x3 _build/nrf52840_xxaa/nrf_drv_rng.c.o
 *fill*         0x00000000200004e7        0x1 
 .bss.m_contexts
                0x00000000200004e8        0x8 _build/nrf52840_xxaa/nrf_drv_twi.c.o
 .bss.m_handlers
                0x00000000200004f0        0x8 _build/nrf52840_xxaa/nrf_drv_twi.c.o
 .bss.m_cb      0x00000000200004f8       0x3c _build/nrf52840_xxaa/nrfx_twi.c.o
 .bss.m_in_critical_region
                0x0000000020000534        0x4 _build/nrf52840_xxaa/app_util_platform.c.o
 .bss.log_mempool_nrf_balloc_cb
                0x0000000020000538        0x8 _build/nrf52840_xxaa/nrf_log_frontend.c.o
 .bss.log_mempool_nrf_balloc_pool_mem
                0x0000000020000540       0xc0 _build/nrf52840_xxaa/nrf_log_frontend.c.o
 .bss.log_mempool_nrf_balloc_pool_stack
                0x0000000020000600        0x8 _build/nrf52840_xxaa/nrf_log_frontend.c.o
 .bss.m_log_data
                0x0000000020000608      0x424 _build/nrf52840_xxaa/nrf_log_frontend.c.o
 .bss.m_log_push_ringbuf_buf
                0x0000000020000a2c       0x80 _build/nrf52840_xxaa/nrf_log_frontend.c.o
 .bss.m_log_push_ringbuf_cb
                0x0000000020000aac       0x18 _build/nrf52840_xxaa/nrf_log_frontend.c.o
 .bss.m_clock_cb
                0x0000000020000ac4       0x14 _build/nrf52840_xxaa/nrf_drv_clock.c.o
 .bss.m_queue_end_index
                0x0000000020000ad8        0x1 _build/nrf52840_xxaa/app_scheduler.c.o
 *fill*         0x0000000020000ad9        0x3 
 .bss.m_queue_event_data
                0x0000000020000adc        0x4 _build/nrf52840_xxaa/app_scheduler.c.o
 .bss.m_queue_event_headers
                0x0000000020000ae0        0x4 _build/nrf52840_xxaa/app_scheduler.c.o
 .bss.m_queue_event_size
                0x0000000020000ae4        0x2 _build/nrf52840_xxaa/app_scheduler.c.o
 .bss.m_queue_size
                0x0000000020000ae6        0x2 _build/nrf52840_xxaa/app_scheduler.c.o
 .bss.m_queue_start_index
                0x0000000020000ae8        0x1 _build/nrf52840_xxaa/app_scheduler.c.o
 *fill*         0x0000000020000ae9        0x3 
 .bss.m_handlers_iter
                0x0000000020000aec        0x8 _build/nrf52840_xxaa/nrf_pwr_mgmt.c.o
 .bss.m_shutdown_started
                0x0000000020000af4        0x1 _build/nrf52840_xxaa/nrf_pwr_mgmt.c.o
 *fill*         0x0000000020000af5        0x3 
 .bss.m_sysoff_mtx
                0x0000000020000af8        0x4 _build/nrf52840_xxaa/nrf_pwr_mgmt.c.o
 *fill*         0x0000000020000afc        0x4 
 .bss.m_cb      0x0000000020000b00       0x24 _build/nrf52840_xxaa/nrfx_uarte.c.o
 .bss.m_cb      0x0000000020000b24       0x2c _build/nrf52840_xxaa/nrfx_uart.c.o
 .bss.clock     0x0000000020000b50        0x4 _build/nrf52840_xxaa/clockapi.c.o
 .bss.second_tick_id_data
                0x0000000020000b54       0x20 _build/nrf52840_xxaa/clockapi.c.o
 .bss.twi_mode  0x0000000020000b74        0x1 _build/nrf52840_xxaa/clockapi.c.o
 *fill*         0x0000000020000b75        0x3 
 .bss.APP_SCHED_BUF.10365
                0x0000000020000b78       0xb0 _build/nrf52840_xxaa/setclock.c.o
 .bss.blink_timer_id_data
                0x0000000020000c28       0x20 _build/nrf52840_xxaa/setclock.c.o
 .bss.gen_timer_id_data
                0x0000000020000c48       0x20 _build/nrf52840_xxaa/setclock.c.o
 .bss.rx_buf.10358
                0x0000000020000c68      0x100 _build/nrf52840_xxaa/setclock.c.o
 .bss.tx_buf.10359
                0x0000000020000d68      0x100 _build/nrf52840_xxaa/setclock.c.o
 *(COMMON)
 COMMON         0x0000000020000e68       0x78 _build/nrf52840_xxaa/SEGGER_RTT.c.o
                0x0000000020000e68                _SEGGER_RTT
 COMMON         0x0000000020000ee0        0x2 _build/nrf52840_xxaa/nrf_drv_uart.c.o
                0x0000000020000ee0                nrf_drv_uart_use_easy_dma
 *fill*         0x0000000020000ee2        0x2 
 COMMON         0x0000000020000ee4       0x18 _build/nrf52840_xxaa/clockapi.c.o
                0x0000000020000ee4                clock_buffer
                0x0000000020000ee8                ds3231clock
                0x0000000020000ef0                ds3231clock_raw
                0x0000000020000ef8                fresh_epoch_clock
 COMMON         0x0000000020000efc       0x19 _build/nrf52840_xxaa/setclock.c.o
                0x0000000020000efc                buflen
                0x0000000020000f00                err_code
                0x0000000020000f04                buffer
                0x0000000020000f10                newclock
                0x0000000020000f14                show
                0x0000000020000f18                . = ALIGN (0x4)
 *fill*         0x0000000020000f15        0x3 
                0x0000000020000f18                __bss_end__ = .

.heap           0x0000000020000f18     0x2000
                0x0000000020000f18                __HeapBase = .
                0x0000000020000f18                __end__ = .
                [!provide]                        PROVIDE (end = .)
 *(.heap*)
 .heap          0x0000000020000f18     0x2000 _build/nrf52840_xxaa/gcc_startup_nrf52840.S.o
                0x0000000020002f18                __HeapLimit = .

.stack_dummy    0x0000000020000f18     0x2000
 *(.stack*)
 .stack         0x0000000020000f18     0x2000 _build/nrf52840_xxaa/gcc_startup_nrf52840.S.o
                0x0000000020040000                __StackTop = (ORIGIN (RAM) + LENGTH (RAM))
                0x000000002003e000                __StackLimit = (__StackTop - SIZEOF (.stack_dummy))
                0x0000000020040000                PROVIDE (__stack = __StackTop)
                0x0000000000000001                ASSERT ((__StackLimit >= __HeapLimit), region RAM overflowed with stack)
                0x0000000000000088                DataInitFlashUsed = (__bss_start__ - __data_start__)
                0x000000000000659c                CodeFlashUsed = (__etext - ORIGIN (FLASH))
                0x0000000000006624                TotalFlashUsed = (CodeFlashUsed + DataInitFlashUsed)
                0x0000000000000001                ASSERT ((TotalFlashUsed <= LENGTH (FLASH)), region FLASH overflowed with .data and user data)
OUTPUT(_build/nrf52840_xxaa.out elf32-littlearm)

.ARM.attributes
                0x0000000000000000       0x30
 .ARM.attributes
                0x0000000000000000       0x1e /opt/gccarm/bin/../lib/gcc/arm-none-eabi/8.2.1/thumb/v7e-m+fp/hard/crti.o
 .ARM.attributes
                0x000000000000001e       0x34 /opt/gccarm/bin/../lib/gcc/arm-none-eabi/8.2.1/thumb/v7e-m+fp/hard/crtbegin.o
 .ARM.attributes
                0x0000000000000052       0x1c /opt/gccarm/bin/../lib/gcc/arm-none-eabi/8.2.1/../../../../arm-none-eabi/lib/thumb/v7e-m+fp/hard/crt0.o
 .ARM.attributes
                0x000000000000006e       0x20 _build/nrf52840_xxaa/gcc_startup_nrf52840.S.o
 .ARM.attributes
                0x000000000000008e       0x34 _build/nrf52840_xxaa/nrf_log_str_formatter.c.o
 .ARM.attributes
                0x00000000000000c2       0x34 _build/nrf52840_xxaa/app_error.c.o
 .ARM.attributes
                0x00000000000000f6       0x34 _build/nrf52840_xxaa/nrf_section_iter.c.o
 .ARM.attributes
                0x000000000000012a       0x34 _build/nrf52840_xxaa/app_timer.c.o
 .ARM.attributes
                0x000000000000015e       0x34 _build/nrf52840_xxaa/nrf_log_default_backends.c.o
 .ARM.attributes
                0x0000000000000192       0x34 _build/nrf52840_xxaa/app_uart_fifo.c.o
 .ARM.attributes
                0x00000000000001c6       0x34 _build/nrf52840_xxaa/nrf_fprintf_format.c.o
 .ARM.attributes
                0x00000000000001fa       0x34 _build/nrf52840_xxaa/boards.c.o
 .ARM.attributes
                0x000000000000022e       0x34 _build/nrf52840_xxaa/SEGGER_RTT.c.o
 .ARM.attributes
                0x0000000000000262       0x34 _build/nrf52840_xxaa/nrf_log_backend_rtt.c.o
 .ARM.attributes
                0x0000000000000296       0x34 _build/nrf52840_xxaa/nrf_memobj.c.o
 .ARM.attributes
                0x00000000000002ca       0x34 _build/nrf52840_xxaa/nrf_balloc.c.o
 .ARM.attributes
                0x00000000000002fe       0x34 _build/nrf52840_xxaa/nrf_drv_uart.c.o
 .ARM.attributes
                0x0000000000000332       0x34 _build/nrf52840_xxaa/nrf_log_backend_serial.c.o
 .ARM.attributes
                0x0000000000000366       0x34 _build/nrf52840_xxaa/nrf_atomic.c.o
 .ARM.attributes
                0x000000000000039a       0x34 _build/nrf52840_xxaa/nrfx_clock.c.o
 .ARM.attributes
                0x00000000000003ce       0x34 _build/nrf52840_xxaa/nrfx_prs.c.o
 .ARM.attributes
                0x0000000000000402       0x34 _build/nrf52840_xxaa/nrf_ringbuf.c.o
 .ARM.attributes
                0x0000000000000436       0x34 _build/nrf52840_xxaa/nrfx_rng.c.o
 .ARM.attributes
                0x000000000000046a       0x34 _build/nrf52840_xxaa/nrf_drv_rng.c.o
 .ARM.attributes
                0x000000000000049e       0x34 _build/nrf52840_xxaa/nrf_drv_twi.c.o
 .ARM.attributes
                0x00000000000004d2       0x34 _build/nrf52840_xxaa/nrf_fprintf.c.o
 .ARM.attributes
                0x0000000000000506       0x34 _build/nrf52840_xxaa/nrfx_twi.c.o
 .ARM.attributes
                0x000000000000053a       0x34 _build/nrf52840_xxaa/app_util_platform.c.o
 .ARM.attributes
                0x000000000000056e       0x34 _build/nrf52840_xxaa/nrf_strerror.c.o
 .ARM.attributes
                0x00000000000005a2       0x34 _build/nrf52840_xxaa/app_error_handler_gcc.c.o
 .ARM.attributes
                0x00000000000005d6       0x34 _build/nrf52840_xxaa/nrf_log_frontend.c.o
 .ARM.attributes
                0x000000000000060a       0x34 _build/nrf52840_xxaa/nrf_drv_clock.c.o
 .ARM.attributes
                0x000000000000063e       0x34 _build/nrf52840_xxaa/app_scheduler.c.o
 .ARM.attributes
                0x0000000000000672       0x34 _build/nrf52840_xxaa/nrf_pwr_mgmt.c.o
 .ARM.attributes
                0x00000000000006a6       0x34 _build/nrf52840_xxaa/app_fifo.c.o
 .ARM.attributes
                0x00000000000006da       0x34 _build/nrf52840_xxaa/nrfx_uarte.c.o
 .ARM.attributes
                0x000000000000070e       0x34 _build/nrf52840_xxaa/nrf_queue.c.o
 .ARM.attributes
                0x0000000000000742       0x34 _build/nrf52840_xxaa/nrfx_uart.c.o
 .ARM.attributes
                0x0000000000000776       0x34 _build/nrf52840_xxaa/system_nrf52840.c.o
 .ARM.attributes
                0x00000000000007aa       0x34 _build/nrf52840_xxaa/clockapi.c.o
 .ARM.attributes
                0x00000000000007de       0x34 _build/nrf52840_xxaa/app_error_weak.c.o
 .ARM.attributes
                0x0000000000000812       0x34 _build/nrf52840_xxaa/setclock.c.o
 .ARM.attributes
                0x0000000000000846       0x32 /opt/gccarm/bin/../lib/gcc/arm-none-eabi/8.2.1/../../../../arm-none-eabi/lib/thumb/v7e-m+fp/hard/libg_nano.a(lib_a-ctype_.o)
 .ARM.attributes
                0x0000000000000878       0x34 /opt/gccarm/bin/../lib/gcc/arm-none-eabi/8.2.1/../../../../arm-none-eabi/lib/thumb/v7e-m+fp/hard/libg_nano.a(lib_a-exit.o)
 .ARM.attributes
                0x00000000000008ac       0x32 /opt/gccarm/bin/../lib/gcc/arm-none-eabi/8.2.1/../../../../arm-none-eabi/lib/thumb/v7e-m+fp/hard/libg_nano.a(lib_a-impure.o)
 .ARM.attributes
                0x00000000000008de       0x34 /opt/gccarm/bin/../lib/gcc/arm-none-eabi/8.2.1/../../../../arm-none-eabi/lib/thumb/v7e-m+fp/hard/libg_nano.a(lib_a-init.o)
 .ARM.attributes
                0x0000000000000912       0x34 /opt/gccarm/bin/../lib/gcc/arm-none-eabi/8.2.1/../../../../arm-none-eabi/lib/thumb/v7e-m+fp/hard/libg_nano.a(lib_a-memcmp.o)
 .ARM.attributes
                0x0000000000000946       0x34 /opt/gccarm/bin/../lib/gcc/arm-none-eabi/8.2.1/../../../../arm-none-eabi/lib/thumb/v7e-m+fp/hard/libg_nano.a(lib_a-memcpy-stub.o)
 .ARM.attributes
                0x000000000000097a       0x34 /opt/gccarm/bin/../lib/gcc/arm-none-eabi/8.2.1/../../../../arm-none-eabi/lib/thumb/v7e-m+fp/hard/libg_nano.a(lib_a-memset.o)
 .ARM.attributes
                0x00000000000009ae       0x34 /opt/gccarm/bin/../lib/gcc/arm-none-eabi/8.2.1/../../../../arm-none-eabi/lib/thumb/v7e-m+fp/hard/libg_nano.a(lib_a-strcpy.o)
 .ARM.attributes
                0x00000000000009e2       0x17 /opt/gccarm/bin/../lib/gcc/arm-none-eabi/8.2.1/../../../../arm-none-eabi/lib/thumb/v7e-m+fp/hard/libg_nano.a(lib_a-strlen.o)
 .ARM.attributes
                0x00000000000009f9       0x32 /opt/gccarm/bin/../lib/gcc/arm-none-eabi/8.2.1/thumb/v7e-m+fp/hard/crtend.o
 .ARM.attributes
                0x0000000000000a2b       0x1e /opt/gccarm/bin/../lib/gcc/arm-none-eabi/8.2.1/thumb/v7e-m+fp/hard/crtn.o
 .ARM.attributes
                0x0000000000000a49       0x34 /opt/gccarm/bin/../lib/gcc/arm-none-eabi/8.2.1/../../../../arm-none-eabi/lib/thumb/v7e-m+fp/hard/libnosys.a(_exit.o)

.comment        0x0000000000000000       0x75
 .comment       0x0000000000000000       0x75 _build/nrf52840_xxaa/nrf_log_str_formatter.c.o
                                         0x76 (size before relaxing)
 .comment       0x0000000000000075       0x76 _build/nrf52840_xxaa/app_error.c.o
 .comment       0x0000000000000075       0x76 _build/nrf52840_xxaa/nrf_section_iter.c.o
 .comment       0x0000000000000075       0x76 _build/nrf52840_xxaa/app_timer.c.o
 .comment       0x0000000000000075       0x76 _build/nrf52840_xxaa/nrf_log_default_backends.c.o
 .comment       0x0000000000000075       0x76 _build/nrf52840_xxaa/app_uart_fifo.c.o
 .comment       0x0000000000000075       0x76 _build/nrf52840_xxaa/nrf_fprintf_format.c.o
 .comment       0x0000000000000075       0x76 _build/nrf52840_xxaa/boards.c.o
 .comment       0x0000000000000075       0x76 _build/nrf52840_xxaa/SEGGER_RTT.c.o
 .comment       0x0000000000000075       0x76 _build/nrf52840_xxaa/nrf_log_backend_rtt.c.o
 .comment       0x0000000000000075       0x76 _build/nrf52840_xxaa/nrf_memobj.c.o
 .comment       0x0000000000000075       0x76 _build/nrf52840_xxaa/nrf_balloc.c.o
 .comment       0x0000000000000075       0x76 _build/nrf52840_xxaa/nrf_drv_uart.c.o
 .comment       0x0000000000000075       0x76 _build/nrf52840_xxaa/nrf_log_backend_serial.c.o
 .comment       0x0000000000000075       0x76 _build/nrf52840_xxaa/nrf_atomic.c.o
 .comment       0x0000000000000075       0x76 _build/nrf52840_xxaa/nrfx_clock.c.o
 .comment       0x0000000000000075       0x76 _build/nrf52840_xxaa/nrfx_prs.c.o
 .comment       0x0000000000000075       0x76 _build/nrf52840_xxaa/nrf_ringbuf.c.o
 .comment       0x0000000000000075       0x76 _build/nrf52840_xxaa/nrfx_rng.c.o
 .comment       0x0000000000000075       0x76 _build/nrf52840_xxaa/nrf_drv_rng.c.o
 .comment       0x0000000000000075       0x76 _build/nrf52840_xxaa/nrf_drv_twi.c.o
 .comment       0x0000000000000075       0x76 _build/nrf52840_xxaa/nrf_fprintf.c.o
 .comment       0x0000000000000075       0x76 _build/nrf52840_xxaa/nrfx_twi.c.o
 .comment       0x0000000000000075       0x76 _build/nrf52840_xxaa/app_util_platform.c.o
 .comment       0x0000000000000075       0x76 _build/nrf52840_xxaa/nrf_strerror.c.o
 .comment       0x0000000000000075       0x76 _build/nrf52840_xxaa/app_error_handler_gcc.c.o
 .comment       0x0000000000000075       0x76 _build/nrf52840_xxaa/nrf_log_frontend.c.o
 .comment       0x0000000000000075       0x76 _build/nrf52840_xxaa/nrf_drv_clock.c.o
 .comment       0x0000000000000075       0x76 _build/nrf52840_xxaa/app_scheduler.c.o
 .comment       0x0000000000000075       0x76 _build/nrf52840_xxaa/nrf_pwr_mgmt.c.o
 .comment       0x0000000000000075       0x76 _build/nrf52840_xxaa/app_fifo.c.o
 .comment       0x0000000000000075       0x76 _build/nrf52840_xxaa/nrfx_uarte.c.o
 .comment       0x0000000000000075       0x76 _build/nrf52840_xxaa/nrf_queue.c.o
 .comment       0x0000000000000075       0x76 _build/nrf52840_xxaa/nrfx_uart.c.o
 .comment       0x0000000000000075       0x76 _build/nrf52840_xxaa/system_nrf52840.c.o
 .comment       0x0000000000000075       0x76 _build/nrf52840_xxaa/clockapi.c.o
 .comment       0x0000000000000075       0x76 _build/nrf52840_xxaa/app_error_weak.c.o
 .comment       0x0000000000000075       0x76 _build/nrf52840_xxaa/setclock.c.o

.debug_line     0x0000000000000000    0x220e3
 .debug_line    0x0000000000000000       0x9d _build/nrf52840_xxaa/gcc_startup_nrf52840.S.o
 .debug_line    0x000000000000009d      0x9c6 _build/nrf52840_xxaa/nrf_log_str_formatter.c.o
 .debug_line    0x0000000000000a63      0x55a _build/nrf52840_xxaa/app_error.c.o
 .debug_line    0x0000000000000fbd      0x55a _build/nrf52840_xxaa/nrf_section_iter.c.o
 .debug_line    0x0000000000001517     0x1797 _build/nrf52840_xxaa/app_timer.c.o
 .debug_line    0x0000000000002cae      0x787 _build/nrf52840_xxaa/nrf_log_default_backends.c.o
 .debug_line    0x0000000000003435      0xd28 _build/nrf52840_xxaa/app_uart_fifo.c.o
 .debug_line    0x000000000000415d      0xd39 _build/nrf52840_xxaa/nrf_fprintf_format.c.o
 .debug_line    0x0000000000004e96     0x1064 _build/nrf52840_xxaa/boards.c.o
 .debug_line    0x0000000000005efa     0x2a0a _build/nrf52840_xxaa/SEGGER_RTT.c.o
 .debug_line    0x0000000000008904      0xb6b _build/nrf52840_xxaa/nrf_log_backend_rtt.c.o
 .debug_line    0x000000000000946f      0xad6 _build/nrf52840_xxaa/nrf_memobj.c.o
 .debug_line    0x0000000000009f45      0x8d4 _build/nrf52840_xxaa/nrf_balloc.c.o
 .debug_line    0x000000000000a819      0x87c _build/nrf52840_xxaa/nrf_drv_uart.c.o
 .debug_line    0x000000000000b095      0x8bc _build/nrf52840_xxaa/nrf_log_backend_serial.c.o
 .debug_line    0x000000000000b951      0x7d2 _build/nrf52840_xxaa/nrf_atomic.c.o
 .debug_line    0x000000000000c123      0xf69 _build/nrf52840_xxaa/nrfx_clock.c.o
 .debug_line    0x000000000000d08c      0x997 _build/nrf52840_xxaa/nrfx_prs.c.o
 .debug_line    0x000000000000da23      0x9a3 _build/nrf52840_xxaa/nrf_ringbuf.c.o
 .debug_line    0x000000000000e3c6      0xc6f _build/nrf52840_xxaa/nrfx_rng.c.o
 .debug_line    0x000000000000f035      0xba0 _build/nrf52840_xxaa/nrf_drv_rng.c.o
 .debug_line    0x000000000000fbd5      0xc27 _build/nrf52840_xxaa/nrf_drv_twi.c.o
 .debug_line    0x00000000000107fc      0x544 _build/nrf52840_xxaa/nrf_fprintf.c.o
 .debug_line    0x0000000000010d40     0x24ce _build/nrf52840_xxaa/nrfx_twi.c.o
 .debug_line    0x000000000001320e      0x620 _build/nrf52840_xxaa/app_util_platform.c.o
 .debug_line    0x000000000001382e      0x639 _build/nrf52840_xxaa/nrf_strerror.c.o
 .debug_line    0x0000000000013e67      0x4dd _build/nrf52840_xxaa/app_error_handler_gcc.c.o
 .debug_line    0x0000000000014344     0x2b61 _build/nrf52840_xxaa/nrf_log_frontend.c.o
 .debug_line    0x0000000000016ea5      0xe1b _build/nrf52840_xxaa/nrf_drv_clock.c.o
 .debug_line    0x0000000000017cc0      0x827 _build/nrf52840_xxaa/app_scheduler.c.o
 .debug_line    0x00000000000184e7      0xe6e _build/nrf52840_xxaa/nrf_pwr_mgmt.c.o
 .debug_line    0x0000000000019355      0x882 _build/nrf52840_xxaa/app_fifo.c.o
 .debug_line    0x0000000000019bd7     0x1ca6 _build/nrf52840_xxaa/nrfx_uarte.c.o
 .debug_line    0x000000000001b87d     0x110e _build/nrf52840_xxaa/nrf_queue.c.o
 .debug_line    0x000000000001c98b     0x1f8a _build/nrf52840_xxaa/nrfx_uart.c.o
 .debug_line    0x000000000001e915      0x600 _build/nrf52840_xxaa/system_nrf52840.c.o
 .debug_line    0x000000000001ef15     0x1509 _build/nrf52840_xxaa/clockapi.c.o
 .debug_line    0x000000000002041e      0x812 _build/nrf52840_xxaa/app_error_weak.c.o
 .debug_line    0x0000000000020c30     0x14b3 _build/nrf52840_xxaa/setclock.c.o

.debug_info     0x0000000000000000    0x40433
 .debug_info    0x0000000000000000       0x26 _build/nrf52840_xxaa/gcc_startup_nrf52840.S.o
 .debug_info    0x0000000000000026     0x13d4 _build/nrf52840_xxaa/nrf_log_str_formatter.c.o
 .debug_info    0x00000000000013fa      0xbac _build/nrf52840_xxaa/app_error.c.o
 .debug_info    0x0000000000001fa6      0xac1 _build/nrf52840_xxaa/nrf_section_iter.c.o
 .debug_info    0x0000000000002a67     0x2b0c _build/nrf52840_xxaa/app_timer.c.o
 .debug_info    0x0000000000005573      0xd48 _build/nrf52840_xxaa/nrf_log_default_backends.c.o
 .debug_info    0x00000000000062bb     0x21c3 _build/nrf52840_xxaa/app_uart_fifo.c.o
 .debug_info    0x000000000000847e     0x142c _build/nrf52840_xxaa/nrf_fprintf_format.c.o
 .debug_info    0x00000000000098aa     0x1881 _build/nrf52840_xxaa/boards.c.o
 .debug_info    0x000000000000b12b     0x3a52 _build/nrf52840_xxaa/SEGGER_RTT.c.o
 .debug_info    0x000000000000eb7d     0x113d _build/nrf52840_xxaa/nrf_log_backend_rtt.c.o
 .debug_info    0x000000000000fcba     0x15c0 _build/nrf52840_xxaa/nrf_memobj.c.o
 .debug_info    0x000000000001127a      0xe40 _build/nrf52840_xxaa/nrf_balloc.c.o
 .debug_info    0x00000000000120ba     0x1ad6 _build/nrf52840_xxaa/nrf_drv_uart.c.o
 .debug_info    0x0000000000013b90     0x11fe _build/nrf52840_xxaa/nrf_log_backend_serial.c.o
 .debug_info    0x0000000000014d8e     0x1434 _build/nrf52840_xxaa/nrf_atomic.c.o
 .debug_info    0x00000000000161c2     0x1c5f _build/nrf52840_xxaa/nrfx_clock.c.o
 .debug_info    0x0000000000017e21     0x11a6 _build/nrf52840_xxaa/nrfx_prs.c.o
 .debug_info    0x0000000000018fc7      0xf48 _build/nrf52840_xxaa/nrf_ringbuf.c.o
 .debug_info    0x0000000000019f0f     0x164c _build/nrf52840_xxaa/nrfx_rng.c.o
 .debug_info    0x000000000001b55b     0x1096 _build/nrf52840_xxaa/nrf_drv_rng.c.o
 .debug_info    0x000000000001c5f1     0x2098 _build/nrf52840_xxaa/nrf_drv_twi.c.o
 .debug_info    0x000000000001e689      0xb51 _build/nrf52840_xxaa/nrf_fprintf.c.o
 .debug_info    0x000000000001f1da     0x4aa5 _build/nrf52840_xxaa/nrfx_twi.c.o
 .debug_info    0x0000000000023c7f     0x10f7 _build/nrf52840_xxaa/app_util_platform.c.o
 .debug_info    0x0000000000024d76      0xb72 _build/nrf52840_xxaa/nrf_strerror.c.o
 .debug_info    0x00000000000258e8      0xa0e _build/nrf52840_xxaa/app_error_handler_gcc.c.o
 .debug_info    0x00000000000262f6     0x4a8f _build/nrf52840_xxaa/nrf_log_frontend.c.o
 .debug_info    0x000000000002ad85     0x1762 _build/nrf52840_xxaa/nrf_drv_clock.c.o
 .debug_info    0x000000000002c4e7      0xe2a _build/nrf52840_xxaa/app_scheduler.c.o
 .debug_info    0x000000000002d311     0x1c75 _build/nrf52840_xxaa/nrf_pwr_mgmt.c.o
 .debug_info    0x000000000002ef86      0xfd7 _build/nrf52840_xxaa/app_fifo.c.o
 .debug_info    0x000000000002ff5d     0x3f27 _build/nrf52840_xxaa/nrfx_uarte.c.o
 .debug_info    0x0000000000033e84     0x1d01 _build/nrf52840_xxaa/nrf_queue.c.o
 .debug_info    0x0000000000035b85     0x4319 _build/nrf52840_xxaa/nrfx_uart.c.o
 .debug_info    0x0000000000039e9e     0x14ee _build/nrf52840_xxaa/system_nrf52840.c.o
 .debug_info    0x000000000003b38c     0x263a _build/nrf52840_xxaa/clockapi.c.o
 .debug_info    0x000000000003d9c6      0xf19 _build/nrf52840_xxaa/app_error_weak.c.o
 .debug_info    0x000000000003e8df     0x1b54 _build/nrf52840_xxaa/setclock.c.o

.debug_abbrev   0x0000000000000000     0x8e70
 .debug_abbrev  0x0000000000000000       0x14 _build/nrf52840_xxaa/gcc_startup_nrf52840.S.o
 .debug_abbrev  0x0000000000000014      0x320 _build/nrf52840_xxaa/nrf_log_str_formatter.c.o
 .debug_abbrev  0x0000000000000334      0x276 _build/nrf52840_xxaa/app_error.c.o
 .debug_abbrev  0x00000000000005aa      0x206 _build/nrf52840_xxaa/nrf_section_iter.c.o
 .debug_abbrev  0x00000000000007b0      0x546 _build/nrf52840_xxaa/app_timer.c.o
 .debug_abbrev  0x0000000000000cf6      0x294 _build/nrf52840_xxaa/nrf_log_default_backends.c.o
 .debug_abbrev  0x0000000000000f8a      0x414 _build/nrf52840_xxaa/app_uart_fifo.c.o
 .debug_abbrev  0x000000000000139e      0x3b8 _build/nrf52840_xxaa/nrf_fprintf_format.c.o
 .debug_abbrev  0x0000000000001756      0x44c _build/nrf52840_xxaa/boards.c.o
 .debug_abbrev  0x0000000000001ba2      0x3f3 _build/nrf52840_xxaa/SEGGER_RTT.c.o
 .debug_abbrev  0x0000000000001f95      0x382 _build/nrf52840_xxaa/nrf_log_backend_rtt.c.o
 .debug_abbrev  0x0000000000002317      0x39e _build/nrf52840_xxaa/nrf_memobj.c.o
 .debug_abbrev  0x00000000000026b5      0x343 _build/nrf52840_xxaa/nrf_balloc.c.o
 .debug_abbrev  0x00000000000029f8      0x2da _build/nrf52840_xxaa/nrf_drv_uart.c.o
 .debug_abbrev  0x0000000000002cd2      0x2bd _build/nrf52840_xxaa/nrf_log_backend_serial.c.o
 .debug_abbrev  0x0000000000002f8f      0x378 _build/nrf52840_xxaa/nrf_atomic.c.o
 .debug_abbrev  0x0000000000003307      0x52a _build/nrf52840_xxaa/nrfx_clock.c.o
 .debug_abbrev  0x0000000000003831      0x36f _build/nrf52840_xxaa/nrfx_prs.c.o
 .debug_abbrev  0x0000000000003ba0      0x2a1 _build/nrf52840_xxaa/nrf_ringbuf.c.o
 .debug_abbrev  0x0000000000003e41      0x3e7 _build/nrf52840_xxaa/nrfx_rng.c.o
 .debug_abbrev  0x0000000000004228      0x38f _build/nrf52840_xxaa/nrf_drv_rng.c.o
 .debug_abbrev  0x00000000000045b7      0x490 _build/nrf52840_xxaa/nrf_drv_twi.c.o
 .debug_abbrev  0x0000000000004a47      0x27d _build/nrf52840_xxaa/nrf_fprintf.c.o
 .debug_abbrev  0x0000000000004cc4      0x5c6 _build/nrf52840_xxaa/nrfx_twi.c.o
 .debug_abbrev  0x000000000000528a      0x388 _build/nrf52840_xxaa/app_util_platform.c.o
 .debug_abbrev  0x0000000000005612      0x29c _build/nrf52840_xxaa/nrf_strerror.c.o
 .debug_abbrev  0x00000000000058ae      0x1ed _build/nrf52840_xxaa/app_error_handler_gcc.c.o
 .debug_abbrev  0x0000000000005a9b      0x624 _build/nrf52840_xxaa/nrf_log_frontend.c.o
 .debug_abbrev  0x00000000000060bf      0x53e _build/nrf52840_xxaa/nrf_drv_clock.c.o
 .debug_abbrev  0x00000000000065fd      0x3c8 _build/nrf52840_xxaa/app_scheduler.c.o
 .debug_abbrev  0x00000000000069c5      0x49b _build/nrf52840_xxaa/nrf_pwr_mgmt.c.o
 .debug_abbrev  0x0000000000006e60      0x2da _build/nrf52840_xxaa/app_fifo.c.o
 .debug_abbrev  0x000000000000713a      0x558 _build/nrf52840_xxaa/nrfx_uarte.c.o
 .debug_abbrev  0x0000000000007692      0x46e _build/nrf52840_xxaa/nrf_queue.c.o
 .debug_abbrev  0x0000000000007b00      0x585 _build/nrf52840_xxaa/nrfx_uart.c.o
 .debug_abbrev  0x0000000000008085      0x22f _build/nrf52840_xxaa/system_nrf52840.c.o
 .debug_abbrev  0x00000000000082b4      0x510 _build/nrf52840_xxaa/clockapi.c.o
 .debug_abbrev  0x00000000000087c4      0x2c8 _build/nrf52840_xxaa/app_error_weak.c.o
 .debug_abbrev  0x0000000000008a8c      0x3e4 _build/nrf52840_xxaa/setclock.c.o

.debug_aranges  0x0000000000000000      0xc48
 .debug_aranges
                0x0000000000000000       0x20 _build/nrf52840_xxaa/gcc_startup_nrf52840.S.o
 .debug_aranges
                0x0000000000000020       0x38 _build/nrf52840_xxaa/nrf_log_str_formatter.c.o
 .debug_aranges
                0x0000000000000058       0x28 _build/nrf52840_xxaa/app_error.c.o
 .debug_aranges
                0x0000000000000080       0x28 _build/nrf52840_xxaa/nrf_section_iter.c.o
 .debug_aranges
                0x00000000000000a8       0x78 _build/nrf52840_xxaa/app_timer.c.o
 .debug_aranges
                0x0000000000000120       0x20 _build/nrf52840_xxaa/nrf_log_default_backends.c.o
 .debug_aranges
                0x0000000000000140       0x48 _build/nrf52840_xxaa/app_uart_fifo.c.o
 .debug_aranges
                0x0000000000000188       0x28 _build/nrf52840_xxaa/nrf_fprintf_format.c.o
 .debug_aranges
                0x00000000000001b0       0x78 _build/nrf52840_xxaa/boards.c.o
 .debug_aranges
                0x0000000000000228       0xe0 _build/nrf52840_xxaa/SEGGER_RTT.c.o
 .debug_aranges
                0x0000000000000308       0x38 _build/nrf52840_xxaa/nrf_log_backend_rtt.c.o
 .debug_aranges
                0x0000000000000340       0x50 _build/nrf52840_xxaa/nrf_memobj.c.o
 .debug_aranges
                0x0000000000000390       0x30 _build/nrf52840_xxaa/nrf_balloc.c.o
 .debug_aranges
                0x00000000000003c0       0x30 _build/nrf52840_xxaa/nrf_drv_uart.c.o
 .debug_aranges
                0x00000000000003f0       0x20 _build/nrf52840_xxaa/nrf_log_backend_serial.c.o
 .debug_aranges
                0x0000000000000410       0xb0 _build/nrf52840_xxaa/nrf_atomic.c.o
 .debug_aranges
                0x00000000000004c0       0x78 _build/nrf52840_xxaa/nrfx_clock.c.o
 .debug_aranges
                0x0000000000000538       0x30 _build/nrf52840_xxaa/nrfx_prs.c.o
 .debug_aranges
                0x0000000000000568       0x50 _build/nrf52840_xxaa/nrf_ringbuf.c.o
 .debug_aranges
                0x00000000000005b8       0x40 _build/nrf52840_xxaa/nrfx_rng.c.o
 .debug_aranges
                0x00000000000005f8       0x48 _build/nrf52840_xxaa/nrf_drv_rng.c.o
 .debug_aranges
                0x0000000000000640       0x28 _build/nrf52840_xxaa/nrf_drv_twi.c.o
 .debug_aranges
                0x0000000000000668       0x28 _build/nrf52840_xxaa/nrf_fprintf.c.o
 .debug_aranges
                0x0000000000000690       0x80 _build/nrf52840_xxaa/nrfx_twi.c.o
 .debug_aranges
                0x0000000000000710       0x48 _build/nrf52840_xxaa/app_util_platform.c.o
 .debug_aranges
                0x0000000000000758       0x28 _build/nrf52840_xxaa/nrf_strerror.c.o
 .debug_aranges
                0x0000000000000780       0x20 _build/nrf52840_xxaa/app_error_handler_gcc.c.o
 .debug_aranges
                0x00000000000007a0       0xb8 _build/nrf52840_xxaa/nrf_log_frontend.c.o
 .debug_aranges
                0x0000000000000858       0x80 _build/nrf52840_xxaa/nrf_drv_clock.c.o
 .debug_aranges
                0x00000000000008d8       0x38 _build/nrf52840_xxaa/app_scheduler.c.o
 .debug_aranges
                0x0000000000000910       0x38 _build/nrf52840_xxaa/nrf_pwr_mgmt.c.o
 .debug_aranges
                0x0000000000000948       0x50 _build/nrf52840_xxaa/app_fifo.c.o
 .debug_aranges
                0x0000000000000998       0x68 _build/nrf52840_xxaa/nrfx_uarte.c.o
 .debug_aranges
                0x0000000000000a00       0x90 _build/nrf52840_xxaa/nrf_queue.c.o
 .debug_aranges
                0x0000000000000a90       0x78 _build/nrf52840_xxaa/nrfx_uart.c.o
 .debug_aranges
                0x0000000000000b08       0x28 _build/nrf52840_xxaa/system_nrf52840.c.o
 .debug_aranges
                0x0000000000000b30       0x98 _build/nrf52840_xxaa/clockapi.c.o
 .debug_aranges
                0x0000000000000bc8       0x20 _build/nrf52840_xxaa/app_error_weak.c.o
 .debug_aranges
                0x0000000000000be8       0x60 _build/nrf52840_xxaa/setclock.c.o

.debug_str      0x0000000000000000    0x986b8
 .debug_str     0x0000000000000000       0x96 _build/nrf52840_xxaa/gcc_startup_nrf52840.S.o
 .debug_str     0x0000000000000096    0x854c4 _build/nrf52840_xxaa/nrf_log_str_formatter.c.o
                                      0x86a5b (size before relaxing)
 .debug_str     0x000000000008555a      0x12a _build/nrf52840_xxaa/app_error.c.o
                                      0x77f84 (size before relaxing)
 .debug_str     0x0000000000085684      0x26f _build/nrf52840_xxaa/nrf_section_iter.c.o
                                      0x8219d (size before relaxing)
 .debug_str     0x00000000000858f3     0x4cdd _build/nrf52840_xxaa/app_timer.c.o
                                      0x8796e (size before relaxing)
 .debug_str     0x000000000008a5d0      0x1da _build/nrf52840_xxaa/nrf_log_default_backends.c.o
                                      0x862e9 (size before relaxing)
 .debug_str     0x000000000008a7aa     0x16a2 _build/nrf52840_xxaa/app_uart_fifo.c.o
                                      0x87e56 (size before relaxing)
 .debug_str     0x000000000008be4c      0x24b _build/nrf52840_xxaa/nrf_fprintf_format.c.o
                                      0x820c3 (size before relaxing)
 .debug_str     0x000000000008c097     0x112c _build/nrf52840_xxaa/boards.c.o
                                      0x87283 (size before relaxing)
 .debug_str     0x000000000008d1c3      0xd2e _build/nrf52840_xxaa/SEGGER_RTT.c.o
                                      0x7b9b7 (size before relaxing)
 .debug_str     0x000000000008def1      0x13b _build/nrf52840_xxaa/nrf_log_backend_rtt.c.o
                                      0x8a854 (size before relaxing)
 .debug_str     0x000000000008e02c      0x30b _build/nrf52840_xxaa/nrf_memobj.c.o
                                      0x846a2 (size before relaxing)
 .debug_str     0x000000000008e337      0x881 _build/nrf52840_xxaa/nrf_balloc.c.o
                                      0x862de (size before relaxing)
 .debug_str     0x000000000008ebb8      0x495 _build/nrf52840_xxaa/nrf_drv_uart.c.o
                                      0x875a0 (size before relaxing)
 .debug_str     0x000000000008f04d      0x117 _build/nrf52840_xxaa/nrf_log_backend_serial.c.o
                                      0x86539 (size before relaxing)
 .debug_str     0x000000000008f164      0x717 _build/nrf52840_xxaa/nrf_atomic.c.o
                                      0x82375 (size before relaxing)
 .debug_str     0x000000000008f87b      0xcd0 _build/nrf52840_xxaa/nrfx_clock.c.o
                                      0x8a04e (size before relaxing)
 .debug_str     0x000000000009054b      0x355 _build/nrf52840_xxaa/nrfx_prs.c.o
                                      0x897c0 (size before relaxing)
 .debug_str     0x00000000000908a0      0x2a9 _build/nrf52840_xxaa/nrf_ringbuf.c.o
                                      0x82d94 (size before relaxing)
 .debug_str     0x0000000000090b49      0x3e1 _build/nrf52840_xxaa/nrfx_rng.c.o
                                      0x89a65 (size before relaxing)
 .debug_str     0x0000000000090f2a     0x175a _build/nrf52840_xxaa/nrf_drv_rng.c.o
                                      0x8a84e (size before relaxing)
 .debug_str     0x0000000000092684     0x18d5 _build/nrf52840_xxaa/nrf_drv_twi.c.o
                                      0x87dfe (size before relaxing)
 .debug_str     0x0000000000093f59       0x45 _build/nrf52840_xxaa/nrf_fprintf.c.o
                                      0x81fce (size before relaxing)
 .debug_str     0x0000000000093f9e      0xa4e _build/nrf52840_xxaa/nrfx_twi.c.o
                                      0x8ad70 (size before relaxing)
 .debug_str     0x00000000000949ec      0x136 _build/nrf52840_xxaa/app_util_platform.c.o
                                      0x787bb (size before relaxing)
 .debug_str     0x0000000000094b22      0x101 _build/nrf52840_xxaa/nrf_strerror.c.o
                                      0x81d3a (size before relaxing)
 .debug_str     0x0000000000094c23       0x58 _build/nrf52840_xxaa/app_error_handler_gcc.c.o
                                      0x82783 (size before relaxing)
 .debug_str     0x0000000000094c7b      0x8cc _build/nrf52840_xxaa/nrf_log_frontend.c.o
                                      0x8779b (size before relaxing)
 .debug_str     0x0000000000095547      0x470 _build/nrf52840_xxaa/nrf_drv_clock.c.o
                                      0x899eb (size before relaxing)
 .debug_str     0x00000000000959b7      0x233 _build/nrf52840_xxaa/app_scheduler.c.o
                                      0x82f50 (size before relaxing)
 .debug_str     0x0000000000095bea      0xd43 _build/nrf52840_xxaa/nrf_pwr_mgmt.c.o
                                      0x8b7d3 (size before relaxing)
 .debug_str     0x000000000009692d       0xf1 _build/nrf52840_xxaa/app_fifo.c.o
                                      0x81e6b (size before relaxing)
 .debug_str     0x0000000000096a1e      0xa3e _build/nrf52840_xxaa/nrfx_uarte.c.o
                                      0x8ae48 (size before relaxing)
 .debug_str     0x000000000009745c      0x1c6 _build/nrf52840_xxaa/nrf_queue.c.o
                                      0x86b6b (size before relaxing)
 .debug_str     0x0000000000097622      0x5a0 _build/nrf52840_xxaa/nrfx_uart.c.o
                                      0x8a9a8 (size before relaxing)
 .debug_str     0x0000000000097bc2      0x360 _build/nrf52840_xxaa/system_nrf52840.c.o
                                      0x73c17 (size before relaxing)
 .debug_str     0x0000000000097f22      0x5f8 _build/nrf52840_xxaa/clockapi.c.o
                                      0x8d435 (size before relaxing)
 .debug_str     0x000000000009851a       0x3f _build/nrf52840_xxaa/app_error_weak.c.o
                                      0x869ac (size before relaxing)
 .debug_str     0x0000000000098559      0x15f _build/nrf52840_xxaa/setclock.c.o
                                      0x8c80b (size before relaxing)

.debug_loc      0x0000000000000000    0x1d5c7
 .debug_loc     0x0000000000000000      0x486 _build/nrf52840_xxaa/nrf_log_str_formatter.c.o
 .debug_loc     0x0000000000000486       0xc9 _build/nrf52840_xxaa/app_error.c.o
 .debug_loc     0x000000000000054f     0x15be _build/nrf52840_xxaa/app_timer.c.o
 .debug_loc     0x0000000000001b0d       0x17 _build/nrf52840_xxaa/nrf_log_default_backends.c.o
 .debug_loc     0x0000000000001b24      0x902 _build/nrf52840_xxaa/app_uart_fifo.c.o
 .debug_loc     0x0000000000002426     0x111e _build/nrf52840_xxaa/nrf_fprintf_format.c.o
 .debug_loc     0x0000000000003544      0xfd2 _build/nrf52840_xxaa/boards.c.o
 .debug_loc     0x0000000000004516     0x59f4 _build/nrf52840_xxaa/SEGGER_RTT.c.o
 .debug_loc     0x0000000000009f0a      0x220 _build/nrf52840_xxaa/nrf_log_backend_rtt.c.o
 .debug_loc     0x000000000000a12a      0xebd _build/nrf52840_xxaa/nrf_memobj.c.o
 .debug_loc     0x000000000000afe7      0x285 _build/nrf52840_xxaa/nrf_balloc.c.o
 .debug_loc     0x000000000000b26c      0x1e6 _build/nrf52840_xxaa/nrf_drv_uart.c.o
 .debug_loc     0x000000000000b452      0x1a3 _build/nrf52840_xxaa/nrf_log_backend_serial.c.o
 .debug_loc     0x000000000000b5f5      0x5c9 _build/nrf52840_xxaa/nrf_atomic.c.o
 .debug_loc     0x000000000000bbbe      0x29a _build/nrf52840_xxaa/nrfx_clock.c.o
 .debug_loc     0x000000000000be58      0x11e _build/nrf52840_xxaa/nrfx_prs.c.o
 .debug_loc     0x000000000000bf76      0x6d4 _build/nrf52840_xxaa/nrf_ringbuf.c.o
 .debug_loc     0x000000000000c64a      0x23b _build/nrf52840_xxaa/nrfx_rng.c.o
 .debug_loc     0x000000000000c885      0x2a2 _build/nrf52840_xxaa/nrf_drv_rng.c.o
 .debug_loc     0x000000000000cb27      0x736 _build/nrf52840_xxaa/nrf_drv_twi.c.o
 .debug_loc     0x000000000000d25d       0x54 _build/nrf52840_xxaa/nrf_fprintf.c.o
 .debug_loc     0x000000000000d2b1     0x33f8 _build/nrf52840_xxaa/nrfx_twi.c.o
 .debug_loc     0x00000000000106a9      0x11a _build/nrf52840_xxaa/app_util_platform.c.o
 .debug_loc     0x00000000000107c3      0x402 _build/nrf52840_xxaa/nrf_strerror.c.o
 .debug_loc     0x0000000000010bc5       0x6f _build/nrf52840_xxaa/app_error_handler_gcc.c.o
 .debug_loc     0x0000000000010c34     0x5769 _build/nrf52840_xxaa/nrf_log_frontend.c.o
 .debug_loc     0x000000000001639d      0x36e _build/nrf52840_xxaa/nrf_drv_clock.c.o
 .debug_loc     0x000000000001670b      0x325 _build/nrf52840_xxaa/app_scheduler.c.o
 .debug_loc     0x0000000000016a30      0x106 _build/nrf52840_xxaa/nrf_pwr_mgmt.c.o
 .debug_loc     0x0000000000016b36      0x783 _build/nrf52840_xxaa/app_fifo.c.o
 .debug_loc     0x00000000000172b9     0x1d27 _build/nrf52840_xxaa/nrfx_uarte.c.o
 .debug_loc     0x0000000000018fe0     0x10d9 _build/nrf52840_xxaa/nrf_queue.c.o
 .debug_loc     0x000000000001a0b9     0x2120 _build/nrf52840_xxaa/nrfx_uart.c.o
 .debug_loc     0x000000000001c1d9      0xabb _build/nrf52840_xxaa/clockapi.c.o
 .debug_loc     0x000000000001cc94      0x10e _build/nrf52840_xxaa/app_error_weak.c.o
 .debug_loc     0x000000000001cda2      0x825 _build/nrf52840_xxaa/setclock.c.o

.debug_ranges   0x0000000000000000     0x5618
 .debug_ranges  0x0000000000000000       0xa8 _build/nrf52840_xxaa/nrf_log_str_formatter.c.o
 .debug_ranges  0x00000000000000a8       0x18 _build/nrf52840_xxaa/app_error.c.o
 .debug_ranges  0x00000000000000c0       0x18 _build/nrf52840_xxaa/nrf_section_iter.c.o
 .debug_ranges  0x00000000000000d8      0x6f8 _build/nrf52840_xxaa/app_timer.c.o
 .debug_ranges  0x00000000000007d0       0x10 _build/nrf52840_xxaa/nrf_log_default_backends.c.o
 .debug_ranges  0x00000000000007e0      0x140 _build/nrf52840_xxaa/app_uart_fifo.c.o
 .debug_ranges  0x0000000000000920      0x270 _build/nrf52840_xxaa/nrf_fprintf_format.c.o
 .debug_ranges  0x0000000000000b90      0xa78 _build/nrf52840_xxaa/boards.c.o
 .debug_ranges  0x0000000000001608      0x608 _build/nrf52840_xxaa/SEGGER_RTT.c.o
 .debug_ranges  0x0000000000001c10       0x70 _build/nrf52840_xxaa/nrf_log_backend_rtt.c.o
 .debug_ranges  0x0000000000001c80       0xb8 _build/nrf52840_xxaa/nrf_memobj.c.o
 .debug_ranges  0x0000000000001d38       0x40 _build/nrf52840_xxaa/nrf_balloc.c.o
 .debug_ranges  0x0000000000001d78       0x20 _build/nrf52840_xxaa/nrf_drv_uart.c.o
 .debug_ranges  0x0000000000001d98       0x28 _build/nrf52840_xxaa/nrf_log_backend_serial.c.o
 .debug_ranges  0x0000000000001dc0       0xd8 _build/nrf52840_xxaa/nrf_atomic.c.o
 .debug_ranges  0x0000000000001e98      0x2a0 _build/nrf52840_xxaa/nrfx_clock.c.o
 .debug_ranges  0x0000000000002138       0x50 _build/nrf52840_xxaa/nrfx_prs.c.o
 .debug_ranges  0x0000000000002188       0x40 _build/nrf52840_xxaa/nrf_ringbuf.c.o
 .debug_ranges  0x00000000000021c8      0x1f0 _build/nrf52840_xxaa/nrfx_rng.c.o
 .debug_ranges  0x00000000000023b8       0x68 _build/nrf52840_xxaa/nrf_drv_rng.c.o
 .debug_ranges  0x0000000000002420      0x1e8 _build/nrf52840_xxaa/nrf_drv_twi.c.o
 .debug_ranges  0x0000000000002608       0x18 _build/nrf52840_xxaa/nrf_fprintf.c.o
 .debug_ranges  0x0000000000002620      0x7e8 _build/nrf52840_xxaa/nrfx_twi.c.o
 .debug_ranges  0x0000000000002e08       0x50 _build/nrf52840_xxaa/app_util_platform.c.o
 .debug_ranges  0x0000000000002e58       0xb0 _build/nrf52840_xxaa/nrf_strerror.c.o
 .debug_ranges  0x0000000000002f08       0x10 _build/nrf52840_xxaa/app_error_handler_gcc.c.o
 .debug_ranges  0x0000000000002f18      0xca0 _build/nrf52840_xxaa/nrf_log_frontend.c.o
 .debug_ranges  0x0000000000003bb8      0x160 _build/nrf52840_xxaa/nrf_drv_clock.c.o
 .debug_ranges  0x0000000000003d18       0xd8 _build/nrf52840_xxaa/app_scheduler.c.o
 .debug_ranges  0x0000000000003df0       0xd8 _build/nrf52840_xxaa/nrf_pwr_mgmt.c.o
 .debug_ranges  0x0000000000003ec8      0x160 _build/nrf52840_xxaa/app_fifo.c.o
 .debug_ranges  0x0000000000004028      0x6d0 _build/nrf52840_xxaa/nrfx_uarte.c.o
 .debug_ranges  0x00000000000046f8      0x2e8 _build/nrf52840_xxaa/nrf_queue.c.o
 .debug_ranges  0x00000000000049e0      0x7e0 _build/nrf52840_xxaa/nrfx_uart.c.o
 .debug_ranges  0x00000000000051c0       0x40 _build/nrf52840_xxaa/system_nrf52840.c.o
 .debug_ranges  0x0000000000005200      0x218 _build/nrf52840_xxaa/clockapi.c.o
 .debug_ranges  0x0000000000005418       0x28 _build/nrf52840_xxaa/app_error_weak.c.o
 .debug_ranges  0x0000000000005440      0x1d8 _build/nrf52840_xxaa/setclock.c.o

.debug_macro    0x0000000000000000     0x901f
 .debug_macro   0x0000000000000000      0x3b3 _build/nrf52840_xxaa/nrf_log_str_formatter.c.o
 .debug_macro   0x00000000000003b3       0x10 _build/nrf52840_xxaa/nrf_log_str_formatter.c.o
 .debug_macro   0x00000000000003c3       0x32 _build/nrf52840_xxaa/nrf_log_str_formatter.c.o
 .debug_macro   0x00000000000003f5       0x22 _build/nrf52840_xxaa/nrf_log_str_formatter.c.o
 .debug_macro   0x0000000000000417       0x4e _build/nrf52840_xxaa/nrf_log_str_formatter.c.o
 .debug_macro   0x0000000000000465       0x2e _build/nrf52840_xxaa/nrf_log_str_formatter.c.o
 .debug_macro   0x0000000000000493       0x16 _build/nrf52840_xxaa/nrf_log_str_formatter.c.o
 .debug_macro   0x00000000000004a9       0x22 _build/nrf52840_xxaa/nrf_log_str_formatter.c.o
 .debug_macro   0x00000000000004cb       0x1c _build/nrf52840_xxaa/nrf_log_str_formatter.c.o
 .debug_macro   0x00000000000004e7       0x31 _build/nrf52840_xxaa/nrf_log_str_formatter.c.o
 .debug_macro   0x0000000000000518       0x55 _build/nrf52840_xxaa/nrf_log_str_formatter.c.o
 .debug_macro   0x000000000000056d       0x98 _build/nrf52840_xxaa/nrf_log_str_formatter.c.o
 .debug_macro   0x0000000000000605       0x10 _build/nrf52840_xxaa/nrf_log_str_formatter.c.o
 .debug_macro   0x0000000000000615       0x1d _build/nrf52840_xxaa/nrf_log_str_formatter.c.o
 .debug_macro   0x0000000000000632       0x1c _build/nrf52840_xxaa/nrf_log_str_formatter.c.o
 .debug_macro   0x000000000000064e      0x185 _build/nrf52840_xxaa/nrf_log_str_formatter.c.o
 .debug_macro   0x00000000000007d3       0xa2 _build/nrf52840_xxaa/nrf_log_str_formatter.c.o